Component: ARM Compiler 5.06 update 7 (build 960) Tool: armlink [4d3601]

==============================================================================

Section Cross References

    startup_stm32f10x_md.o(STACK) refers (Special) to heapauxi.o(.text) for __use_two_region_memory
    startup_stm32f10x_md.o(HEAP) refers (Special) to heapauxi.o(.text) for __use_two_region_memory
    startup_stm32f10x_md.o(RESET) refers (Special) to heapauxi.o(.text) for __use_two_region_memory
    startup_stm32f10x_md.o(RESET) refers to startup_stm32f10x_md.o(STACK) for __initial_sp
    startup_stm32f10x_md.o(RESET) refers to startup_stm32f10x_md.o(.text) for Reset_Handler
    startup_stm32f10x_md.o(RESET) refers to stm32f10x_it.o(i.NMI_Handler) for NMI_Handler
    startup_stm32f10x_md.o(RESET) refers to stm32f10x_it.o(i.HardFault_Handler) for HardFault_Handler
    startup_stm32f10x_md.o(RESET) refers to stm32f10x_it.o(i.MemManage_Handler) for MemManage_Handler
    startup_stm32f10x_md.o(RESET) refers to stm32f10x_it.o(i.BusFault_Handler) for BusFault_Handler
    startup_stm32f10x_md.o(RESET) refers to stm32f10x_it.o(i.UsageFault_Handler) for UsageFault_Handler
    startup_stm32f10x_md.o(RESET) refers to stm32f10x_it.o(i.SVC_Handler) for SVC_Handler
    startup_stm32f10x_md.o(RESET) refers to stm32f10x_it.o(i.DebugMon_Handler) for DebugMon_Handler
    startup_stm32f10x_md.o(RESET) refers to stm32f10x_it.o(i.PendSV_Handler) for PendSV_Handler
    startup_stm32f10x_md.o(RESET) refers to stm32f10x_it.o(i.SysTick_Handler) for SysTick_Handler
    startup_stm32f10x_md.o(RESET) refers to main.o(i.TIM2_IRQHandler) for TIM2_IRQHandler
    startup_stm32f10x_md.o(RESET) refers to usart.o(i.USART1_IRQHandler) for USART1_IRQHandler
    startup_stm32f10x_md.o(.text) refers (Special) to heapauxi.o(.text) for __use_two_region_memory
    startup_stm32f10x_md.o(.text) refers to system_stm32f10x.o(i.SystemInit) for SystemInit
    startup_stm32f10x_md.o(.text) refers to __main.o(!!!main) for __main
    startup_stm32f10x_md.o(.text) refers to startup_stm32f10x_md.o(HEAP) for Heap_Mem
    startup_stm32f10x_md.o(.text) refers to startup_stm32f10x_md.o(STACK) for Stack_Mem
    system_stm32f10x.o(i.SystemCoreClockUpdate) refers to system_stm32f10x.o(.data) for .data
    system_stm32f10x.o(i.SystemInit) refers to system_stm32f10x.o(i.SetSysClockTo72) for SetSysClockTo72
    stm32f10x_adc.o(i.ADC_DeInit) refers to stm32f10x_rcc.o(i.RCC_APB2PeriphResetCmd) for RCC_APB2PeriphResetCmd
    stm32f10x_bkp.o(i.BKP_DeInit) refers to stm32f10x_rcc.o(i.RCC_BackupResetCmd) for RCC_BackupResetCmd
    stm32f10x_can.o(i.CAN_DeInit) refers to stm32f10x_rcc.o(i.RCC_APB1PeriphResetCmd) for RCC_APB1PeriphResetCmd
    stm32f10x_can.o(i.CAN_GetITStatus) refers to stm32f10x_can.o(i.CheckITStatus) for CheckITStatus
    stm32f10x_cec.o(i.CEC_DeInit) refers to stm32f10x_rcc.o(i.RCC_APB1PeriphResetCmd) for RCC_APB1PeriphResetCmd
    stm32f10x_dac.o(i.DAC_DeInit) refers to stm32f10x_rcc.o(i.RCC_APB1PeriphResetCmd) for RCC_APB1PeriphResetCmd
    stm32f10x_flash.o(i.FLASH_EnableWriteProtection) refers to stm32f10x_flash.o(i.FLASH_WaitForLastOperation) for FLASH_WaitForLastOperation
    stm32f10x_flash.o(i.FLASH_EraseAllBank1Pages) refers to stm32f10x_flash.o(i.FLASH_WaitForLastBank1Operation) for FLASH_WaitForLastBank1Operation
    stm32f10x_flash.o(i.FLASH_EraseAllPages) refers to stm32f10x_flash.o(i.FLASH_WaitForLastOperation) for FLASH_WaitForLastOperation
    stm32f10x_flash.o(i.FLASH_EraseOptionBytes) refers to stm32f10x_flash.o(i.FLASH_GetReadOutProtectionStatus) for FLASH_GetReadOutProtectionStatus
    stm32f10x_flash.o(i.FLASH_EraseOptionBytes) refers to stm32f10x_flash.o(i.FLASH_WaitForLastOperation) for FLASH_WaitForLastOperation
    stm32f10x_flash.o(i.FLASH_ErasePage) refers to stm32f10x_flash.o(i.FLASH_WaitForLastOperation) for FLASH_WaitForLastOperation
    stm32f10x_flash.o(i.FLASH_ProgramHalfWord) refers to stm32f10x_flash.o(i.FLASH_WaitForLastOperation) for FLASH_WaitForLastOperation
    stm32f10x_flash.o(i.FLASH_ProgramOptionByteData) refers to stm32f10x_flash.o(i.FLASH_WaitForLastOperation) for FLASH_WaitForLastOperation
    stm32f10x_flash.o(i.FLASH_ProgramWord) refers to stm32f10x_flash.o(i.FLASH_WaitForLastOperation) for FLASH_WaitForLastOperation
    stm32f10x_flash.o(i.FLASH_ReadOutProtection) refers to stm32f10x_flash.o(i.FLASH_WaitForLastOperation) for FLASH_WaitForLastOperation
    stm32f10x_flash.o(i.FLASH_UserOptionByteConfig) refers to stm32f10x_flash.o(i.FLASH_WaitForLastOperation) for FLASH_WaitForLastOperation
    stm32f10x_flash.o(i.FLASH_WaitForLastBank1Operation) refers to stm32f10x_flash.o(i.FLASH_GetBank1Status) for FLASH_GetBank1Status
    stm32f10x_flash.o(i.FLASH_WaitForLastOperation) refers to stm32f10x_flash.o(i.FLASH_GetBank1Status) for FLASH_GetBank1Status
    stm32f10x_gpio.o(i.GPIO_AFIODeInit) refers to stm32f10x_rcc.o(i.RCC_APB2PeriphResetCmd) for RCC_APB2PeriphResetCmd
[...]
    i.GPIO_PinRemapConfig                    0x08000660   Section        0  stm32f10x_gpio.o(i.GPIO_PinRemapConfig)
    i.GPIO_ReadInputDataBit                  0x080006b8   Section        0  stm32f10x_gpio.o(i.GPIO_ReadInputDataBit)
    i.GPIO_ResetBits                         0x080006c6   Section        0  stm32f10x_gpio.o(i.GPIO_ResetBits)
    i.GPIO_SetBits                           0x080006ca   Section        0  stm32f10x_gpio.o(i.GPIO_SetBits)
    i.HardFault_Handler                      0x080006ce   Section        0  stm32f10x_it.o(i.HardFault_Handler)
    i.I2C_CheckEvent                         0x080006d0   Section        0  stm32f10x_i2c.o(i.I2C_CheckEvent)
    i.I2C_Cmd                                0x080006e8   Section        0  stm32f10x_i2c.o(i.I2C_Cmd)
    i.I2C_GenerateSTART                      0x080006fc   Section        0  stm32f10x_i2c.o(i.I2C_GenerateSTART)
    i.I2C_GenerateSTOP                       0x08000710   Section        0  stm32f10x_i2c.o(i.I2C_GenerateSTOP)
    i.I2C_Init                               0x08000724   Section        0  stm32f10x_i2c.o(i.I2C_Init)
    i.I2C_Send7bitAddress                    0x080007e0   Section        0  stm32f10x_i2c.o(i.I2C_Send7bitAddress)
    i.I2C_SendData                           0x080007f0   Section        0  stm32f10x_i2c.o(i.I2C_SendData)
    i.Key_GetNum                             0x080007f4   Section        0  mykey.o(i.Key_GetNum)
    i.Key_GetState                           0x08000808   Section        0  mykey.o(i.Key_GetState)
    i.Key_Tick                               0x08000858   Section        0  mykey.o(i.Key_Tick)
    i.LED_Tick                               0x0800098c   Section        0  myled.o(i.LED_Tick)
    i.LEDx_SetMode                           0x08000d30   Section        0  myled.o(i.LEDx_SetMode)
    i.LEDx_SetState                          0x08000dac   Section        0  myled.o(i.LEDx_SetState)
    i.MemManage_Handler                      0x08000e4c   Section        0  stm32f10x_it.o(i.MemManage_Handler)
    i.My_Key_Init                            0x08000e50   Section        0  mykey.o(i.My_Key_Init)
    i.My_LED_Init                            0x08000ec8   Section        0  myled.o(i.My_LED_Init)
    i.NMI_Handler                            0x08000f38   Section        0  stm32f10x_it.o(i.NMI_Handler)
    i.NVIC_Init                              0x08000f3c   Section        0  misc.o(i.NVIC_Init)
    i.NVIC_PriorityGroupConfig               0x08000fa0   Section        0  misc.o(i.NVIC_PriorityGroupConfig)
    i.OLED_Init                              0x08000fb4   Section        0  iic_oled.o(i.OLED_Init)
    i.Oled_I2C_WaitEvent                     0x08001034   Section        0  iic_oled.o(i.Oled_I2C_WaitEvent)
    i.PendSV_Handler                         0x08001052   Section        0  stm32f10x_it.o(i.PendSV_Handler)
    i.RCC_APB1PeriphClockCmd                 0x08001054   Section        0  stm32f10x_rcc.o(i.RCC_APB1PeriphClockCmd)
    i.RCC_APB2PeriphClockCmd                 0x0800106c   Section        0  stm32f10x_rcc.o(i.RCC_APB2PeriphClockCmd)
    i.RCC_GetClocksFreq                      0x08001084   Section        0  stm32f10x_rcc.o(i.RCC_GetClocksFreq)
    i.SVC_Handler                            0x08001114   Section        0  stm32f10x_it.o(i.SVC_Handler)
    i.SetSysClockTo72                        0x08001118   Section        0  system_stm32f10x.o(i.SetSysClockTo72)
    SetSysClockTo72                          0x08001119   Thumb Code   160  system_stm32f10x.o(i.SetSysClockTo72)
    i.SysTick_Handler                        0x080011c0   Section        0  stm32f10x_it.o(i.SysTick_Handler)
    i.SystemInit                             0x080011c4   Section        0  system_stm32f10x.o(i.SystemInit)
    i.TIM2_IRQHandler                        0x08001214   Section        0  main.o(i.TIM2_IRQHandler)
    i.TIM2_Int_Init                          0x0800123a   Section        0  timer2.o(i.TIM2_Int_Init)
    i.TIM_ClearFlag                          0x0800129c   Section        0  stm32f10x_tim.o(i.TIM_ClearFlag)
    i.TIM_ClearITPendingBit                  0x080012a2   Section        0  stm32f10x_tim.o(i.TIM_ClearITPendingBit)
    i.TIM_Cmd                                0x080012a8   Section        0  stm32f10x_tim.o(i.TIM_Cmd)
    i.TIM_GetITStatus                        0x080012bc   Section        0  stm32f10x_tim.o(i.TIM_GetITStatus)
    i.TIM_ITConfig                           0x080012d4   Section        0  stm32f10x_tim.o(i.TIM_ITConfig)
    i.TIM_TimeBaseInit                       0x080012e4   Section        0  stm32f10x_tim.o(i.TIM_TimeBaseInit)
    i.USART1_IRQHandler                      0x08001380   Section        0  usart.o(i.USART1_IRQHandler)
    i.USART_Cmd                              0x080013e4   Section        0  stm32f10x_usart.o(i.USART_Cmd)
    i.USART_GetITStatus                      0x080013f8   Section        0  stm32f10x_usart.o(i.USART_GetITStatus)
    i.USART_ITConfig                         0x08001436   Section        0  stm32f10x_usart.o(i.USART_ITConfig)
    i.USART_Init                             0x08001468   Section        0  stm32f10x_usart.o(i.USART_Init)
    i.USART_ReceiveData                      0x08001514   Section        0  stm32f10x_usart.o(i.USART_ReceiveData)
    i.UsageFault_Handler                     0x0800151c   Section        0  stm32f10x_it.o(i.UsageFault_Handler)
    i._is_digit                              0x0800151e   Section        0  __printf_wp.o(i._is_digit)
    i._sys_exit                              0x0800152c   Section        0  usart.o(i._sys_exit)
    i.fputc                                  0x08001530   Section        0  usart.o(i.fputc)
    i.led_proc                               0x08001548   Section        0  ui.o(i.led_proc)
    i.main                                   0x08001644   Section        0  main.o(i.main)
    i.menu_proc                              0x080016f8   Section        0  ui.o(i.menu_proc)
    i.menu_ui_show                           0x08001878   Section        0  ui.o(i.menu_ui_show)
    i.pic_proc                               0x080018c8   Section        0  ui.o(i.pic_proc)
    i.pic_ui_show                            0x08001948   Section        0  ui.o(i.pic_ui_show)
    i.setting_proc                           0x0800196c   Section        0  ui.o(i.setting_proc)
    i.setting_ui_show                        0x08001b8c   Section        0  ui.o(i.setting_ui_show)
    i.u8g2_ClearBuffer                       0x08001cc4   Section        0  u8g2_buffer.o(i.u8g2_ClearBuffer)
    i.u8g2_DrawBox                           0x08001cd6   Section        0  u8g2_box.o(i.u8g2_DrawBox)
    i.u8g2_DrawDisc                          0x08001d1a   Section        0  u8g2_circle.o(i.u8g2_DrawDisc)
    i.u8g2_DrawGlyph                         0x08001d5a   Section        0  u8g2_font.o(i.u8g2_DrawGlyph)
    i.u8g2_DrawHLine                         0x08001dc8   Section        0  u8g2_hvline.o(i.u8g2_DrawHLine)
    i.u8g2_DrawHVLine                        0x08001dd4   Section        0  u8g2_hvline.o(i.u8g2_DrawHVLine)
    i.u8g2_DrawHXBMP                         0x08001e80   Section        0  u8g2_bitmap.o(i.u8g2_DrawHXBMP)
    i.u8g2_DrawRBox                          0x08001f14   Section        0  u8g2_box.o(i.u8g2_DrawRBox)
    i.u8g2_DrawStr                           0x08001ffc   Section        0  u8g2_font.o(i.u8g2_DrawStr)
    i.u8g2_DrawVLine                         0x0800200c   Section        0  u8g2_hvline.o(i.u8g2_DrawVLine)
    i.u8g2_DrawXBMP                          0x08002018   Section        0  u8g2_bitmap.o(i.u8g2_DrawXBMP)
    i.u8g2_IsIntersection                    0x08002064   Section        0  u8g2_intersection.o(i.u8g2_IsIntersection)
    i.u8g2_SendBuffer                        0x08002094   Section        0  u8g2_buffer.o(i.u8g2_SendBuffer)
    i.u8g2_SetDrawColor                      0x080020a6   Section        0  u8g2_hvline.o(i.u8g2_SetDrawColor)
    i.u8g2_SetFont                           0x080020b6   Section        0  u8g2_font.o(i.u8g2_SetFont)
    i.u8g2_SetFontPosBaseline                0x080020d8   Section        0  u8g2_font.o(i.u8g2_SetFontPosBaseline)
    i.u8g2_SetMaxClipWindow                  0x080020e4   Section        0  u8g2_setup.o(i.u8g2_SetMaxClipWindow)
    i.u8g2_SetupBuffer                       0x08002100   Section        0  u8g2_setup.o(i.u8g2_SetupBuffer)
    i.u8g2_Setup_ssd1306_i2c_128x64_noname_f 0x08002148   Section        0  u8g2_d_setup.o(i.u8g2_Setup_ssd1306_i2c_128x64_noname_f)
    i.u8g2_UpdateRefHeight                   0x08002180   Section        0  u8g2_font.o(i.u8g2_UpdateRefHeight)
    i.u8g2_add_vector_x                      0x080021d2   Section        0  u8g2_font.o(i.u8g2_add_vector_x)
    i.u8g2_add_vector_y                      0x080021ee   Section        0  u8g2_font.o(i.u8g2_add_vector_y)
    i.u8g2_apply_clip_window                 0x0800220a   Section        0  u8g2_setup.o(i.u8g2_apply_clip_window)
    u8g2_apply_clip_window                   0x0800220b   Thumb Code   110  u8g2_setup.o(i.u8g2_apply_clip_window)
    i.u8g2_clip_intersection2                0x08002278   Section        0  u8g2_hvline.o(i.u8g2_clip_intersection2)
    u8g2_clip_intersection2                  0x08002279   Thumb Code    60  u8g2_hvline.o(i.u8g2_clip_intersection2)
    i.u8g2_draw_disc                         0x080022b4   Section        0  u8g2_circle.o(i.u8g2_draw_disc)
    u8g2_draw_disc                           0x080022b5   Thumb Code   106  u8g2_circle.o(i.u8g2_draw_disc)
    i.u8g2_draw_disc_section                 0x0800231e   Section        0  u8g2_circle.o(i.u8g2_draw_disc_section)
    u8g2_draw_disc_section                   0x0800231f   Thumb Code   204  u8g2_circle.o(i.u8g2_draw_disc_section)
    i.u8g2_draw_hv_line_2dir                 0x080023ea   Section        0  u8g2_hvline.o(i.u8g2_draw_hv_line_2dir)
    i.u8g2_draw_l90_r0                       0x080023fc   Section        0  u8g2_setup.o(i.u8g2_draw_l90_r0)
    i.u8g2_draw_string                       0x08002408   Section        0  u8g2_font.o(i.u8g2_draw_string)
    u8g2_draw_string                         0x08002409   Thumb Code   118  u8g2_font.o(i.u8g2_draw_string)
    i.u8g2_font_calc_vref_font               0x0800247e   Section        0  u8g2_font.o(i.u8g2_font_calc_vref_font)
    i.u8g2_font_decode_get_signed_bits       0x08002482   Section        0  u8g2_font.o(i.u8g2_font_decode_get_signed_bits)
    i.u8g2_font_decode_get_unsigned_bits     0x08002496   Section        0  u8g2_font.o(i.u8g2_font_decode_get_unsigned_bits)
    i.u8g2_font_decode_glyph                 0x080024cc   Section        0  u8g2_font.o(i.u8g2_font_decode_glyph)
    i.u8g2_font_decode_len                   0x080025e0   Section        0  u8g2_font.o(i.u8g2_font_decode_len)
    i.u8g2_font_get_glyph_data               0x0800266c   Section        0  u8g2_font.o(i.u8g2_font_get_glyph_data)
    i.u8g2_font_get_word                     0x080026de   Section        0  u8g2_font.o(i.u8g2_font_get_word)
    u8g2_font_get_word                       0x080026df   Thumb Code    20  u8g2_font.o(i.u8g2_font_get_word)
    i.u8g2_font_setup_decode                 0x080026f2   Section        0  u8g2_font.o(i.u8g2_font_setup_decode)
    u8g2_font_setup_decode                   0x080026f3   Thumb Code    52  u8g2_font.o(i.u8g2_font_setup_decode)
    i.u8g2_is_intersection_decision_tree     0x08002726   Section        0  u8g2_intersection.o(i.u8g2_is_intersection_decision_tree)
    i.u8g2_ll_hvline_vertical_top_lsb        0x08002740   Section        0  u8g2_ll_hvline.o(i.u8g2_ll_hvline_vertical_top_lsb)
    i.u8g2_m_16_8_f                          0x080027d0   Section        0  u8g2_d_memory.o(i.u8g2_m_16_8_f)
    i.u8g2_read_font_info                    0x080027dc   Section        0  u8g2_font.o(i.u8g2_read_font_info)
    i.u8g2_send_buffer                       0x08002846   Section        0  u8g2_buffer.o(i.u8g2_send_buffer)
    u8g2_send_buffer                         0x08002847   Thumb Code    78  u8g2_buffer.o(i.u8g2_send_buffer)
    i.u8g2_update_dimension_common           0x08002894   Section        0  u8g2_setup.o(i.u8g2_update_dimension_common)
    u8g2_update_dimension_common             0x08002895   Thumb Code    70  u8g2_setup.o(i.u8g2_update_dimension_common)
    i.u8g2_update_dimension_r0               0x080028da   Section        0  u8g2_setup.o(i.u8g2_update_dimension_r0)
    i.u8g2_update_page_win_r0                0x080028de   Section        0  u8g2_setup.o(i.u8g2_update_page_win_r0)
    i.u8x8_DrawTile                          0x08002900   Section        0  u8x8_display.o(i.u8x8_DrawTile)
    i.u8x8_InitDisplay                       0x0800291e   Section        0  u8x8_display.o(i.u8x8_InitDisplay)
    i.u8x8_RefreshDisplay                    0x0800292e   Section        0  u8x8_display.o(i.u8x8_RefreshDisplay)
    i.u8x8_SetPowerSave                      0x0800293e   Section        0  u8x8_display.o(i.u8x8_SetPowerSave)
    i.u8x8_Setup                             0x0800294e   Section        0  u8x8_setup.o(i.u8x8_Setup)
    i.u8x8_SetupDefaults                     0x08002970   Section        0  u8x8_setup.o(i.u8x8_SetupDefaults)
    i.u8x8_SetupMemory                       0x08002994   Section        0  u8x8_display.o(i.u8x8_SetupMemory)
    i.u8x8_ascii_next                        0x080029a4   Section        0  u8x8_8x8.o(i.u8x8_ascii_next)
    i.u8x8_byte_EndTransfer                  0x080029b2   Section        0  u8x8_byte.o(i.u8x8_byte_EndTransfer)
    i.u8x8_byte_SendByte                     0x080029c2   Section        0  u8x8_byte.o(i.u8x8_byte_SendByte)
    i.u8x8_byte_StartTransfer                0x080029d0   Section        0  u8x8_byte.o(i.u8x8_byte_StartTransfer)
    i.u8x8_byte_hw_i2c                       0x080029e0   Section        0  ui.o(i.u8x8_byte_hw_i2c)
    i.u8x8_cad_EndTransfer                   0x08002a8c   Section        0  u8x8_cad.o(i.u8x8_cad_EndTransfer)
    i.u8x8_cad_SendArg                       0x08002a9c   Section        0  u8x8_cad.o(i.u8x8_cad_SendArg)
    i.u8x8_cad_SendCmd                       0x08002aac   Section        0  u8x8_cad.o(i.u8x8_cad_SendCmd)
    i.u8x8_cad_SendData                      0x08002abc   Section        0  u8x8_cad.o(i.u8x8_cad_SendData)
    i.u8x8_cad_SendSequence                  0x08002acc   Section        0  u8x8_cad.o(i.u8x8_cad_SendSequence)
    i.u8x8_cad_StartTransfer                 0x08002b34   Section        0  u8x8_cad.o(i.u8x8_cad_StartTransfer)
    i.u8x8_cad_ssd13xx_fast_i2c              0x08002b44   Section        0  u8x8_cad.o(i.u8x8_cad_ssd13xx_fast_i2c)
    i.u8x8_d_helper_display_init             0x08002c00   Section        0  u8x8_display.o(i.u8x8_d_helper_display_init)
    i.u8x8_d_helper_display_setup_memory     0x08002c60   Section        0  u8x8_display.o(i.u8x8_d_helper_display_setup_memory)
    i.u8x8_d_ssd1306_128x64_noname           0x08002c6c   Section        0  u8x8_d_ssd1306_128x64_noname.o(i.u8x8_d_ssd1306_128x64_noname)
    i.u8x8_d_ssd1306_sh1106_generic          0x08002ca8   Section        0  u8x8_d_ssd1306_128x64_noname.o(i.u8x8_d_ssd1306_sh1106_generic)
    u8x8_d_ssd1306_sh1106_generic            0x08002ca9   Thumb Code   196  u8x8_d_ssd1306_128x64_noname.o(i.u8x8_d_ssd1306_sh1106_generic)
    i.u8x8_dummy_cb                          0x08002d70   Section        0  u8x8_setup.o(i.u8x8_dummy_cb)
    i.u8x8_gpio_and_delay                    0x08002d74   Section        0  ui.o(i.u8x8_gpio_and_delay)
    i.u8x8_gpio_call                         0x08002e08   Section        0  u8x8_gpio.o(i.u8x8_gpio_call)
    i.u8x8_i2c_data_transfer                 0x08002e14   Section        0  u8x8_cad.o(i.u8x8_i2c_data_transfer)
    u8x8_i2c_data_transfer                   0x08002e15   Thumb Code    44  u8x8_cad.o(i.u8x8_i2c_data_transfer)
    i.u8x8_utf8_init                         0x08002e40   Section        0  u8x8_8x8.o(i.u8x8_utf8_init)
    i.uart_init                              0x08002e48   Section        0  usart.o(i.uart_init)
    i.ui_proc                                0x08002ee8   Section        0  ui.o(i.ui_proc)
    i.ui_run                                 0x08002f2c   Section        0  ui.o(i.ui_run)
    .constdata                               0x08002f60   Section      175  ui_bmp_data.o(.constdata)
    .constdata                               0x0800300f   Section      185  ui_bmp_data.o(.constdata)
    .constdata                               0x080030c8   Section      180  ui_bmp_data.o(.constdata)
    .constdata                               0x0800317c   Section     3697  u8g2_fonts.o(.constdata)
    .constdata                               0x08003ff0   Section       12  u8g2_setup.o(.constdata)
    .constdata                               0x08003ffc   Section      344  u8x8_d_ssd1306_128x64_noname.o(.constdata)
    u8x8_d_ssd1306_128x64_noname_powersave0_seq 0x08003ffc   Data           5  u8x8_d_ssd1306_128x64_noname.o(.constdata)
    u8x8_d_ssd1306_128x64_noname_powersave1_seq 0x08004001   Data           5  u8x8_d_ssd1306_128x64_noname.o(.constdata)
    u8x8_d_ssd1306_128x64_noname_flip0_seq   0x08004006   Data           7  u8x8_d_ssd1306_128x64_noname.o(.constdata)
    u8x8_d_ssd1306_128x64_noname_flip1_seq   0x0800400d   Data           7  u8x8_d_ssd1306_128x64_noname.o(.constdata)
    u8x8_d_ssd1312_128x64_noname_flip0_seq   0x08004014   Data           7  u8x8_d_ssd1306_128x64_noname.o(.constdata)
    u8x8_d_ssd1312_128x64_noname_flip1_seq   0x0800401b   Data           7  u8x8_d_ssd1306_128x64_noname.o(.constdata)
    u8x8_d_ssd1306_128x64_noname_init_seq    0x08004022   Data          53  u8x8_d_ssd1306_128x64_noname.o(.constdata)
    u8x8_d_ssd1306_128x64_vcomh0_init_seq    0x08004057   Data          53  u8x8_d_ssd1306_128x64_noname.o(.constdata)
    u8x8_d_ssd1306_128x64_alt0_init_seq      0x0800408c   Data          53  u8x8_d_ssd1306_128x64_noname.o(.constdata)
    u8x8_d_sh1106_128x64_winstar_init_seq    0x080040c1   Data          45  u8x8_d_ssd1306_128x64_noname.o(.constdata)
    u8x8_d_ssd1312_128x64_noname_init_seq    0x080040ee   Data          53  u8x8_d_ssd1306_128x64_noname.o(.constdata)
    u8x8_ssd1306_128x64_noname_display_info  0x08004124   Data          24  u8x8_d_ssd1306_128x64_noname.o(.constdata)
    u8x8_sh1106_128x64_noname_display_info   0x0800413c   Data          24  u8x8_d_ssd1306_128x64_noname.o(.constdata)
    .constdata                               0x08004154   Section       40  _printf_hex_int.o(.constdata)
    uc_hextab                                0x08004154   Data          20  _printf_hex_int.o(.constdata)
    lc_hextab                                0x08004168   Data          20  _printf_hex_int.o(.constdata)
    .conststring                             0x0800417c   Section       38  ui.o(.conststring)
    .data                                    0x20000000   Section       20  stm32f10x_rcc.o(.data)
    ADCPrescTable                            0x20000000   Data           4  stm32f10x_rcc.o(.data)
    APBAHBPrescTable                         0x20000004   Data          16  stm32f10x_rcc.o(.data)
    .data                                    0x20000014   Section        2  usart.o(.data)
    .data                                    0x20000018   Section        4  usart.o(.data)
    .data                                    0x2000001c   Section      120  ui.o(.data)
    buf_idx                                  0x20000030   Data           1  ui.o(.data)
    flag                                     0x20000031   Data           1  ui.o(.data)
    flag                                     0x20000032   Data           1  ui.o(.data)
    pic_flag                                 0x20000033   Data           1  ui.o(.data)
    flag                                     0x20000034   Data           1  ui.o(.data)
    flag                                     0x20000035   Data           1  ui.o(.data)
    ledflag                                  0x20000036   Data           1  ui.o(.data)
    pic_flag                                 0x20000037   Data           1  ui.o(.data)
    .data                                    0x20000094   Section       16  mykey.o(.data)
    Count                                    0x20000094   Data           1  mykey.o(.data)
    CurrentKeyVal                            0x20000095   Data           1  mykey.o(.data)
    PreviousKeyVal                           0x20000096   Data           1  mykey.o(.data)
    step                                     0x20000097   Data           1  mykey.o(.data)
    ROCK1_KEY_FLAG                           0x20000098   Data           1  mykey.o(.data)
    ROCK2_KEY_FLAG                           0x20000099   Data           1  mykey.o(.data)
    KEY_L_FLAG                               0x2000009a   Data           1  mykey.o(.data)
    KEY_R_FLAG                               0x2000009b   Data           1  mykey.o(.data)
    PressDownCnt                             0x2000009e   Data           2  mykey.o(.data)
    RePressDownCnt                           0x200000a0   Data           2  mykey.o(.data)
    PressUpCnt                               0x200000a2   Data           2  mykey.o(.data)
    .data                                    0x200000a4   Section       28  myled.o(.data)
    .data                                    0x200000c0   Section        6  u8x8_cad.o(.data)
    in_transfer                              0x200000c0   Data           1  u8x8_cad.o(.data)
    in_transfer                              0x200000c1   Data           1  u8x8_cad.o(.data)
    in_transfer                              0x200000c2   Data           1  u8x8_cad.o(.data)
    is_data                                  0x200000c3   Data           1  u8x8_cad.o(.data)
    in_transfer                              0x200000c4   Data           1  u8x8_cad.o(.data)
    is_data                                  0x200000c5   Data           1  u8x8_cad.o(.data)
    .data                                    0x200000c6   Section        1  main.o(.data)
    .bss                                     0x200000c8   Section      200  usart.o(.bss)
    .bss                                     0x20000190   Section       32  ui.o(.bss)
    buffer                                   0x20000190   Data          32  ui.o(.bss)
    .bss                                     0x200001b0   Section     1024  u8g2_d_memory.o(.bss)
    buf                                      0x200001b0   Data        1024  u8g2_d_memory.o(.bss)
    .bss                                     0x200005b0   Section      148  main.o(.bss)
    .bss                                     0x20000644   Section       96  libspace.o(.bss)
    HEAP                                     0x200006a8   Section      512  startup_stm32f10x_md.o(HEAP)
    Heap_Mem                                 0x200006a8   Data         512  startup_stm32f10x_md.o(HEAP)
    STACK                                    0x200008a8   Section     1024  startup_stm32f10x_md.o(STACK)
    Stack_Mem                                0x200008a8   Data        1024  startup_stm32f10x_md.o(STACK)
    __initial_sp                             0x20000ca8   Data           0  startup_stm32f10x_md.o(STACK)

    Global Symbols

    Symbol Name                              Value     Ov Type        Size  Object(Section)

    BuildAttributes$$THM_ISAv4$P$D$K$B$S$PE$A:L22UL41UL21$X:L11$S22US41US21$IEEE1$IW$USESV6$~STKCKD$USESV7$~SHL$OSPACE$ROPI$EBA8$UX$STANDARDLIB$REQ8$PRES8$EABIv2 0x00000000   Number         0  anon$$obj.o ABSOLUTE
    __ARM_use_no_argv                        0x00000000   Number         0  main.o ABSOLUTE
    _printf_flags                            0x00000000   Number         0  printf_stubs.o ABSOLUTE
    _printf_return_value                     0x00000000   Number         0  printf_stubs.o ABSOLUTE
    _printf_sizespec                         0x00000000   Number         0  printf_stubs.o ABSOLUTE
    _printf_widthprec                        0x00000000   Number         0  printf_stubs.o ABSOLUTE
    __ARM_exceptions_init                     - Undefined Weak Reference
    __alloca_initialize                       - Undefined Weak Reference
    __arm_fini_                               - Undefined Weak Reference
    __arm_preinit_                            - Undefined Weak Reference
    __cpp_initialize__aeabi_                  - Undefined Weak Reference
    __cxa_finalize                            - Undefined Weak Reference
    __rt_locale                               - Undefined Weak Reference
    __sigvec_lookup                           - Undefined Weak Reference
    _atexit_init                              - Undefined Weak Reference
    _call_atexit_fns                          - Undefined Weak Reference
    _clock_init                               - Undefined Weak Reference
    _fp_trap_init                             - Undefined Weak Reference
    _fp_trap_shutdown                         - Undefined Weak Reference
    _get_lc_collate                           - Undefined Weak Reference
    _get_lc_ctype                             - Undefined Weak Reference
    _get_lc_monetary                          - Undefined Weak Reference
    _get_lc_numeric                           - Undefined Weak Reference
    _get_lc_time                              - Undefined Weak Reference
    _getenv_init                              - Undefined Weak Reference
    _handle_redirection                       - Undefined Weak Reference
    _init_alloc                               - Undefined Weak Reference
    _init_user_alloc                          - Undefined Weak Reference
    _initio                                   - Undefined Weak Reference
    _mutex_acquire                            - Undefined Weak Reference
    _mutex_release                            - Undefined Weak Reference
    _printf_truncate_signed                   - Undefined Weak Reference
    _printf_truncate_unsigned                 - Undefined Weak Reference
    _rand_init                                - Undefined Weak Reference
    _signal_finish                            - Undefined Weak Reference
    _signal_init                              - Undefined Weak Reference
    _terminate_alloc                          - Undefined Weak Reference
    _terminate_user_alloc                     - Undefined Weak Reference
    _terminateio                              - Undefined Weak Reference
    __Vectors_Size                           0x000000ec   Number         0  startup_stm32f10x_md.o ABSOLUTE
    __Vectors                                0x08000000   Data           4  startup_stm32f10x_md.o(RESET)
    __Vectors_End                            0x080000ec   Data           0  startup_stm32f10x_md.o(RESET)
    __main                                   0x080000ed   Thumb Code     8  __main.o(!!!main)
    __scatterload                            0x080000f5   Thumb Code     0  __scatter.o(!!!scatter)
    __scatterload_rt2                        0x080000f5   Thumb Code    44  __scatter.o(!!!scatter)
    __scatterload_rt2_thumb_only             0x080000f5   Thumb Code     0  __scatter.o(!!!scatter)
    __scatterload_null                       0x08000103   Thumb Code     0  __scatter.o(!!!scatter)
    __scatterload_copy                       0x08000129   Thumb Code    26  __scatter_copy.o(!!handler_copy)
    __scatterload_zeroinit                   0x08000145   Thumb Code    28  __scatter_zi.o(!!handler_zi)
    _printf_percent                          0x08000161   Thumb Code     0  _printf_percent.o(.ARM.Collect$$_printf_percent$$00000000)
    _printf_x                                0x08000161   Thumb Code     0  _printf_x.o(.ARM.Collect$$_printf_percent$$0000000C)
    _printf_percent_end                      0x08000167   Thumb Code     0  _printf_percent_end.o(.ARM.Collect$$_printf_percent$$00000017)
    __rt_lib_init                            0x0800016b   Thumb Code     0  libinit.o(.ARM.Collect$$libinit$$00000000)
    __rt_lib_init_alloca_1                   0x0800016d   Thumb Code     0  libinit2.o(.ARM.Collect$$libinit$$0000002E)
    __rt_lib_init_argv_1                     0x0800016d   Thumb Code     0  libinit2.o(.ARM.Collect$$libinit$$0000002C)
    __rt_lib_init_atexit_1                   0x0800016d   Thumb Code     0  libinit2.o(.ARM.Collect$$libinit$$0000001B)
    __rt_lib_init_clock_1                    0x0800016d   Thumb Code     0  libinit2.o(.ARM.Collect$$libinit$$00000021)
    __rt_lib_init_cpp_1                      0x0800016d   Thumb Code     0  libinit2.o(.ARM.Collect$$libinit$$00000032)
    __rt_lib_init_exceptions_1               0x0800016d   Thumb Code     0  libinit2.o(.ARM.Collect$$libinit$$00000030)
    __rt_lib_init_fp_1                       0x0800016d   Thumb Code     0  libinit2.o(.ARM.Collect$$libinit$$00000002)
    __rt_lib_init_fp_trap_1                  0x0800016d   Thumb Code     0  libinit2.o(.ARM.Collect$$libinit$$0000001F)
    __rt_lib_init_getenv_1                   0x0800016d   Thumb Code     0  libinit2.o(.ARM.Collect$$libinit$$00000023)
    __rt_lib_init_heap_1                     0x0800016d   Thumb Code     0  libinit2.o(.ARM.Collect$$libinit$$0000000A)
    __rt_lib_init_lc_collate_1               0x0800016d   Thumb Code     0  libinit2.o(.ARM.Collect$$libinit$$00000011)
    __rt_lib_init_lc_ctype_1                 0x0800016d   Thumb Code     0  libinit2.o(.ARM.Collect$$libinit$$00000013)
    __rt_lib_init_lc_monetary_1              0x0800016d   Thumb Code     0  libinit2.o(.ARM.Collect$$libinit$$00000015)
    __rt_lib_init_lc_numeric_1               0x0800016d   Thumb Code     0  libinit2.o(.ARM.Collect$$libinit$$00000017)
    __rt_lib_init_lc_time_1                  0x0800016d   Thumb Code     0  libinit2.o(.ARM.Collect$$libinit$$00000019)
    __rt_lib_init_preinit_1                  0x0800016d   Thumb Code     0  libinit2.o(.ARM.Collect$$libinit$$00000004)
    __rt_lib_init_rand_1                     0x0800016d   Thumb Code     0  libinit2.o(.ARM.Collect$$libinit$$0000000E)
    __rt_lib_init_return                     0x0800016d   Thumb Code     0  libinit2.o(.ARM.Collect$$libinit$$00000033)
    __rt_lib_init_signal_1                   0x0800016d   Thumb Code     0  libinit2.o(.ARM.Collect$$libinit$$0000001D)
    __rt_lib_init_stdio_1                    0x0800016d   Thumb Code     0  libinit2.o(.ARM.Collect$$libinit$$00000025)
    __rt_lib_init_user_alloc_1               0x0800016d   Thumb Code     0  libinit2.o(.ARM.Collect$$libinit$$0000000C)
    __rt_lib_shutdown                        0x0800016f   Thumb Code     0  libshutdown.o(.ARM.Collect$$libshutdown$$00000000)
    __rt_lib_shutdown_cpp_1                  0x08000171   Thumb Code     0  libshutdown2.o(.ARM.Collect$$libshutdown$$00000004)
    __rt_lib_shutdown_fini_1                 0x08000171   Thumb Code     0  libshutdown2.o(.ARM.Collect$$libshutdown$$00000002)
    __rt_lib_shutdown_fp_trap_1              0x08000171   Thumb Code     0  libshutdown2.o(.ARM.Collect$$libshutdown$$00000009)
    __rt_lib_shutdown_heap_1                 0x08000171   Thumb Code     0  libshutdown2.o(.ARM.Collect$$libshutdown$$00000011)
    __rt_lib_shutdown_return                 0x08000171   Thumb Code     0  libshutdown2.o(.ARM.Collect$$libshutdown$$00000012)
    __rt_lib_shutdown_signal_1               0x08000171   Thumb Code     0  libshutdown2.o(.ARM.Collect$$libshutdown$$0000000C)
    __rt_lib_shutdown_stdio_1                0x08000171   Thumb Code     0  libshutdown2.o(.ARM.Collect$$libshutdown$$00000006)
    __rt_lib_shutdown_user_alloc_1           0x08000171   Thumb Code     0  libshutdown2.o(.ARM.Collect$$libshutdown$$0000000E)
    __rt_entry                               0x08000173   Thumb Code     0  __rtentry.o(.ARM.Collect$$rtentry$$00000000)
    __rt_entry_presh_1                       0x08000173   Thumb Code     0  __rtentry2.o(.ARM.Collect$$rtentry$$00000002)
    __rt_entry_sh                            0x08000173   Thumb Code     0  __rtentry4.o(.ARM.Collect$$rtentry$$00000004)
    __rt_entry_li                            0x08000179   Thumb Code     0  __rtentry2.o(.ARM.Collect$$rtentry$$0000000A)
    __rt_entry_postsh_1                      0x08000179   Thumb Code     0  __rtentry2.o(.ARM.Collect$$rtentry$$00000009)
    __rt_entry_main                          0x0800017d   Thumb Code     0  __rtentry2.o(.ARM.Collect$$rtentry$$0000000D)
    __rt_entry_postli_1                      0x0800017d   Thumb Code     0  __rtentry2.o(.ARM.Collect$$rtentry$$0000000C)
    __rt_exit                                0x08000185   Thumb Code     0  rtexit.o(.ARM.Collect$$rtexit$$00000000)
    __rt_exit_ls                             0x08000187   Thumb Code     0  rtexit2.o(.ARM.Collect$$rtexit$$00000003)
    __rt_exit_prels_1                        0x08000187   Thumb Code     0  rtexit2.o(.ARM.Collect$$rtexit$$00000002)
    __rt_exit_exit                           0x0800018b   Thumb Code     0  rtexit2.o(.ARM.Collect$$rtexit$$00000004)
    Reset_Handler                            0x08000191   Thumb Code     8  startup_stm32f10x_md.o(.text)
    ADC1_2_IRQHandler                        0x080001ab   Thumb Code     0  startup_stm32f10x_md.o(.text)
    CAN1_RX1_IRQHandler                      0x080001ab   Thumb Code     0  startup_stm32f10x_md.o(.text)
    CAN1_SCE_IRQHandler                      0x080001ab   Thumb Code     0  startup_stm32f10x_md.o(.text)
    DMA1_Channel1_IRQHandler                 0x080001ab   Thumb Code     0  startup_stm32f10x_md.o(.text)
    DMA1_Channel2_IRQHandler                 0x080001ab   Thumb Code     0  startup_stm32f10x_md.o(.text)
    DMA1_Channel3_IRQHandler                 0x080001ab   Thumb Code     0  startup_stm32f10x_md.o(.text)
    DMA1_Channel4_IRQHandler                 0x080001ab   Thumb Code     0  startup_stm32f10x_md.o(.text)
    DMA1_Channel5_IRQHandler                 0x080001ab   Thumb Code     0  startup_stm32f10x_md.o(.text)
    DMA1_Channel6_IRQHandler                 0x080001ab   Thumb Code     0  startup_stm32f10x_md.o(.text)
    DMA1_Channel7_IRQHandler                 0x080001ab   Thumb Code     0  startup_stm32f10x_md.o(.text)
    EXTI0_IRQHandler                         0x080001ab   Thumb Code     0  startup_stm32f10x_md.o(.text)
    EXTI15_10_IRQHandler                     0x080001ab   Thumb Code     0  startup_stm32f10x_md.o(.text)
    EXTI1_IRQHandler                         0x080001ab   Thumb Code     0  startup_stm32f10x_md.o(.text)
    EXTI2_IRQHandler                         0x080001ab   Thumb Code     0  startup_stm32f10x_md.o(.text)
    EXTI3_IRQHandler                         0x080001ab   Thumb Code     0  startup_stm32f10x_md.o(.text)
    EXTI4_IRQHandler                         0x080001ab   Thumb Code     0  startup_stm32f10x_md.o(.text)
    EXTI9_5_IRQHandler                       0x080001ab   Thumb Code     0  startup_stm32f10x_md.o(.text)
    FLASH_IRQHandler                         0x080001ab   Thumb Code     0  startup_stm32f10x_md.o(.text)
    I2C1_ER_IRQHandler                       0x080001ab   Thumb Code     0  startup_stm32f10x_md.o(.text)
    I2C1_EV_IRQHandler                       0x080001ab   Thumb Code     0  startup_stm32f10x_md.o(.text)
    I2C2_ER_IRQHandler                       0x080001ab   Thumb Code     0  startup_stm32f10x_md.o(.text)
    I2C2_EV_IRQHandler                       0x080001ab   Thumb Code     0  startup_stm32f10x_md.o(.text)
    PVD_IRQHandler                           0x080001ab   Thumb Code     0  startup_stm32f10x_md.o(.text)
    RCC_IRQHandler                           0x080001ab   Thumb Code     0  startup_stm32f10x_md.o(.text)
    RTCAlarm_IRQHandler                      0x080001ab   Thumb Code     0  startup_stm32f10x_md.o(.text)
    RTC_IRQHandler                           0x080001ab   Thumb Code     0  startup_stm32f10x_md.o(.text)
    SPI1_IRQHandler                          0x080001ab   Thumb Code     0  startup_stm32f10x_md.o(.text)
    SPI2_IRQHandler                          0x080001ab   Thumb Code     0  startup_stm32f10x_md.o(.text)
    TAMPER_IRQHandler                        0x080001ab   Thumb Code     0  startup_stm32f10x_md.o(.text)
    TIM1_BRK_IRQHandler                      0x080001ab   Thumb Code     0  startup_stm32f10x_md.o(.text)
    TIM1_CC_IRQHandler                       0x080001ab   Thumb Code     0  startup_stm32f10x_md.o(.text)
    TIM1_TRG_COM_IRQHandler                  0x080001ab   Thumb Code     0  startup_stm32f10x_md.o(.text)
    TIM1_UP_IRQHandler                       0x080001ab   Thumb Code     0  startup_stm32f10x_md.o(.text)
    TIM3_IRQHandler                          0x080001ab   Thumb Code     0  startup_stm32f10x_md.o(.text)
    TIM4_IRQHandler                          0x080001ab   Thumb Code     0  startup_stm32f10x_md.o(.text)
    USART2_IRQHandler                        0x080001ab   Thumb Code     0  startup_stm32f10x_md.o(.text)
    USART3_IRQHandler                        0x080001ab   Thumb Code     0  startup_stm32f10x_md.o(.text)
    USBWakeUp_IRQHandler                     0x080001ab   Thumb Code     0  startup_stm32f10x_md.o(.text)
    USB_HP_CAN1_TX_IRQHandler                0x080001ab   Thumb Code     0  startup_stm32f10x_md.o(.text)
    USB_LP_CAN1_RX0_IRQHandler               0x080001ab   Thumb Code     0  startup_stm32f10x_md.o(.text)
    WWDG_IRQHandler                          0x080001ab   Thumb Code     0  startup_stm32f10x_md.o(.text)
    __user_initial_stackheap                 0x080001ad   Thumb Code     0  startup_stm32f10x_md.o(.text)
    __use_no_semihosting                     0x080001d1   Thumb Code     2  use_no_semi_2.o(.text)
    __2printf                                0x080001d5   Thumb Code    20  noretval__2printf.o(.text)
    _printf_int_hex                          0x080001ed   Thumb Code    84  _printf_hex_int.o(.text)
    _printf_longlong_hex                     0x080001ed   Thumb Code     0  _printf_hex_int.o(.text)
    __printf                                 0x08000245   Thumb Code   270  __printf_wp.o(.text)
    __aeabi_memclr                           0x08000353   Thumb Code     0  rt_memclr.o(.text)
    __rt_memclr                              0x08000353   Thumb Code    68  rt_memclr.o(.text)
    _memset                                  0x08000357   Thumb Code     0  rt_memclr.o(.text)
    __aeabi_memclr4                          0x08000397   Thumb Code     0  rt_memclr_w.o(.text)
    __aeabi_memclr8                          0x08000397   Thumb Code     0  rt_memclr_w.o(.text)
    __rt_memclr_w                            0x08000397   Thumb Code    78  rt_memclr_w.o(.text)
    _memset_w                                0x0800039b   Thumb Code     0  rt_memclr_w.o(.text)
    __use_two_region_memory                  0x080003e5   Thumb Code     2  heapauxi.o(.text)
    __rt_heap_escrow$2region                 0x080003e7   Thumb Code     2  heapauxi.o(.text)
    __rt_heap_expand$2region                 0x080003e9   Thumb Code     2  heapauxi.o(.text)
    __I$use$semihosting                      0x080003eb   Thumb Code     0  use_no_semi.o(.text)
    __use_no_semihosting_swi                 0x080003eb   Thumb Code     2  use_no_semi.o(.text)
    _printf_int_common                       0x080003ed   Thumb Code   178  _printf_intcommon.o(.text)
    _printf_char_common                      0x080004ab   Thumb Code    32  _printf_char_common.o(.text)
    _printf_char_file                        0x080004d1   Thumb Code    32  _printf_char_file.o(.text)
    ferror                                   0x080004f5   Thumb Code     8  ferror.o(.text)
    __user_setup_stackheap                   0x080004fd   Thumb Code    74  sys_stackheap_outer.o(.text)
    exit                                     0x08000547   Thumb Code    18  exit.o(.text)
    __user_libspace                          0x08000559   Thumb Code     8  libspace.o(.text)
    __user_perproc_libspace                  0x08000559   Thumb Code     0  libspace.o(.text)
    __user_perthread_libspace                0x08000559   Thumb Code     0  libspace.o(.text)
    BUZZER_SetState                          0x08000561   Thumb Code    28  myled.o(i.BUZZER_SetState)
    BusFault_Handler                         0x08000581   Thumb Code     2  stm32f10x_it.o(i.BusFault_Handler)
    DebugMon_Handler                         0x08000583   Thumb Code     2  stm32f10x_it.o(i.DebugMon_Handler)
    Delay_ms                                 0x08000585   Thumb Code    22  delay.o(i.Delay_ms)
    Delay_us                                 0x0800059b   Thumb Code    32  delay.o(i.Delay_us)
    GPIO_Init                                0x080005bd   Thumb Code   162  stm32f10x_gpio.o(i.GPIO_Init)
    GPIO_PinRemapConfig                      0x08000661   Thumb Code    82  stm32f10x_gpio.o(i.GPIO_PinRemapConfig)
    GPIO_ReadInputDataBit                    0x080006b9   Thumb Code    14  stm32f10x_gpio.o(i.GPIO_ReadInputDataBit)
    GPIO_ResetBits                           0x080006c7   Thumb Code     4  stm32f10x_gpio.o(i.GPIO_ResetBits)
    GPIO_SetBits                             0x080006cb   Thumb Code     4  stm32f10x_gpio.o(i.GPIO_SetBits)
    HardFault_Handler                        0x080006cf   Thumb Code     2  stm32f10x_it.o(i.HardFault_Handler)
    I2C_CheckEvent                           0x080006d1   Thumb Code    24  stm32f10x_i2c.o(i.I2C_CheckEvent)
    I2C_Cmd                                  0x080006e9   Thumb Code    20  stm32f10x_i2c.o(i.I2C_Cmd)
    I2C_GenerateSTART                        0x080006fd   Thumb Code    20  stm32f10x_i2c.o(i.I2C_GenerateSTART)
    I2C_GenerateSTOP                         0x08000711   Thumb Code    20  stm32f10x_i2c.o(i.I2C_GenerateSTOP)
    I2C_Init                                 0x08000725   Thumb Code   178  stm32f10x_i2c.o(i.I2C_Init)
    I2C_Send7bitAddress                      0x080007e1   Thumb Code    16  stm32f10x_i2c.o(i.I2C_Send7bitAddress)
    I2C_SendData                             0x080007f1   Thumb Code     4  stm32f10x_i2c.o(i.I2C_SendData)
    Key_GetNum                               0x080007f5   Thumb Code    14  mykey.o(i.Key_GetNum)
    Key_GetState                             0x08000809   Thumb Code    68  mykey.o(i.Key_GetState)
    Key_Tick                                 0x08000859   Thumb Code   304  mykey.o(i.Key_Tick)
    LED_Tick                                 0x0800098d   Thumb Code   926  myled.o(i.LED_Tick)
    LEDx_SetMode                             0x08000d31   Thumb Code   118  myled.o(i.LEDx_SetMode)
    LEDx_SetState                            0x08000dad   Thumb Code   152  myled.o(i.LEDx_SetState)
    MemManage_Handler                        0x08000e4d   Thumb Code     2  stm32f10x_it.o(i.MemManage_Handler)
    My_Key_Init                              0x08000e51   Thumb Code   106  mykey.o(i.My_Key_Init)
    My_LED_Init                              0x08000ec9   Thumb Code    98  myled.o(i.My_LED_Init)
    NMI_Handler                              0x08000f39   Thumb Code     2  stm32f10x_it.o(i.NMI_Handler)
    NVIC_Init                                0x08000f3d   Thumb Code    94  misc.o(i.NVIC_Init)
    NVIC_PriorityGroupConfig                 0x08000fa1   Thumb Code    10  misc.o(i.NVIC_PriorityGroupConfig)
    OLED_Init                                0x08000fb5   Thumb Code   114  iic_oled.o(i.OLED_Init)
    Oled_I2C_WaitEvent                       0x08001035   Thumb Code    30  iic_oled.o(i.Oled_I2C_WaitEvent)
    PendSV_Handler                           0x08001053   Thumb Code     2  stm32f10x_it.o(i.PendSV_Handler)
    RCC_APB1PeriphClockCmd                   0x08001055   Thumb Code    18  stm32f10x_rcc.o(i.RCC_APB1PeriphClockCmd)
    RCC_APB2PeriphClockCmd                   0x0800106d   Thumb Code    18  stm32f10x_rcc.o(i.RCC_APB2PeriphClockCmd)
    RCC_GetClocksFreq                        0x08001085   Thumb Code   128  stm32f10x_rcc.o(i.RCC_GetClocksFreq)
    SVC_Handler                              0x08001115   Thumb Code     2  stm32f10x_it.o(i.SVC_Handler)
    SysTick_Handler                          0x080011c1   Thumb Code     2  stm32f10x_it.o(i.SysTick_Handler)
    SystemInit                               0x080011c5   Thumb Code    64  system_stm32f10x.o(i.SystemInit)
    TIM2_IRQHandler                          0x08001215   Thumb Code    38  main.o(i.TIM2_IRQHandler)
    TIM2_Int_Init                            0x0800123b   Thumb Code    98  timer2.o(i.TIM2_Int_Init)
    TIM_ClearFlag                            0x0800129d   Thumb Code     6  stm32f10x_tim.o(i.TIM_ClearFlag)
    TIM_ClearITPendingBit                    0x080012a3   Thumb Code     6  stm32f10x_tim.o(i.TIM_ClearITPendingBit)
    TIM_Cmd                                  0x080012a9   Thumb Code    20  stm32f10x_tim.o(i.TIM_Cmd)
    TIM_GetITStatus                          0x080012bd   Thumb Code    24  stm32f10x_tim.o(i.TIM_GetITStatus)
    TIM_ITConfig                             0x080012d5   Thumb Code    16  stm32f10x_tim.o(i.TIM_ITConfig)
    TIM_TimeBaseInit                         0x080012e5   Thumb Code   114  stm32f10x_tim.o(i.TIM_TimeBaseInit)
    USART1_IRQHandler                        0x08001381   Thumb Code    88  usart.o(i.USART1_IRQHandler)
    USART_Cmd                                0x080013e5   Thumb Code    20  stm32f10x_usart.o(i.USART_Cmd)
    USART_GetITStatus                        0x080013f9   Thumb Code    62  stm32f10x_usart.o(i.USART_GetITStatus)
    USART_ITConfig                           0x08001437   Thumb Code    48  stm32f10x_usart.o(i.USART_ITConfig)
    USART_Init                               0x08001469   Thumb Code   166  stm32f10x_usart.o(i.USART_Init)
    USART_ReceiveData                        0x08001515   Thumb Code     8  stm32f10x_usart.o(i.USART_ReceiveData)
    UsageFault_Handler                       0x0800151d   Thumb Code     2  stm32f10x_it.o(i.UsageFault_Handler)
    _is_digit                                0x0800151f   Thumb Code    14  __printf_wp.o(i._is_digit)
    _sys_exit                                0x0800152d   Thumb Code     2  usart.o(i._sys_exit)
    fputc                                    0x08001531   Thumb Code    18  usart.o(i.fputc)
    led_proc                                 0x08001549   Thumb Code   232  ui.o(i.led_proc)
    main                                     0x08001645   Thumb Code   128  main.o(i.main)
    menu_proc                                0x080016f9   Thumb Code   366  ui.o(i.menu_proc)
    menu_ui_show                             0x08001879   Thumb Code    62  ui.o(i.menu_ui_show)
    pic_proc                                 0x080018c9   Thumb Code   118  ui.o(i.pic_proc)
    pic_ui_show                              0x08001949   Thumb Code    26  ui.o(i.pic_ui_show)
    setting_proc                             0x0800196d   Thumb Code   534  ui.o(i.setting_proc)
    setting_ui_show                          0x08001b8d   Thumb Code   304  ui.o(i.setting_ui_show)
    u8g2_ClearBuffer                         0x08001cc5   Thumb Code    18  u8g2_buffer.o(i.u8g2_ClearBuffer)
    u8g2_DrawBox                             0x08001cd7   Thumb Code    68  u8g2_box.o(i.u8g2_DrawBox)
    u8g2_DrawDisc                            0x08001d1b   Thumb Code    64  u8g2_circle.o(i.u8g2_DrawDisc)
    u8g2_DrawGlyph                           0x08001d5b   Thumb Code   110  u8g2_font.o(i.u8g2_DrawGlyph)
    u8g2_DrawHLine                           0x08001dc9   Thumb Code    12  u8g2_hvline.o(i.u8g2_DrawHLine)
    u8g2_DrawHVLine                          0x08001dd5   Thumb Code   172  u8g2_hvline.o(i.u8g2_DrawHVLine)
    u8g2_DrawHXBMP                           0x08001e81   Thumb Code   148  u8g2_bitmap.o(i.u8g2_DrawHXBMP)
    u8g2_DrawRBox                            0x08001f15   Thumb Code   230  u8g2_box.o(i.u8g2_DrawRBox)
    u8g2_DrawStr                             0x08001ffd   Thumb Code    12  u8g2_font.o(i.u8g2_DrawStr)
    u8g2_DrawVLine                           0x0800200d   Thumb Code    12  u8g2_hvline.o(i.u8g2_DrawVLine)
    u8g2_DrawXBMP                            0x08002019   Thumb Code    76  u8g2_bitmap.o(i.u8g2_DrawXBMP)
    u8g2_IsIntersection                      0x08002065   Thumb Code    48  u8g2_intersection.o(i.u8g2_IsIntersection)
    u8g2_SendBuffer                          0x08002095   Thumb Code    18  u8g2_buffer.o(i.u8g2_SendBuffer)
    u8g2_SetDrawColor                        0x080020a7   Thumb Code    16  u8g2_hvline.o(i.u8g2_SetDrawColor)
    u8g2_SetFont                             0x080020b7   Thumb Code    32  u8g2_font.o(i.u8g2_SetFont)
    u8g2_SetFontPosBaseline                  0x080020d9   Thumb Code     6  u8g2_font.o(i.u8g2_SetFontPosBaseline)
    u8g2_SetMaxClipWindow                    0x080020e5   Thumb Code    28  u8g2_setup.o(i.u8g2_SetMaxClipWindow)
    u8g2_SetupBuffer                         0x08002101   Thumb Code    70  u8g2_setup.o(i.u8g2_SetupBuffer)
    u8g2_Setup_ssd1306_i2c_128x64_noname_f   0x08002149   Thumb Code    42  u8g2_d_setup.o(i.u8g2_Setup_ssd1306_i2c_128x64_noname_f)
    u8g2_UpdateRefHeight                     0x08002181   Thumb Code    82  u8g2_font.o(i.u8g2_UpdateRefHeight)
    u8g2_add_vector_x                        0x080021d3   Thumb Code    28  u8g2_font.o(i.u8g2_add_vector_x)
    u8g2_add_vector_y                        0x080021ef   Thumb Code    28  u8g2_font.o(i.u8g2_add_vector_y)
    u8g2_draw_hv_line_2dir                   0x080023eb   Thumb Code    18  u8g2_hvline.o(i.u8g2_draw_hv_line_2dir)
    u8g2_draw_l90_r0                         0x080023fd   Thumb Code    12  u8g2_setup.o(i.u8g2_draw_l90_r0)
    u8g2_font_calc_vref_font                 0x0800247f   Thumb Code     4  u8g2_font.o(i.u8g2_font_calc_vref_font)
    u8g2_font_decode_get_signed_bits         0x08002483   Thumb Code    20  u8g2_font.o(i.u8g2_font_decode_get_signed_bits)
    u8g2_font_decode_get_unsigned_bits       0x08002497   Thumb Code    52  u8g2_font.o(i.u8g2_font_decode_get_unsigned_bits)
    u8g2_font_decode_glyph                   0x080024cd   Thumb Code   276  u8g2_font.o(i.u8g2_font_decode_glyph)
    u8g2_font_decode_len                     0x080025e1   Thumb Code   140  u8g2_font.o(i.u8g2_font_decode_len)
    u8g2_font_get_glyph_data                 0x0800266d   Thumb Code   114  u8g2_font.o(i.u8g2_font_get_glyph_data)
    u8g2_is_intersection_decision_tree       0x08002727   Thumb Code    24  u8g2_intersection.o(i.u8g2_is_intersection_decision_tree)
    u8g2_ll_hvline_vertical_top_lsb          0x08002741   Thumb Code   144  u8g2_ll_hvline.o(i.u8g2_ll_hvline_vertical_top_lsb)
    u8g2_m_16_8_f                            0x080027d1   Thumb Code     8  u8g2_d_memory.o(i.u8g2_m_16_8_f)
    u8g2_read_font_info                      0x080027dd   Thumb Code   106  u8g2_font.o(i.u8g2_read_font_info)
    u8g2_update_dimension_r0                 0x080028db   Thumb Code     4  u8g2_setup.o(i.u8g2_update_dimension_r0)
    u8g2_update_page_win_r0                  0x080028df   Thumb Code    34  u8g2_setup.o(i.u8g2_update_page_win_r0)
    u8x8_DrawTile                            0x08002901   Thumb Code    30  u8x8_display.o(i.u8x8_DrawTile)
    u8x8_InitDisplay                         0x0800291f   Thumb Code    16  u8x8_display.o(i.u8x8_InitDisplay)
    u8x8_RefreshDisplay                      0x0800292f   Thumb Code    16  u8x8_display.o(i.u8x8_RefreshDisplay)
    u8x8_SetPowerSave                        0x0800293f   Thumb Code    16  u8x8_display.o(i.u8x8_SetPowerSave)
    u8x8_Setup                               0x0800294f   Thumb Code    34  u8x8_setup.o(i.u8x8_Setup)
    u8x8_SetupDefaults                       0x08002971   Thumb Code    32  u8x8_setup.o(i.u8x8_SetupDefaults)
    u8x8_SetupMemory                         0x08002995   Thumb Code    16  u8x8_display.o(i.u8x8_SetupMemory)
    u8x8_ascii_next                          0x080029a5   Thumb Code    14  u8x8_8x8.o(i.u8x8_ascii_next)
    u8x8_byte_EndTransfer                    0x080029b3   Thumb Code    16  u8x8_byte.o(i.u8x8_byte_EndTransfer)
    u8x8_byte_SendByte                       0x080029c3   Thumb Code    14  u8x8_byte.o(i.u8x8_byte_SendByte)
    u8x8_byte_StartTransfer                  0x080029d1   Thumb Code    16  u8x8_byte.o(i.u8x8_byte_StartTransfer)
    u8x8_byte_hw_i2c                         0x080029e1   Thumb Code   152  ui.o(i.u8x8_byte_hw_i2c)
    u8x8_cad_EndTransfer                     0x08002a8d   Thumb Code    16  u8x8_cad.o(i.u8x8_cad_EndTransfer)
    u8x8_cad_SendArg                         0x08002a9d   Thumb Code    16  u8x8_cad.o(i.u8x8_cad_SendArg)
    u8x8_cad_SendCmd                         0x08002aad   Thumb Code    16  u8x8_cad.o(i.u8x8_cad_SendCmd)
    u8x8_cad_SendData                        0x08002abd   Thumb Code    16  u8x8_cad.o(i.u8x8_cad_SendData)
    u8x8_cad_SendSequence                    0x08002acd   Thumb Code   104  u8x8_cad.o(i.u8x8_cad_SendSequence)
    u8x8_cad_StartTransfer                   0x08002b35   Thumb Code    16  u8x8_cad.o(i.u8x8_cad_StartTransfer)
    u8x8_cad_ssd13xx_fast_i2c                0x08002b45   Thumb Code   182  u8x8_cad.o(i.u8x8_cad_ssd13xx_fast_i2c)
    u8x8_d_helper_display_init               0x08002c01   Thumb Code    96  u8x8_display.o(i.u8x8_d_helper_display_init)
    u8x8_d_helper_display_setup_memory       0x08002c61   Thumb Code    10  u8x8_display.o(i.u8x8_d_helper_display_setup_memory)
    u8x8_d_ssd1306_128x64_noname             0x08002c6d   Thumb Code    52  u8x8_d_ssd1306_128x64_noname.o(i.u8x8_d_ssd1306_128x64_noname)
    u8x8_dummy_cb                            0x08002d71   Thumb Code     4  u8x8_setup.o(i.u8x8_dummy_cb)
    u8x8_gpio_and_delay                      0x08002d75   Thumb Code   142  ui.o(i.u8x8_gpio_and_delay)
    u8x8_gpio_call                           0x08002e09   Thumb Code    12  u8x8_gpio.o(i.u8x8_gpio_call)
    u8x8_utf8_init                           0x08002e41   Thumb Code     8  u8x8_8x8.o(i.u8x8_utf8_init)
    uart_init                                0x08002e49   Thumb Code   152  usart.o(i.uart_init)
    ui_proc                                  0x08002ee9   Thumb Code    58  ui.o(i.ui_proc)
    ui_run                                   0x08002f2d   Thumb Code    52  ui.o(i.ui_run)
    dianzan                                  0x08002f60   Data         175  ui_bmp_data.o(.constdata)
    shoucang                                 0x0800300f   Data         185  ui_bmp_data.o(.constdata)
    toubi                                    0x080030c8   Data         180  ui_bmp_data.o(.constdata)
    u8g2_font_t0_18_mf                       0x0800317c   Data        3697  u8g2_fonts.o(.constdata)
    u8g2_cb_r0                               0x08003ff0   Data          12  u8g2_setup.o(.constdata)
    Region$$Table$$Base                      0x080041a4   Number         0  anon$$obj.o(Region$$Table)
    Region$$Table$$Limit                     0x080041c4   Number         0  anon$$obj.o(Region$$Table)
    USART_RX_STA                             0x20000014   Data           2  usart.o(.data)
    __stdout                                 0x20000018   Data           4  usart.o(.data)
    ui_select                                0x2000001c   Data           1  ui.o(.data)
    y_select                                 0x2000001d   Data           1  ui.o(.data)
    ui_index                                 0x2000001e   Data           1  ui.o(.data)
    ui_state                                 0x2000001f   Data           1  ui.o(.data)
    setting_x                                0x20000020   Data           1  ui.o(.data)
    setting_x_trg                            0x20000021   Data           1  ui.o(.data)
    setting_y                                0x20000022   Data           1  ui.o(.data)
    setting_y_trg                            0x20000023   Data           1  ui.o(.data)
    Indic_y                                  0x20000024   Data           1  ui.o(.data)
    Indic_y_trg                              0x20000025   Data           1  ui.o(.data)
    Indic_x                                  0x20000026   Data           1  ui.o(.data)
    Indic_x_trg                              0x20000027   Data           1  ui.o(.data)
    Indic_vertical_x                         0x20000028   Data           1  ui.o(.data)
    Indic_vertical_x_trg                     0x20000029   Data           1  ui.o(.data)
    Indic_vertical_y                         0x2000002a   Data           1  ui.o(.data)
    Indic_vertical_y_trg                     0x2000002b   Data           1  ui.o(.data)
    Indic_Horizental_x                       0x2000002c   Data           1  ui.o(.data)
    Indic_Horizental_x_trg                   0x2000002d   Data           1  ui.o(.data)
    Indic_Horizental_y                       0x2000002e   Data           1  ui.o(.data)
    Indic_Horizental_y_trg                   0x2000002f   Data           1  ui.o(.data)
    menu_x                                   0x20000038   Data           1  ui.o(.data)
    menu_x_trg                               0x20000039   Data           1  ui.o(.data)
    menu_y                                   0x2000003a   Data           1  ui.o(.data)
    menu_y_trg                               0x2000003b   Data           1  ui.o(.data)
    pic_y                                    0x2000003c   Data           1  ui.o(.data)
    pic_y_trg                                0x2000003d   Data           1  ui.o(.data)
    frame_len                                0x2000003e   Data           1  ui.o(.data)
    frame_len_trg                            0x2000003f   Data           1  ui.o(.data)
    frame_y                                  0x20000040   Data           1  ui.o(.data)
    frame_y_trg                              0x20000041   Data           1  ui.o(.data)
    backtoseeting                            0x20000042   Data           1  ui.o(.data)
    list                                     0x20000044   Data          48  ui.o(.data)
    ui_list                                  0x20000074   Data          32  ui.o(.data)
    Key_Num                                  0x2000009c   Data           1  mykey.o(.data)
    LED0_Mode                                0x200000a4   Data           1  myled.o(.data)
    LED1_Mode                                0x200000a5   Data           1  myled.o(.data)
    LED2_Mode                                0x200000a6   Data           1  myled.o(.data)
    LED3_Mode                                0x200000a7   Data           1  myled.o(.data)
    LED4_Mode                                0x200000a8   Data           1  myled.o(.data)
    LED5_Mode                                0x200000a9   Data           1  myled.o(.data)
    LED6_Mode                                0x200000aa   Data           1  myled.o(.data)
    LED7_Mode                                0x200000ab   Data           1  myled.o(.data)
    BUZZER_Mode                              0x200000ac   Data           1  myled.o(.data)
    LED0_Count                               0x200000ae   Data           2  myled.o(.data)
    LED1_Count                               0x200000b0   Data           2  myled.o(.data)
    LED2_Count                               0x200000b2   Data           2  myled.o(.data)
    LED3_Count                               0x200000b4   Data           2  myled.o(.data)
    LED4_Count                               0x200000b6   Data           2  myled.o(.data)
    LED5_Count                               0x200000b8   Data           2  myled.o(.data)
    LED6_Count                               0x200000ba   Data           2  myled.o(.data)
    LED7_Count                               0x200000bc   Data           2  myled.o(.data)
    BUZZER_Count                             0x200000be   Data           2  myled.o(.data)
    keynum                                   0x200000c6   Data           1  main.o(.data)
    USART_RX_BUF                             0x200000c8   Data         200  usart.o(.bss)
    u8g2                                     0x200005b0   Data         148  main.o(.bss)
    __libspace_start                         0x20000644   Data          96  libspace.o(.bss)
    __temporary_stack_top$libspace           0x200006a4   Data           0  libspace.o(.bss)



==============================================================================

Memory Map of the image

  Image Entry point : 0x080000ed

  Load Region LR_IROM1 (Base: 0x08000000, Size: 0x0000428c, Max: 0x00010000, ABSOLUTE)

    Execution Region ER_IROM1 (Exec base: 0x08000000, Load base: 0x08000000, Size: 0x000041c4, Max: 0x00010000, ABSOLUTE)

    Exec Addr    Load Addr    Size         Type   Attr      Idx    E Section Name        Object

    0x08000000   0x08000000   0x000000ec   Data   RO            3    RESET               startup_stm32f10x_md.o
    0x080000ec   0x080000ec   0x00000008   Code   RO         8607  * !!!main             c_w.l(__main.o)
    0x080000f4   0x080000f4   0x00000034   Code   RO         8800    !!!scatter          c_w.l(__scatter.o)
    0x08000128   0x08000128   0x0000001a   Code   RO         8802    !!handler_copy      c_w.l(__scatter_copy.o)
    0x08000142   0x08000142   0x00000002   PAD
    0x08000144   0x08000144   0x0000001c   Code   RO         8804    !!handler_zi        c_w.l(__scatter_zi.o)
    0x08000160   0x08000160   0x00000000   Code   RO         8600    .ARM.Collect$$_printf_percent$$00000000  c_w.l(_printf_percent.o)
    0x08000160   0x08000160   0x00000006   Code   RO         8598    .ARM.Collect$$_printf_percent$$0000000C  c_w.l(_printf_x.o)
    0x08000166   0x08000166   0x00000004   Code   RO         8636    .ARM.Collect$$_printf_percent$$00000017  c_w.l(_printf_percent_end.o)
    0x0800016a   0x0800016a   0x00000002   Code   RO         8672    .ARM.Collect$$libinit$$00000000  c_w.l(libinit.o)
    0x0800016c   0x0800016c   0x00000000   Code   RO         8679    .ARM.Collect$$libinit$$00000002  c_w.l(libinit2.o)
    0x0800016c   0x0800016c   0x00000000   Code   RO         8681    .ARM.Collect$$libinit$$00000004  c_w.l(libinit2.o)
    0x0800016c   0x0800016c   0x00000000   Code   RO         8684    .ARM.Collect$$libinit$$0000000A  c_w.l(libinit2.o)
    0x0800016c   0x0800016c   0x00000000   Code   RO         8686    .ARM.Collect$$libinit$$0000000C  c_w.l(libinit2.o)
    0x0800016c   0x0800016c   0x00000000   Code   RO         8688    .ARM.Collect$$libinit$$0000000E  c_w.l(libinit2.o)
    0x0800016c   0x0800016c   0x00000000   Code   RO         8691    .ARM.Collect$$libinit$$00000011  c_w.l(libinit2.o)
    0x0800016c   0x0800016c   0x00000000   Code   RO         8693    .ARM.Collect$$libinit$$00000013  c_w.l(libinit2.o)
    0x0800016c   0x0800016c   0x00000000   Code   RO         8695    .ARM.Collect$$libinit$$00000015  c_w.l(libinit2.o)
    0x0800016c   0x0800016c   0x00000000   Code   RO         8697    .ARM.Collect$$libinit$$00000017  c_w.l(libinit2.o)
    0x0800016c   0x0800016c   0x00000000   Code   RO         8699    .ARM.Collect$$libinit$$00000019  c_w.l(libinit2.o)
    0x0800016c   0x0800016c   0x00000000   Code   RO         8701    .ARM.Collect$$libinit$$0000001B  c_w.l(libinit2.o)
    0x0800016c   0x0800016c   0x00000000   Code   RO         8703    .ARM.Collect$$libinit$$0000001D  c_w.l(libinit2.o)
    0x0800016c   0x0800016c   0x00000000   Code   RO         8705    .ARM.Collect$$libinit$$0000001F  c_w.l(libinit2.o)
    0x0800016c   0x0800016c   0x00000000   Code   RO         8707    .ARM.Collect$$libinit$$00000021  c_w.l(libinit2.o)
    0x0800016c   0x0800016c   0x00000000   Code   RO         8709    .ARM.Collect$$libinit$$00000023  c_w.l(libinit2.o)
    0x0800016c   0x0800016c   0x00000000   Code   RO         8711    .ARM.Collect$$libinit$$00000025  c_w.l(libinit2.o)
    0x0800016c   0x0800016c   0x00000000   Code   RO         8715    .ARM.Collect$$libinit$$0000002C  c_w.l(libinit2.o)
    0x0800016c   0x0800016c   0x00000000   Code   RO         8717    .ARM.Collect$$libinit$$0000002E  c_w.l(libinit2.o)
    0x0800016c   0x0800016c   0x00000000   Code   RO         8719    .ARM.Collect$$libinit$$00000030  c_w.l(libinit2.o)
    0x0800016c   0x0800016c   0x00000000   Code   RO         8721    .ARM.Collect$$libinit$$00000032  c_w.l(libinit2.o)
    0x0800016c   0x0800016c   0x00000002   Code   RO         8722    .ARM.Collect$$libinit$$00000033  c_w.l(libinit2.o)
    0x0800016e   0x0800016e   0x00000002   Code   RO         8740    .ARM.Collect$$libshutdown$$00000000  c_w.l(libshutdown.o)
    0x08000170   0x08000170   0x00000000   Code   RO         8750    .ARM.Collect$$libshutdown$$00000002  c_w.l(libshutdown2.o)
    0x08000170   0x08000170   0x00000000   Code   RO         8752    .ARM.Collect$$libshutdown$$00000004  c_w.l(libshutdown2.o)
    0x08000170   0x08000170   0x00000000   Code   RO         8754    .ARM.Collect$$libshutdown$$00000006  c_w.l(libshutdown2.o)
    0x08000170   0x08000170   0x00000000   Code   RO         8757    .ARM.Collect$$libshutdown$$00000009  c_w.l(libshutdown2.o)
    0x08000170   0x08000170   0x00000000   Code   RO         8760    .ARM.Collect$$libshutdown$$0000000C  c_w.l(libshutdown2.o)
    0x08000170   0x08000170   0x00000000   Code   RO         8762    .ARM.Collect$$libshutdown$$0000000E  c_w.l(libshutdown2.o)
    0x08000170   0x08000170   0x00000000   Code   RO         8765    .ARM.Collect$$libshutdown$$00000011  c_w.l(libshutdown2.o)
    0x08000170   0x08000170   0x00000002   Code   RO         8766    .ARM.Collect$$libshutdown$$00000012  c_w.l(libshutdown2.o)
    0x08000172   0x08000172   0x00000000   Code   RO         8627    .ARM.Collect$$rtentry$$00000000  c_w.l(__rtentry.o)
    0x08000172   0x08000172   0x00000000   Code   RO         8643    .ARM.Collect$$rtentry$$00000002  c_w.l(__rtentry2.o)
    0x08000172   0x08000172   0x00000006   Code   RO         8655    .ARM.Collect$$rtentry$$00000004  c_w.l(__rtentry4.o)
    0x08000178   0x08000178   0x00000000   Code   RO         8645    .ARM.Collect$$rtentry$$00000009  c_w.l(__rtentry2.o)
    0x08000178   0x08000178   0x00000004   Code   RO         8646    .ARM.Collect$$rtentry$$0000000A  c_w.l(__rtentry2.o)
    0x0800017c   0x0800017c   0x00000000   Code   RO         8648    .ARM.Collect$$rtentry$$0000000C  c_w.l(__rtentry2.o)
    0x0800017c   0x0800017c   0x00000008   Code   RO         8649    .ARM.Collect$$rtentry$$0000000D  c_w.l(__rtentry2.o)
    0x08000184   0x08000184   0x00000002   Code   RO         8676    .ARM.Collect$$rtexit$$00000000  c_w.l(rtexit.o)
    0x08000186   0x08000186   0x00000000   Code   RO         8724    .ARM.Collect$$rtexit$$00000002  c_w.l(rtexit2.o)
    0x08000186   0x08000186   0x00000004   Code   RO         8725    .ARM.Collect$$rtexit$$00000003  c_w.l(rtexit2.o)
    0x0800018a   0x0800018a   0x00000006   Code   RO         8726    .ARM.Collect$$rtexit$$00000004  c_w.l(rtexit2.o)
    0x08000190   0x08000190   0x00000040   Code   RO            4    .text               startup_stm32f10x_md.o
    0x080001d0   0x080001d0   0x00000002   Code   RO         8541    .text               c_w.l(use_no_semi_2.o)
    0x080001d2   0x080001d2   0x00000002   PAD
    0x080001d4   0x080001d4   0x00000018   Code   RO         8547    .text               c_w.l(noretval__2printf.o)
    0x080001ec   0x080001ec   0x00000058   Code   RO         8560    .text               c_w.l(_printf_hex_int.o)
    0x08000244   0x08000244   0x0000010e   Code   RO         8586    .text               c_w.l(__printf_wp.o)
    0x08000352   0x08000352   0x00000044   Code   RO         8601    .text               c_w.l(rt_memclr.o)
    0x08000396   0x08000396   0x0000004e   Code   RO         8603    .text               c_w.l(rt_memclr_w.o)
    0x080003e4   0x080003e4   0x00000006   Code   RO         8605    .text               c_w.l(heapauxi.o)
    0x080003ea   0x080003ea   0x00000002   Code   RO         8625    .text               c_w.l(use_no_semi.o)
    0x080003ec   0x080003ec   0x000000b2   Code   RO         8628    .text               c_w.l(_printf_intcommon.o)
    0x0800049e   0x0800049e   0x00000002   PAD
    0x080004a0   0x080004a0   0x00000030   Code   RO         8630    .text               c_w.l(_printf_char_common.o)
    0x080004d0   0x080004d0   0x00000024   Code   RO         8634    .text               c_w.l(_printf_char_file.o)
    0x080004f4   0x080004f4   0x00000008   Code   RO         8659    .text               c_w.l(ferror.o)
    0x080004fc   0x080004fc   0x0000004a   Code   RO         8663    .text               c_w.l(sys_stackheap_outer.o)
    0x08000546   0x08000546   0x00000012   Code   RO         8665    .text               c_w.l(exit.o)
    0x08000558   0x08000558   0x00000008   Code   RO         8673    .text               c_w.l(libspace.o)
    0x08000560   0x08000560   0x00000020   Code   RO         3772    i.BUZZER_SetState   myled.o
    0x08000580   0x08000580   0x00000002   Code   RO         8476    i.BusFault_Handler  stm32f10x_it.o
    0x08000582   0x08000582   0x00000002   Code   RO         8477    i.DebugMon_Handler  stm32f10x_it.o
    0x08000584   0x08000584   0x00000016   Code   RO         3173    i.Delay_ms          delay.o
    0x0800059a   0x0800059a   0x00000020   Code   RO         3175    i.Delay_us          delay.o
    0x080005ba   0x080005ba   0x00000002   PAD
    0x080005bc   0x080005bc   0x000000a2   Code   RO         1340    i.GPIO_Init         stm32f10x_gpio.o
    0x0800065e   0x0800065e   0x00000002   PAD
    0x08000660   0x08000660   0x00000058   Code   RO         1342    i.GPIO_PinRemapConfig  stm32f10x_gpio.o
    0x080006b8   0x080006b8   0x0000000e   Code   RO         1344    i.GPIO_ReadInputDataBit  stm32f10x_gpio.o
    0x080006c6   0x080006c6   0x00000004   Code   RO         1347    i.GPIO_ResetBits    stm32f10x_gpio.o
    0x080006ca   0x080006ca   0x00000004   Code   RO         1348    i.GPIO_SetBits      stm32f10x_gpio.o
    0x080006ce   0x080006ce   0x00000002   Code   RO         8478    i.HardFault_Handler  stm32f10x_it.o
    0x080006d0   0x080006d0   0x00000018   Code   RO         1454    i.I2C_CheckEvent    stm32f10x_i2c.o
    0x080006e8   0x080006e8   0x00000014   Code   RO         1457    i.I2C_Cmd           stm32f10x_i2c.o
    0x080006fc   0x080006fc   0x00000014   Code   RO         1464    i.I2C_GenerateSTART  stm32f10x_i2c.o
    0x08000710   0x08000710   0x00000014   Code   RO         1465    i.I2C_GenerateSTOP  stm32f10x_i2c.o
    0x08000724   0x08000724   0x000000bc   Code   RO         1471    i.I2C_Init          stm32f10x_i2c.o
    0x080007e0   0x080007e0   0x00000010   Code   RO         1478    i.I2C_Send7bitAddress  stm32f10x_i2c.o
    0x080007f0   0x080007f0   0x00000004   Code   RO         1479    i.I2C_SendData      stm32f10x_i2c.o
    0x080007f4   0x080007f4   0x00000014   Code   RO         3738    i.Key_GetNum        mykey.o
    0x08000808   0x08000808   0x00000050   Code   RO         3739    i.Key_GetState      mykey.o
    0x08000858   0x08000858   0x00000134   Code   RO         3740    i.Key_Tick          mykey.o
    0x0800098c   0x0800098c   0x000003a4   Code   RO         3773    i.LED_Tick          myled.o
    0x08000d30   0x08000d30   0x0000007c   Code   RO         3774    i.LEDx_SetMode      myled.o
    0x08000dac   0x08000dac   0x000000a0   Code   RO         3775    i.LEDx_SetState     myled.o
    0x08000e4c   0x08000e4c   0x00000002   Code   RO         8479    i.MemManage_Handler  stm32f10x_it.o
    0x08000e4e   0x08000e4e   0x00000002   PAD
    0x08000e50   0x08000e50   0x00000078   Code   RO         3741    i.My_Key_Init       mykey.o
    0x08000ec8   0x08000ec8   0x00000070   Code   RO         3777    i.My_LED_Init       myled.o
    0x08000f38   0x08000f38   0x00000002   Code   RO         8480    i.NMI_Handler       stm32f10x_it.o
    0x08000f3a   0x08000f3a   0x00000002   PAD
    0x08000f3c   0x08000f3c   0x00000064   Code   RO          132    i.NVIC_Init         misc.o
    0x08000fa0   0x08000fa0   0x00000014   Code   RO          133    i.NVIC_PriorityGroupConfig  misc.o
    0x08000fb4   0x08000fb4   0x00000080   Code   RO         3207    i.OLED_Init         iic_oled.o
    0x08001034   0x08001034   0x0000001e   Code   RO         3208    i.Oled_I2C_WaitEvent  iic_oled.o
    0x08001052   0x08001052   0x00000002   Code   RO         8481    i.PendSV_Handler    stm32f10x_it.o
    0x08001054   0x08001054   0x00000018   Code   RO         1768    i.RCC_APB1PeriphClockCmd  stm32f10x_rcc.o
    0x0800106c   0x0800106c   0x00000018   Code   RO         1770    i.RCC_APB2PeriphClockCmd  stm32f10x_rcc.o
    0x08001084   0x08001084   0x00000090   Code   RO         1778    i.RCC_GetClocksFreq  stm32f10x_rcc.o
    0x08001114   0x08001114   0x00000002   Code   RO         8482    i.SVC_Handler       stm32f10x_it.o
    0x08001116   0x08001116   0x00000002   PAD
    0x08001118   0x08001118   0x000000a8   Code   RO           24    i.SetSysClockTo72   system_stm32f10x.o
    0x080011c0   0x080011c0   0x00000002   Code   RO         8483    i.SysTick_Handler   stm32f10x_it.o
    0x080011c2   0x080011c2   0x00000002   PAD
    0x080011c4   0x080011c4   0x00000050   Code   RO           26    i.SystemInit        system_stm32f10x.o
    0x08001214   0x08001214   0x00000026   Code   RO         8420    i.TIM2_IRQHandler   main.o
    0x0800123a   0x0800123a   0x00000062   Code   RO         3347    i.TIM2_Int_Init     timer2.o
    0x0800129c   0x0800129c   0x00000006   Code   RO         2405    i.TIM_ClearFlag     stm32f10x_tim.o
    0x080012a2   0x080012a2   0x00000006   Code   RO         2406    i.TIM_ClearITPendingBit  stm32f10x_tim.o
    0x080012a8   0x080012a8   0x00000014   Code   RO         2411    i.TIM_Cmd           stm32f10x_tim.o
    0x080012bc   0x080012bc   0x00000018   Code   RO         2432    i.TIM_GetITStatus   stm32f10x_tim.o
    0x080012d4   0x080012d4   0x00000010   Code   RO         2436    i.TIM_ITConfig      stm32f10x_tim.o
    0x080012e4   0x080012e4   0x0000009c   Code   RO         2482    i.TIM_TimeBaseInit  stm32f10x_tim.o
    0x08001380   0x08001380   0x00000064   Code   RO         3445    i.USART1_IRQHandler  usart.o
    0x080013e4   0x080013e4   0x00000014   Code   RO         2937    i.USART_Cmd         stm32f10x_usart.o
    0x080013f8   0x080013f8   0x0000003e   Code   RO         2941    i.USART_GetITStatus  stm32f10x_usart.o
    0x08001436   0x08001436   0x00000030   Code   RO         2943    i.USART_ITConfig    stm32f10x_usart.o
    0x08001466   0x08001466   0x00000002   PAD
    0x08001468   0x08001468   0x000000ac   Code   RO         2944    i.USART_Init        stm32f10x_usart.o
    0x08001514   0x08001514   0x00000008   Code   RO         2951    i.USART_ReceiveData  stm32f10x_usart.o
    0x0800151c   0x0800151c   0x00000002   Code   RO         8484    i.UsageFault_Handler  stm32f10x_it.o
    0x0800151e   0x0800151e   0x0000000e   Code   RO         8588    i._is_digit         c_w.l(__printf_wp.o)
    0x0800152c   0x0800152c   0x00000002   Code   RO         3446    i._sys_exit         usart.o
    0x0800152e   0x0800152e   0x00000002   PAD
    0x08001530   0x08001530   0x00000018   Code   RO         3447    i.fputc             usart.o
    0x08001548   0x08001548   0x000000fc   Code   RO         3490    i.led_proc          ui.o
    0x08001644   0x08001644   0x000000b4   Code   RO         8421    i.main              main.o
    0x080016f8   0x080016f8   0x00000180   Code   RO         3491    i.menu_proc         ui.o
    0x08001878   0x08001878   0x00000050   Code   RO         3492    i.menu_ui_show      ui.o
    0x080018c8   0x080018c8   0x00000080   Code   RO         3493    i.pic_proc          ui.o
    0x08001948   0x08001948   0x00000024   Code   RO         3494    i.pic_ui_show       ui.o
    0x0800196c   0x0800196c   0x00000220   Code   RO         3495    i.setting_proc      ui.o
    0x08001b8c   0x08001b8c   0x00000138   Code   RO         3496    i.setting_ui_show   ui.o
    0x08001cc4   0x08001cc4   0x00000012   Code   RO         4506    i.u8g2_ClearBuffer  u8g2_buffer.o
    0x08001cd6   0x08001cd6   0x00000044   Code   RO         4476    i.u8g2_DrawBox      u8g2_box.o
    0x08001d1a   0x08001d1a   0x00000040   Code   RO         4601    i.u8g2_DrawDisc     u8g2_circle.o
    0x08001d5a   0x08001d5a   0x0000006e   Code   RO         4709    i.u8g2_DrawGlyph    u8g2_font.o
    0x08001dc8   0x08001dc8   0x0000000c   Code   RO         6963    i.u8g2_DrawHLine    u8g2_hvline.o
    0x08001dd4   0x08001dd4   0x000000ac   Code   RO         6964    i.u8g2_DrawHVLine   u8g2_hvline.o
    0x08001e80   0x08001e80   0x00000094   Code   RO         4430    i.u8g2_DrawHXBMP    u8g2_bitmap.o
    0x08001f14   0x08001f14   0x000000e6   Code   RO         4478    i.u8g2_DrawRBox     u8g2_box.o
    0x08001ffa   0x08001ffa   0x00000002   PAD
    0x08001ffc   0x08001ffc   0x00000010   Code   RO         4711    i.u8g2_DrawStr      u8g2_font.o
    0x0800200c   0x0800200c   0x0000000c   Code   RO         6966    i.u8g2_DrawVLine    u8g2_hvline.o
    0x08002018   0x08002018   0x0000004c   Code   RO         4433    i.u8g2_DrawXBMP     u8g2_bitmap.o
    0x08002064   0x08002064   0x00000030   Code   RO         7025    i.u8g2_IsIntersection  u8g2_intersection.o
    0x08002094   0x08002094   0x00000012   Code   RO         4509    i.u8g2_SendBuffer   u8g2_buffer.o
    0x080020a6   0x080020a6   0x00000010   Code   RO         6967    i.u8g2_SetDrawColor  u8g2_hvline.o
    0x080020b6   0x080020b6   0x00000020   Code   RO         4727    i.u8g2_SetFont      u8g2_font.o
    0x080020d6   0x080020d6   0x00000002   PAD
    0x080020d8   0x080020d8   0x0000000c   Code   RO         4730    i.u8g2_SetFontPosBaseline  u8g2_font.o
    0x080020e4   0x080020e4   0x0000001c   Code   RO         7213    i.u8g2_SetMaxClipWindow  u8g2_setup.o
    0x08002100   0x08002100   0x00000046   Code   RO         7214    i.u8g2_SetupBuffer  u8g2_setup.o
    0x08002146   0x08002146   0x00000002   PAD
    0x08002148   0x08002148   0x00000038   Code   RO         4695    i.u8g2_Setup_ssd1306_i2c_128x64_noname_f  u8g2_d_setup.o
    0x08002180   0x08002180   0x00000052   Code   RO         4737    i.u8g2_UpdateRefHeight  u8g2_font.o
    0x080021d2   0x080021d2   0x0000001c   Code   RO         4738    i.u8g2_add_vector_x  u8g2_font.o
    0x080021ee   0x080021ee   0x0000001c   Code   RO         4739    i.u8g2_add_vector_y  u8g2_font.o
    0x0800220a   0x0800220a   0x0000006e   Code   RO         7216    i.u8g2_apply_clip_window  u8g2_setup.o
    0x08002278   0x08002278   0x0000003c   Code   RO         6968    i.u8g2_clip_intersection2  u8g2_hvline.o
    0x080022b4   0x080022b4   0x0000006a   Code   RO         4606    i.u8g2_draw_disc    u8g2_circle.o
    0x0800231e   0x0800231e   0x000000cc   Code   RO         4607    i.u8g2_draw_disc_section  u8g2_circle.o
    0x080023ea   0x080023ea   0x00000012   Code   RO         6969    i.u8g2_draw_hv_line_2dir  u8g2_hvline.o
    0x080023fc   0x080023fc   0x0000000c   Code   RO         7218    i.u8g2_draw_l90_r0  u8g2_setup.o
    0x08002408   0x08002408   0x00000076   Code   RO         4740    i.u8g2_draw_string  u8g2_font.o
    0x0800247e   0x0800247e   0x00000004   Code   RO         4746    i.u8g2_font_calc_vref_font  u8g2_font.o
    0x08002482   0x08002482   0x00000014   Code   RO         4748    i.u8g2_font_decode_get_signed_bits  u8g2_font.o
    0x08002496   0x08002496   0x00000034   Code   RO         4749    i.u8g2_font_decode_get_unsigned_bits  u8g2_font.o
    0x080024ca   0x080024ca   0x00000002   PAD
    0x080024cc   0x080024cc   0x00000114   Code   RO         4750    i.u8g2_font_decode_glyph  u8g2_font.o
    0x080025e0   0x080025e0   0x0000008c   Code   RO         4751    i.u8g2_font_decode_len  u8g2_font.o
    0x0800266c   0x0800266c   0x00000072   Code   RO         4752    i.u8g2_font_get_glyph_data  u8g2_font.o
    0x080026de   0x080026de   0x00000014   Code   RO         4753    i.u8g2_font_get_word  u8g2_font.o
    0x080026f2   0x080026f2   0x00000034   Code   RO         4754    i.u8g2_font_setup_decode  u8g2_font.o
    0x08002726   0x08002726   0x00000018   Code   RO         7026    i.u8g2_is_intersection_decision_tree  u8g2_intersection.o
    0x0800273e   0x0800273e   0x00000002   PAD
    0x08002740   0x08002740   0x00000090   Code   RO         7074    i.u8g2_ll_hvline_vertical_top_lsb  u8g2_ll_hvline.o
    0x080027d0   0x080027d0   0x0000000c   Code   RO         4682    i.u8g2_m_16_8_f     u8g2_d_memory.o
    0x080027dc   0x080027dc   0x0000006a   Code   RO         4755    i.u8g2_read_font_info  u8g2_font.o
    0x08002846   0x08002846   0x0000004e   Code   RO         4517    i.u8g2_send_buffer  u8g2_buffer.o
    0x08002894   0x08002894   0x00000046   Code   RO         7223    i.u8g2_update_dimension_common  u8g2_setup.o
    0x080028da   0x080028da   0x00000004   Code   RO         7224    i.u8g2_update_dimension_r0  u8g2_setup.o
    0x080028de   0x080028de   0x00000022   Code   RO         7228    i.u8g2_update_page_win_r0  u8g2_setup.o
    0x08002900   0x08002900   0x0000001e   Code   RO         8001    i.u8x8_DrawTile     u8x8_display.o
    0x0800291e   0x0800291e   0x00000010   Code   RO         8003    i.u8x8_InitDisplay  u8x8_display.o
    0x0800292e   0x0800292e   0x00000010   Code   RO         8005    i.u8x8_RefreshDisplay  u8x8_display.o
    0x0800293e   0x0800293e   0x00000010   Code   RO         8008    i.u8x8_SetPowerSave  u8x8_display.o
    0x0800294e   0x0800294e   0x00000022   Code   RO         8307    i.u8x8_Setup        u8x8_setup.o
    0x08002970   0x08002970   0x00000024   Code   RO         8308    i.u8x8_SetupDefaults  u8x8_setup.o
    0x08002994   0x08002994   0x00000010   Code   RO         8009    i.u8x8_SetupMemory  u8x8_display.o
    0x080029a4   0x080029a4   0x0000000e   Code   RO         7508    i.u8x8_ascii_next   u8x8_8x8.o
    0x080029b2   0x080029b2   0x00000010   Code   RO         7633    i.u8x8_byte_EndTransfer  u8x8_byte.o
    0x080029c2   0x080029c2   0x0000000e   Code   RO         7634    i.u8x8_byte_SendByte  u8x8_byte.o
    0x080029d0   0x080029d0   0x00000010   Code   RO         7637    i.u8x8_byte_StartTransfer  u8x8_byte.o
    0x080029e0   0x080029e0   0x000000ac   Code   RO         3497    i.u8x8_byte_hw_i2c  ui.o
    0x08002a8c   0x08002a8c   0x00000010   Code   RO         7753    i.u8x8_cad_EndTransfer  u8x8_cad.o
    0x08002a9c   0x08002a9c   0x00000010   Code   RO         7754    i.u8x8_cad_SendArg  u8x8_cad.o
    0x08002aac   0x08002aac   0x00000010   Code   RO         7755    i.u8x8_cad_SendCmd  u8x8_cad.o
    0x08002abc   0x08002abc   0x00000010   Code   RO         7756    i.u8x8_cad_SendData  u8x8_cad.o
    0x08002acc   0x08002acc   0x00000068   Code   RO         7758    i.u8x8_cad_SendSequence  u8x8_cad.o
    0x08002b34   0x08002b34   0x00000010   Code   RO         7759    i.u8x8_cad_StartTransfer  u8x8_cad.o
    0x08002b44   0x08002b44   0x000000bc   Code   RO         7762    i.u8x8_cad_ssd13xx_fast_i2c  u8x8_cad.o
    0x08002c00   0x08002c00   0x00000060   Code   RO         8010    i.u8x8_d_helper_display_init  u8x8_display.o
    0x08002c60   0x08002c60   0x0000000a   Code   RO         8011    i.u8x8_d_helper_display_setup_memory  u8x8_display.o
    0x08002c6a   0x08002c6a   0x00000002   PAD
    0x08002c6c   0x08002c6c   0x0000003c   Code   RO         7935    i.u8x8_d_ssd1306_128x64_noname  u8x8_d_ssd1306_128x64_noname.o
    0x08002ca8   0x08002ca8   0x000000c8   Code   RO         7937    i.u8x8_d_ssd1306_sh1106_generic  u8x8_d_ssd1306_128x64_noname.o
    0x08002d70   0x08002d70   0x00000004   Code   RO         8310    i.u8x8_dummy_cb     u8x8_setup.o
    0x08002d74   0x08002d74   0x00000094   Code   RO         3498    i.u8x8_gpio_and_delay  ui.o
    0x08002e08   0x08002e08   0x0000000c   Code   RO         8229    i.u8x8_gpio_call    u8x8_gpio.o
    0x08002e14   0x08002e14   0x0000002c   Code   RO         7770    i.u8x8_i2c_data_transfer  u8x8_cad.o
    0x08002e40   0x08002e40   0x00000008   Code   RO         7516    i.u8x8_utf8_init    u8x8_8x8.o
    0x08002e48   0x08002e48   0x000000a0   Code   RO         3448    i.uart_init         usart.o
    0x08002ee8   0x08002ee8   0x00000044   Code   RO         3499    i.ui_proc           ui.o
    0x08002f2c   0x08002f2c   0x00000034   Code   RO         3500    i.ui_run            ui.o
    0x08002f60   0x08002f60   0x000000af   Data   RO         3716    .constdata          ui_bmp_data.o
    0x0800300f   0x0800300f   0x000000b9   Data   RO         3717    .constdata          ui_bmp_data.o
    0x080030c8   0x080030c8   0x000000b4   Data   RO         3718    .constdata          ui_bmp_data.o
    0x0800317c   0x0800317c   0x00000e71   Data   RO         5342    .constdata          u8g2_fonts.o
    0x08003fed   0x08003fed   0x00000003   PAD
    0x08003ff0   0x08003ff0   0x0000000c   Data   RO         7232    .constdata          u8g2_setup.o
    0x08003ffc   0x08003ffc   0x00000158   Data   RO         7939    .constdata          u8x8_d_ssd1306_128x64_noname.o
    0x08004154   0x08004154   0x00000028   Data   RO         8561    .constdata          c_w.l(_printf_hex_int.o)
    0x0800417c   0x0800417c   0x00000026   Data   RO         3502    .conststring        ui.o
    0x080041a2   0x080041a2   0x00000002   PAD
    0x080041a4   0x080041a4   0x00000020   Data   RO         8798    Region$$Table       anon$$obj.o


    Execution Region RW_IRAM1 (Exec base: 0x20000000, Load base: 0x080041c4, Size: 0x00000ca8, Max: 0x00005000, ABSOLUTE)

    Exec Addr    Load Addr    Size         Type   Attr      Idx    E Section Name        Object

    0x20000000   0x080041c4   0x00000014   Data   RW         1798    .data               stm32f10x_rcc.o
    0x20000014   0x080041d8   0x00000002   Data   RW         3450    .data               usart.o
    0x20000016   0x080041da   0x00000002   PAD
    0x20000018   0x080041dc   0x00000004   Data   RW         3451    .data               usart.o
    0x2000001c   0x080041e0   0x00000078   Data   RW         3503    .data               ui.o
    0x20000094   0x08004258   0x00000010   Data   RW         3742    .data               mykey.o
    0x200000a4   0x08004268   0x0000001c   Data   RW         3778    .data               myled.o
    0x200000c0   0x08004284   0x00000006   Data   RW         7772    .data               u8x8_cad.o
    0x200000c6   0x0800428a   0x00000001   Data   RW         8423    .data               main.o
    0x200000c7   0x0800428b   0x00000001   PAD
    0x200000c8        -       0x000000c8   Zero   RW         3449    .bss                usart.o
    0x20000190        -       0x00000020   Zero   RW         3501    .bss                ui.o
    0x200001b0        -       0x00000400   Zero   RW         4683    .bss                u8g2_d_memory.o
    0x200005b0        -       0x00000094   Zero   RW         8422    .bss                main.o
    0x20000644        -       0x00000060   Zero   RW         8674    .bss                c_w.l(libspace.o)
    0x200006a4   0x0800428b   0x00000004   PAD
    0x200006a8        -       0x00000200   Zero   RW            2    HEAP                startup_stm32f10x_md.o
    0x200008a8        -       0x00000400   Zero   RW            1    STACK               startup_stm32f10x_md.o


==============================================================================

Image component sizes


      Code (inc. data)   RO Data    RW Data    ZI Data      Debug   Object Name

         0          0          0          0          0       4516   core_cm3.o
        54          0          0          0          0       1268   delay.o
       158         14          0          0          0     220014   iic_oled.o
       218         52          0          1        148       1511   main.o
       120         16          0          0          0     204855   misc.o
         0          0          0          0          0     159310   mui_u8g2.o
       528         36          0         16          0       3371   mykey.o
      1360         54          0         28          0       5749   myled.o
        64         26        236          0       1536        848   startup_stm32f10x_md.o
         0          0          0          0          0       1684   stm32f10x_adc.o
       272          6          0          0          0      12638   stm32f10x_gpio.o
       292         10          0          0          0      13866   stm32f10x_i2c.o
        18          0          0          0          0       3958   stm32f10x_it.o
       192         28          0         20          0      13178   stm32f10x_rcc.o
       228         42          0          0          0      25293   stm32f10x_tim.o
       310          6          0          0          0      11010   stm32f10x_usart.o
       248         24          0          0          0      24717   system_stm32f10x.o
        98          0          0          0          0     233176   timer2.o
       224          0          0          0          0       2121   u8g2_bitmap.o
       298          0          0          0          0       1615   u8g2_box.o
       114          0          0          0          0       2531   u8g2_buffer.o
       374          0          0          0          0       3580   u8g2_circle.o
        12          4          0          0       1024        872   u8g2_d_memory.o
        56         14          0          0          0       1077   u8g2_d_setup.o
      1210         10          0          0          0      13952   u8g2_font.o
         0          0       3697          0          0     145419   u8g2_fonts.o
       290          0          0          0          0       4309   u8g2_hvline.o
        72          0          0          0          0       1935   u8g2_intersection.o
       144          0          0          0          0       1414   u8g2_ll_hvline.o
       328          0         12          0          0     146919   u8g2_setup.o
        22          0          0          0          0       1865   u8x8_8x8.o
        46          0          0          0          0       1703   u8x8_byte.o
       416         12          0          6          0       8912   u8x8_cad.o
       260         12        344          0          0       3151   u8x8_d_ssd1306_128x64_noname.o
       200          0          0          0          0       4438   u8x8_display.o
        12          0          0          0          0        597   u8x8_gpio.o
        74          4          0          0          0       1782   u8x8_setup.o
      2176        130         38        120         32     180870   ui.o
         0          0        540          0          0        747   ui_bmp_data.o
       286         26          0          6        200       4148   usart.o

    ----------------------------------------------------------------------
     10802        526       4904        200       2940    1474919   Object Totals
         0          0         32          0          0          0   (incl. Generated)
        28          0          5          3          0          0   (incl. Padding)

    ----------------------------------------------------------------------

      Code (inc. data)   RO Data    RW Data    ZI Data      Debug   Library Member Name

         8          0          0          0          0         68   __main.o
       284          0          0          0          0        156   __printf_wp.o
         0          0          0          0          0          0   __rtentry.o
        12          0          0          0          0          0   __rtentry2.o
         6          0          0          0          0          0   __rtentry4.o
        52          8          0          0          0          0   __scatter.o
        26          0          0          0          0          0   __scatter_copy.o
        28          0          0          0          0          0   __scatter_zi.o
        48          6          0          0          0         96   _printf_char_common.o
        36          4          0          0          0         80   _printf_char_file.o
        88          4         40          0          0         88   _printf_hex_int.o
       178          0          0          0          0         88   _printf_intcommon.o
         0          0          0          0          0          0   _printf_percent.o
         4          0          0          0          0          0   _printf_percent_end.o
         6          0          0          0          0          0   _printf_x.o
        18          0          0          0          0         80   exit.o
         8          0          0          0          0         68   ferror.o
         6          0          0          0          0        152   heapauxi.o
         2          0          0          0          0          0   libinit.o
         2          0          0          0          0          0   libinit2.o
         2          0          0          0          0          0   libshutdown.o
         2          0          0          0          0          0   libshutdown2.o
         8          4          0          0         96         68   libspace.o
        24          4          0          0          0         84   noretval__2printf.o
        68          0          0          0          0         68   rt_memclr.o
        78          0          0          0          0         80   rt_memclr_w.o
         2          0          0          0          0          0   rtexit.o
        10          0          0          0          0          0   rtexit2.o
        74          0          0          0          0         80   sys_stackheap_outer.o
         2          0          0          0          0         68   use_no_semi.o
         2          0          0          0          0         68   use_no_semi_2.o

    ----------------------------------------------------------------------
      1090         30         40          0        100       1392   Library Totals
         6          0          0          0          4          0   (incl. Padding)

    ----------------------------------------------------------------------

      Code (inc. data)   RO Data    RW Data    ZI Data      Debug   Library Name

      1084         30         40          0         96       1392   c_w.l

    ----------------------------------------------------------------------
      1090         30         40          0        100       1392   Library Totals

    ----------------------------------------------------------------------

==============================================================================


      Code (inc. data)   RO Data    RW Data    ZI Data      Debug   

     11892        556       4944        200       3040    1468559   Grand Totals
     11892        556       4944        200       3040    1468559   ELF Image Totals
     11892        556       4944        200          0          0   ROM Totals

==============================================================================

    Total RO  Size (Code + RO Data)                16836 (  16.44kB)
    Total RW  Size (RW Data + ZI Data)              3240 (   3.16kB)
    Total ROM Size (Code + RO Data + RW Data)      17036 (  16.64kB)

==============================================================================

