Component: ARM Compiler 5.06 update 7 (build 960) Tool: armlink [4d3601]

==============================================================================

Section Cross References

    startup_stm32f10x_md.o(STACK) refers (Special) to heapauxi.o(.text) for __use_two_region_memory
    startup_stm32f10x_md.o(HEAP) refers (Special) to heapauxi.o(.text) for __use_two_region_memory
    startup_stm32f10x_md.o(RESET) refers (Special) to heapauxi.o(.text) for __use_two_region_memory
    startup_stm32f10x_md.o(RESET) refers to startup_stm32f10x_md.o(STACK) for __initial_sp
    startup_stm32f10x_md.o(RESET) refers to startup_stm32f10x_md.o(.text) for Reset_Handler
    startup_stm32f10x_md.o(RESET) refers to stm32f10x_it.o(i.NMI_Handler) for NMI_Handler
    startup_stm32f10x_md.o(RESET) refers to stm32f10x_it.o(i.HardFault_Handler) for HardFault_Handler
    startup_stm32f10x_md.o(RESET) refers to stm32f10x_it.o(i.MemManage_Handler) for MemManage_Handler
    startup_stm32f10x_md.o(RESET) refers to stm32f10x_it.o(i.BusFault_Handler) for BusFault_Handler
    startup_stm32f10x_md.o(RESET) refers to stm32f10x_it.o(i.UsageFault_Handler) for UsageFault_Handler
    startup_stm32f10x_md.o(RESET) refers to stm32f10x_it.o(i.SVC_Handler) for SVC_Handler
    startup_stm32f10x_md.o(RESET) refers to stm32f10x_it.o(i.DebugMon_Handler) for DebugMon_Handler
    startup_stm32f10x_md.o(RESET) refers to stm32f10x_it.o(i.PendSV_Handler) for PendSV_Handler
    startup_stm32f10x_md.o(RESET) refers to stm32f10x_it.o(i.SysTick_Handler) for SysTick_Handler
    startup_stm32f10x_md.o(RESET) refers to main.o(i.TIM2_IRQHandler) for TIM2_IRQHandler
    startup_stm32f10x_md.o(RESET) refers to usart.o(i.USART1_IRQHandler) for USART1_IRQHandler
    startup_stm32f10x_md.o(.text) refers (Special) to heapauxi.o(.text) for __use_two_region_memory
    startup_stm32f10x_md.o(.text) refers to system_stm32f10x.o(i.SystemInit) for SystemInit
    startup_stm32f10x_md.o(.text) refers to __main.o(!!!main) for __main
    startup_stm32f10x_md.o(.text) refers to startup_stm32f10x_md.o(HEAP) for Heap_Mem
    startup_stm32f10x_md.o(.text) refers to startup_stm32f10x_md.o(STACK) for Stack_Mem
    system_stm32f10x.o(i.SystemCoreClockUpdate) refers to system_stm32f10x.o(.data) for .data
    system_stm32f10x.o(i.SystemInit) refers to system_stm32f10x.o(i.SetSysClockTo72) for SetSysClockTo72
    stm32f10x_adc.o(i.ADC_DeInit) refers to stm32f10x_rcc.o(i.RCC_APB2PeriphResetCmd) for RCC_APB2PeriphResetCmd
    stm32f10x_bkp.o(i.BKP_DeInit) refers to stm32f10x_rcc.o(i.RCC_BackupResetCmd) for RCC_BackupResetCmd
    stm32f10x_can.o(i.CAN_DeInit) refers to stm32f10x_rcc.o(i.RCC_APB1PeriphResetCmd) for RCC_APB1PeriphResetCmd
    stm32f10x_can.o(i.CAN_GetITStatus) refers to stm32f10x_can.o(i.CheckITStatus) for CheckITStatus
    stm32f10x_cec.o(i.CEC_DeInit) refers to stm32f10x_rcc.o(i.RCC_APB1PeriphResetCmd) for RCC_APB1PeriphResetCmd
    stm32f10x_dac.o(i.DAC_DeInit) refers to stm32f10x_rcc.o(i.RCC_APB1PeriphResetCmd) for RCC_APB1PeriphResetCmd
    stm32f10x_flash.o(i.FLASH_EnableWriteProtection) refers to stm32f10x_flash.o(i.FLASH_WaitForLastOperation) for FLASH_WaitForLastOperation
    stm32f10x_flash.o(i.FLASH_EraseAllBank1Pages) refers to stm32f10x_flash.o(i.FLASH_WaitForLastBank1Operation) for FLASH_WaitForLastBank1Operation
    stm32f10x_flash.o(i.FLASH_EraseAllPages) refers to stm32f10x_flash.o(i.FLASH_WaitForLastOperation) for FLASH_WaitForLastOperation
    stm32f10x_flash.o(i.FLASH_EraseOptionBytes) refers to stm32f10x_flash.o(i.FLASH_GetReadOutProtectionStatus) for FLASH_GetReadOutProtectionStatus
    stm32f10x_flash.o(i.FLASH_EraseOptionBytes) refers to stm32f10x_flash.o(i.FLASH_WaitForLastOperation) for FLASH_WaitForLastOperation
    stm32f10x_flash.o(i.FLASH_ErasePage) refers to stm32f10x_flash.o(i.FLASH_WaitForLastOperation) for FLASH_WaitForLastOperation
    stm32f10x_flash.o(i.FLASH_ProgramHalfWord) refers to stm32f10x_flash.o(i.FLASH_WaitForLastOperation) for FLASH_WaitForLastOperation
    stm32f10x_flash.o(i.FLASH_ProgramOptionByteData) refers to stm32f10x_flash.o(i.FLASH_WaitForLastOperation) for FLASH_WaitForLastOperation
    stm32f10x_flash.o(i.FLASH_ProgramWord) refers to stm32f10x_flash.o(i.FLASH_WaitForLastOperation) for FLASH_WaitForLastOperation
    stm32f10x_flash.o(i.FLASH_ReadOutProtection) refers to stm32f10x_flash.o(i.FLASH_WaitForLastOperation) for FLASH_WaitForLastOperation
    stm32f10x_flash.o(i.FLASH_UserOptionByteConfig) refers to stm32f10x_flash.o(i.FLASH_WaitForLastOperation) for FLASH_WaitForLastOperation
    stm32f10x_flash.o(i.FLASH_WaitForLastBank1Operation) refers to stm32f10x_flash.o(i.FLASH_GetBank1Status) for FLASH_GetBank1Status
    stm32f10x_flash.o(i.FLASH_WaitForLastOperation) refers to stm32f10x_flash.o(i.FLASH_GetBank1Status) for FLASH_GetBank1Status
    stm32f10x_gpio.o(i.GPIO_AFIODeInit) refers to stm32f10x_rcc.o(i.RCC_APB2PeriphResetCmd) for RCC_APB2PeriphResetCmd
[...]
    i.u8g2_clip_intersection2                0x08002ce0   Section        0  u8g2_hvline.o(i.u8g2_clip_intersection2)
    u8g2_clip_intersection2                  0x08002ce1   Thumb Code    60  u8g2_hvline.o(i.u8g2_clip_intersection2)
    i.u8g2_draw_disc                         0x08002d1c   Section        0  u8g2_circle.o(i.u8g2_draw_disc)
    u8g2_draw_disc                           0x08002d1d   Thumb Code   106  u8g2_circle.o(i.u8g2_draw_disc)
    i.u8g2_draw_disc_section                 0x08002d86   Section        0  u8g2_circle.o(i.u8g2_draw_disc_section)
    u8g2_draw_disc_section                   0x08002d87   Thumb Code   204  u8g2_circle.o(i.u8g2_draw_disc_section)
    i.u8g2_draw_hv_line_2dir                 0x08002e52   Section        0  u8g2_hvline.o(i.u8g2_draw_hv_line_2dir)
    i.u8g2_draw_l90_r0                       0x08002e64   Section        0  u8g2_setup.o(i.u8g2_draw_l90_r0)
    i.u8g2_draw_string                       0x08002e70   Section        0  u8g2_font.o(i.u8g2_draw_string)
    u8g2_draw_string                         0x08002e71   Thumb Code   118  u8g2_font.o(i.u8g2_draw_string)
    i.u8g2_font_calc_vref_font               0x08002ee6   Section        0  u8g2_font.o(i.u8g2_font_calc_vref_font)
    i.u8g2_font_decode_get_signed_bits       0x08002eea   Section        0  u8g2_font.o(i.u8g2_font_decode_get_signed_bits)
    i.u8g2_font_decode_get_unsigned_bits     0x08002efe   Section        0  u8g2_font.o(i.u8g2_font_decode_get_unsigned_bits)
    i.u8g2_font_decode_glyph                 0x08002f34   Section        0  u8g2_font.o(i.u8g2_font_decode_glyph)
    i.u8g2_font_decode_len                   0x08003048   Section        0  u8g2_font.o(i.u8g2_font_decode_len)
    i.u8g2_font_get_glyph_data               0x080030d4   Section        0  u8g2_font.o(i.u8g2_font_get_glyph_data)
    i.u8g2_font_get_word                     0x08003146   Section        0  u8g2_font.o(i.u8g2_font_get_word)
    u8g2_font_get_word                       0x08003147   Thumb Code    20  u8g2_font.o(i.u8g2_font_get_word)
    i.u8g2_font_setup_decode                 0x0800315a   Section        0  u8g2_font.o(i.u8g2_font_setup_decode)
    u8g2_font_setup_decode                   0x0800315b   Thumb Code    52  u8g2_font.o(i.u8g2_font_setup_decode)
    i.u8g2_is_intersection_decision_tree     0x0800318e   Section        0  u8g2_intersection.o(i.u8g2_is_intersection_decision_tree)
    i.u8g2_ll_hvline_vertical_top_lsb        0x080031a8   Section        0  u8g2_ll_hvline.o(i.u8g2_ll_hvline_vertical_top_lsb)
    i.u8g2_m_16_8_f                          0x08003238   Section        0  u8g2_d_memory.o(i.u8g2_m_16_8_f)
    i.u8g2_read_font_info                    0x08003244   Section        0  u8g2_font.o(i.u8g2_read_font_info)
    i.u8g2_send_buffer                       0x080032ae   Section        0  u8g2_buffer.o(i.u8g2_send_buffer)
    u8g2_send_buffer                         0x080032af   Thumb Code    78  u8g2_buffer.o(i.u8g2_send_buffer)
    i.u8g2_update_dimension_common           0x080032fc   Section        0  u8g2_setup.o(i.u8g2_update_dimension_common)
    u8g2_update_dimension_common             0x080032fd   Thumb Code    70  u8g2_setup.o(i.u8g2_update_dimension_common)
    i.u8g2_update_dimension_r0               0x08003342   Section        0  u8g2_setup.o(i.u8g2_update_dimension_r0)
    i.u8g2_update_page_win_r0                0x08003346   Section        0  u8g2_setup.o(i.u8g2_update_page_win_r0)
    i.u8x8_DrawTile                          0x08003368   Section        0  u8x8_display.o(i.u8x8_DrawTile)
    i.u8x8_InitDisplay                       0x08003386   Section        0  u8x8_display.o(i.u8x8_InitDisplay)
    i.u8x8_RefreshDisplay                    0x08003396   Section        0  u8x8_display.o(i.u8x8_RefreshDisplay)
    i.u8x8_SetPowerSave                      0x080033a6   Section        0  u8x8_display.o(i.u8x8_SetPowerSave)
    i.u8x8_Setup                             0x080033b6   Section        0  u8x8_setup.o(i.u8x8_Setup)
    i.u8x8_SetupDefaults                     0x080033d8   Section        0  u8x8_setup.o(i.u8x8_SetupDefaults)
    i.u8x8_SetupMemory                       0x080033fc   Section        0  u8x8_display.o(i.u8x8_SetupMemory)
    i.u8x8_ascii_next                        0x0800340c   Section        0  u8x8_8x8.o(i.u8x8_ascii_next)
    i.u8x8_byte_EndTransfer                  0x0800341a   Section        0  u8x8_byte.o(i.u8x8_byte_EndTransfer)
    i.u8x8_byte_SendByte                     0x0800342a   Section        0  u8x8_byte.o(i.u8x8_byte_SendByte)
    i.u8x8_byte_StartTransfer                0x08003438   Section        0  u8x8_byte.o(i.u8x8_byte_StartTransfer)
    i.u8x8_byte_hw_i2c                       0x08003448   Section        0  ui.o(i.u8x8_byte_hw_i2c)
    i.u8x8_cad_EndTransfer                   0x08003500   Section        0  u8x8_cad.o(i.u8x8_cad_EndTransfer)
    i.u8x8_cad_SendArg                       0x08003510   Section        0  u8x8_cad.o(i.u8x8_cad_SendArg)
    i.u8x8_cad_SendCmd                       0x08003520   Section        0  u8x8_cad.o(i.u8x8_cad_SendCmd)
    i.u8x8_cad_SendData                      0x08003530   Section        0  u8x8_cad.o(i.u8x8_cad_SendData)
    i.u8x8_cad_SendSequence                  0x08003540   Section        0  u8x8_cad.o(i.u8x8_cad_SendSequence)
    i.u8x8_cad_StartTransfer                 0x080035a8   Section        0  u8x8_cad.o(i.u8x8_cad_StartTransfer)
    i.u8x8_cad_ssd13xx_fast_i2c              0x080035b8   Section        0  u8x8_cad.o(i.u8x8_cad_ssd13xx_fast_i2c)
    i.u8x8_d_helper_display_init             0x08003674   Section        0  u8x8_display.o(i.u8x8_d_helper_display_init)
    i.u8x8_d_helper_display_setup_memory     0x080036d4   Section        0  u8x8_display.o(i.u8x8_d_helper_display_setup_memory)
    i.u8x8_d_ssd1306_128x64_noname           0x080036e0   Section        0  u8x8_d_ssd1306_128x64_noname.o(i.u8x8_d_ssd1306_128x64_noname)
    i.u8x8_d_ssd1306_sh1106_generic          0x0800371c   Section        0  u8x8_d_ssd1306_128x64_noname.o(i.u8x8_d_ssd1306_sh1106_generic)
    u8x8_d_ssd1306_sh1106_generic            0x0800371d   Thumb Code   196  u8x8_d_ssd1306_128x64_noname.o(i.u8x8_d_ssd1306_sh1106_generic)
    i.u8x8_dummy_cb                          0x080037e4   Section        0  u8x8_setup.o(i.u8x8_dummy_cb)
    i.u8x8_gpio_and_delay                    0x080037e8   Section        0  ui.o(i.u8x8_gpio_and_delay)
    i.u8x8_gpio_call                         0x0800387c   Section        0  u8x8_gpio.o(i.u8x8_gpio_call)
    i.u8x8_i2c_data_transfer                 0x08003888   Section        0  u8x8_cad.o(i.u8x8_i2c_data_transfer)
    u8x8_i2c_data_transfer                   0x08003889   Thumb Code    44  u8x8_cad.o(i.u8x8_i2c_data_transfer)
    i.u8x8_utf8_init                         0x080038b4   Section        0  u8x8_8x8.o(i.u8x8_utf8_init)
    i.uart_init                              0x080038bc   Section        0  usart.o(i.uart_init)
    i.ui_proc                                0x0800395c   Section        0  ui.o(i.ui_proc)
    i.ui_run                                 0x080039a0   Section        0  ui.o(i.ui_run)
    .constdata                               0x080039d4   Section      175  ui_bmp_data.o(.constdata)
    .constdata                               0x08003a83   Section      185  ui_bmp_data.o(.constdata)
    .constdata                               0x08003b3c   Section      180  ui_bmp_data.o(.constdata)
    .constdata                               0x08003bf0   Section     2301  u8g2_fonts.o(.constdata)
    .constdata                               0x080044ed   Section     3697  u8g2_fonts.o(.constdata)
    .constdata                               0x08005360   Section       12  u8g2_setup.o(.constdata)
    .constdata                               0x0800536c   Section      344  u8x8_d_ssd1306_128x64_noname.o(.constdata)
    u8x8_d_ssd1306_128x64_noname_powersave0_seq 0x0800536c   Data           5  u8x8_d_ssd1306_128x64_noname.o(.constdata)
    u8x8_d_ssd1306_128x64_noname_powersave1_seq 0x08005371   Data           5  u8x8_d_ssd1306_128x64_noname.o(.constdata)
    u8x8_d_ssd1306_128x64_noname_flip0_seq   0x08005376   Data           7  u8x8_d_ssd1306_128x64_noname.o(.constdata)
    u8x8_d_ssd1306_128x64_noname_flip1_seq   0x0800537d   Data           7  u8x8_d_ssd1306_128x64_noname.o(.constdata)
    u8x8_d_ssd1312_128x64_noname_flip0_seq   0x08005384   Data           7  u8x8_d_ssd1306_128x64_noname.o(.constdata)
    u8x8_d_ssd1312_128x64_noname_flip1_seq   0x0800538b   Data           7  u8x8_d_ssd1306_128x64_noname.o(.constdata)
    u8x8_d_ssd1306_128x64_noname_init_seq    0x08005392   Data          53  u8x8_d_ssd1306_128x64_noname.o(.constdata)
    u8x8_d_ssd1306_128x64_vcomh0_init_seq    0x080053c7   Data          53  u8x8_d_ssd1306_128x64_noname.o(.constdata)
    u8x8_d_ssd1306_128x64_alt0_init_seq      0x080053fc   Data          53  u8x8_d_ssd1306_128x64_noname.o(.constdata)
    u8x8_d_sh1106_128x64_winstar_init_seq    0x08005431   Data          45  u8x8_d_ssd1306_128x64_noname.o(.constdata)
    u8x8_d_ssd1312_128x64_noname_init_seq    0x0800545e   Data          53  u8x8_d_ssd1306_128x64_noname.o(.constdata)
    u8x8_ssd1306_128x64_noname_display_info  0x08005494   Data          24  u8x8_d_ssd1306_128x64_noname.o(.constdata)
    u8x8_sh1106_128x64_noname_display_info   0x080054ac   Data          24  u8x8_d_ssd1306_128x64_noname.o(.constdata)
    .constdata                               0x080054c4   Section       40  _printf_hex_int.o(.constdata)
    uc_hextab                                0x080054c4   Data          20  _printf_hex_int.o(.constdata)
    lc_hextab                                0x080054d8   Data          20  _printf_hex_int.o(.constdata)
    .conststring                             0x080054ec   Section       90  ui.o(.conststring)
    .data                                    0x20000000   Section       20  stm32f10x_rcc.o(.data)
    ADCPrescTable                            0x20000000   Data           4  stm32f10x_rcc.o(.data)
    APBAHBPrescTable                         0x20000004   Data          16  stm32f10x_rcc.o(.data)
    .data                                    0x20000014   Section        2  usart.o(.data)
    .data                                    0x20000018   Section        4  usart.o(.data)
    .data                                    0x2000001c   Section      224  ui.o(.data)
    buf_idx                                  0x2000003d   Data           1  ui.o(.data)
    flag                                     0x2000003e   Data           1  ui.o(.data)
    flag                                     0x2000003f   Data           1  ui.o(.data)
    pic_flag                                 0x20000040   Data           1  ui.o(.data)
    flag                                     0x20000041   Data           1  ui.o(.data)
    flag                                     0x20000042   Data           1  ui.o(.data)
    pic_flag                                 0x20000043   Data           1  ui.o(.data)
    ledflag                                  0x20000044   Data           1  ui.o(.data)
    pic_flag                                 0x20000045   Data           1  ui.o(.data)
    prevFlag                                 0x2000006c   Data           4  ui.o(.data)
    prevFlag                                 0x20000070   Data           4  ui.o(.data)
    .data                                    0x200000fc   Section       16  mykey.o(.data)
    Count                                    0x200000fc   Data           1  mykey.o(.data)
    CurrentKeyVal                            0x200000fd   Data           1  mykey.o(.data)
    PreviousKeyVal                           0x200000fe   Data           1  mykey.o(.data)
    step                                     0x200000ff   Data           1  mykey.o(.data)
    ROCK1_KEY_FLAG                           0x20000100   Data           1  mykey.o(.data)
    ROCK2_KEY_FLAG                           0x20000101   Data           1  mykey.o(.data)
    KEY_L_FLAG                               0x20000102   Data           1  mykey.o(.data)
    KEY_R_FLAG                               0x20000103   Data           1  mykey.o(.data)
    PressDownCnt                             0x20000106   Data           2  mykey.o(.data)
    RePressDownCnt                           0x20000108   Data           2  mykey.o(.data)
    PressUpCnt                               0x2000010a   Data           2  mykey.o(.data)
    .data                                    0x2000010c   Section       28  myled.o(.data)
    .data                                    0x20000128   Section        6  u8x8_cad.o(.data)
    in_transfer                              0x20000128   Data           1  u8x8_cad.o(.data)
    in_transfer                              0x20000129   Data           1  u8x8_cad.o(.data)
    in_transfer                              0x2000012a   Data           1  u8x8_cad.o(.data)
    is_data                                  0x2000012b   Data           1  u8x8_cad.o(.data)
    in_transfer                              0x2000012c   Data           1  u8x8_cad.o(.data)
    is_data                                  0x2000012d   Data           1  u8x8_cad.o(.data)
    .data                                    0x2000012e   Section        1  main.o(.data)
    .bss                                     0x20000130   Section      200  usart.o(.bss)
    .bss                                     0x200001f8   Section       32  ui.o(.bss)
    buffer                                   0x200001f8   Data          32  ui.o(.bss)
    .bss                                     0x20000218   Section     1024  u8g2_d_memory.o(.bss)
    buf                                      0x20000218   Data        1024  u8g2_d_memory.o(.bss)
    .bss                                     0x20000618   Section      148  main.o(.bss)
    .bss                                     0x200006ac   Section       96  libspace.o(.bss)
    HEAP                                     0x20000710   Section      512  startup_stm32f10x_md.o(HEAP)
    Heap_Mem                                 0x20000710   Data         512  startup_stm32f10x_md.o(HEAP)
    STACK                                    0x20000910   Section     1024  startup_stm32f10x_md.o(STACK)
    Stack_Mem                                0x20000910   Data        1024  startup_stm32f10x_md.o(STACK)
    __initial_sp                             0x20000d10   Data           0  startup_stm32f10x_md.o(STACK)

    Global Symbols

    Symbol Name                              Value     Ov Type        Size  Object(Section)

    BuildAttributes$$THM_ISAv4$P$D$K$B$S$PE$A:L22UL41UL21$X:L11$S22US41US21$IEEE1$IW$USESV6$~STKCKD$USESV7$~SHL$OSPACE$ROPI$EBA8$UX$STANDARDLIB$REQ8$PRES8$EABIv2 0x00000000   Number         0  anon$$obj.o ABSOLUTE
    __ARM_use_no_argv                        0x00000000   Number         0  main.o ABSOLUTE
    _printf_flags                            0x00000000   Number         0  printf_stubs.o ABSOLUTE
    _printf_return_value                     0x00000000   Number         0  printf_stubs.o ABSOLUTE
    _printf_sizespec                         0x00000000   Number         0  printf_stubs.o ABSOLUTE
    _printf_widthprec                        0x00000000   Number         0  printf_stubs.o ABSOLUTE
    __ARM_exceptions_init                     - Undefined Weak Reference
    __alloca_initialize                       - Undefined Weak Reference
    __arm_fini_                               - Undefined Weak Reference
    __arm_preinit_                            - Undefined Weak Reference
    __cpp_initialize__aeabi_                  - Undefined Weak Reference
    __cxa_finalize                            - Undefined Weak Reference
    __rt_locale                               - Undefined Weak Reference
    __sigvec_lookup                           - Undefined Weak Reference
    _atexit_init                              - Undefined Weak Reference
    _call_atexit_fns                          - Undefined Weak Reference
    _clock_init                               - Undefined Weak Reference
    _fp_trap_init                             - Undefined Weak Reference
    _fp_trap_shutdown                         - Undefined Weak Reference
    _get_lc_collate                           - Undefined Weak Reference
    _get_lc_ctype                             - Undefined Weak Reference
    _get_lc_monetary                          - Undefined Weak Reference
    _get_lc_numeric                           - Undefined Weak Reference
    _get_lc_time                              - Undefined Weak Reference
    _getenv_init                              - Undefined Weak Reference
    _handle_redirection                       - Undefined Weak Reference
    _init_alloc                               - Undefined Weak Reference
    _init_user_alloc                          - Undefined Weak Reference
    _initio                                   - Undefined Weak Reference
    _mutex_acquire                            - Undefined Weak Reference
    _mutex_release                            - Undefined Weak Reference
    _printf_truncate_signed                   - Undefined Weak Reference
    _printf_truncate_unsigned                 - Undefined Weak Reference
    _rand_init                                - Undefined Weak Reference
    _signal_finish                            - Undefined Weak Reference
    _signal_init                              - Undefined Weak Reference
    _terminate_alloc                          - Undefined Weak Reference
    _terminate_user_alloc                     - Undefined Weak Reference
    _terminateio                              - Undefined Weak Reference
    __Vectors_Size                           0x000000ec   Number         0  startup_stm32f10x_md.o ABSOLUTE
    __Vectors                                0x08000000   Data           4  startup_stm32f10x_md.o(RESET)
    __Vectors_End                            0x080000ec   Data           0  startup_stm32f10x_md.o(RESET)
    __main                                   0x080000ed   Thumb Code     8  __main.o(!!!main)
    __scatterload                            0x080000f5   Thumb Code     0  __scatter.o(!!!scatter)
    __scatterload_rt2                        0x080000f5   Thumb Code    44  __scatter.o(!!!scatter)
    __scatterload_rt2_thumb_only             0x080000f5   Thumb Code     0  __scatter.o(!!!scatter)
    __scatterload_null                       0x08000103   Thumb Code     0  __scatter.o(!!!scatter)
    __decompress                             0x08000129   Thumb Code    90  __dczerorl2.o(!!dczerorl2)
    __decompress1                            0x08000129   Thumb Code     0  __dczerorl2.o(!!dczerorl2)
    __scatterload_zeroinit                   0x08000185   Thumb Code    28  __scatter_zi.o(!!handler_zi)
    _printf_d                                0x080001a1   Thumb Code     0  _printf_d.o(.ARM.Collect$$_printf_percent$$00000009)
    _printf_percent                          0x080001a1   Thumb Code     0  _printf_percent.o(.ARM.Collect$$_printf_percent$$00000000)
    _printf_x                                0x080001a7   Thumb Code     0  _printf_x.o(.ARM.Collect$$_printf_percent$$0000000C)
    _printf_percent_end                      0x080001ad   Thumb Code     0  _printf_percent_end.o(.ARM.Collect$$_printf_percent$$00000017)
    __rt_lib_init                            0x080001b1   Thumb Code     0  libinit.o(.ARM.Collect$$libinit$$00000000)
    __rt_lib_init_alloca_1                   0x080001b3   Thumb Code     0  libinit2.o(.ARM.Collect$$libinit$$0000002E)
    __rt_lib_init_argv_1                     0x080001b3   Thumb Code     0  libinit2.o(.ARM.Collect$$libinit$$0000002C)
    __rt_lib_init_atexit_1                   0x080001b3   Thumb Code     0  libinit2.o(.ARM.Collect$$libinit$$0000001B)
    __rt_lib_init_clock_1                    0x080001b3   Thumb Code     0  libinit2.o(.ARM.Collect$$libinit$$00000021)
    __rt_lib_init_cpp_1                      0x080001b3   Thumb Code     0  libinit2.o(.ARM.Collect$$libinit$$00000032)
    __rt_lib_init_exceptions_1               0x080001b3   Thumb Code     0  libinit2.o(.ARM.Collect$$libinit$$00000030)
    __rt_lib_init_fp_1                       0x080001b3   Thumb Code     0  libinit2.o(.ARM.Collect$$libinit$$00000002)
    __rt_lib_init_fp_trap_1                  0x080001b3   Thumb Code     0  libinit2.o(.ARM.Collect$$libinit$$0000001F)
    __rt_lib_init_getenv_1                   0x080001b3   Thumb Code     0  libinit2.o(.ARM.Collect$$libinit$$00000023)
    __rt_lib_init_heap_1                     0x080001b3   Thumb Code     0  libinit2.o(.ARM.Collect$$libinit$$0000000A)
    __rt_lib_init_lc_collate_1               0x080001b3   Thumb Code     0  libinit2.o(.ARM.Collect$$libinit$$00000011)
    __rt_lib_init_lc_ctype_1                 0x080001b3   Thumb Code     0  libinit2.o(.ARM.Collect$$libinit$$00000013)
    __rt_lib_init_lc_monetary_1              0x080001b3   Thumb Code     0  libinit2.o(.ARM.Collect$$libinit$$00000015)
    __rt_lib_init_lc_numeric_1               0x080001b3   Thumb Code     0  libinit2.o(.ARM.Collect$$libinit$$00000017)
    __rt_lib_init_lc_time_1                  0x080001b3   Thumb Code     0  libinit2.o(.ARM.Collect$$libinit$$00000019)
    __rt_lib_init_preinit_1                  0x080001b3   Thumb Code     0  libinit2.o(.ARM.Collect$$libinit$$00000004)
    __rt_lib_init_rand_1                     0x080001b3   Thumb Code     0  libinit2.o(.ARM.Collect$$libinit$$0000000E)
    __rt_lib_init_return                     0x080001b3   Thumb Code     0  libinit2.o(.ARM.Collect$$libinit$$00000033)
    __rt_lib_init_signal_1                   0x080001b3   Thumb Code     0  libinit2.o(.ARM.Collect$$libinit$$0000001D)
    __rt_lib_init_stdio_1                    0x080001b3   Thumb Code     0  libinit2.o(.ARM.Collect$$libinit$$00000025)
    __rt_lib_init_user_alloc_1               0x080001b3   Thumb Code     0  libinit2.o(.ARM.Collect$$libinit$$0000000C)
    __rt_lib_shutdown                        0x080001b5   Thumb Code     0  libshutdown.o(.ARM.Collect$$libshutdown$$00000000)
    __rt_lib_shutdown_cpp_1                  0x080001b7   Thumb Code     0  libshutdown2.o(.ARM.Collect$$libshutdown$$00000004)
    __rt_lib_shutdown_fini_1                 0x080001b7   Thumb Code     0  libshutdown2.o(.ARM.Collect$$libshutdown$$00000002)
    __rt_lib_shutdown_fp_trap_1              0x080001b7   Thumb Code     0  libshutdown2.o(.ARM.Collect$$libshutdown$$00000009)
    __rt_lib_shutdown_heap_1                 0x080001b7   Thumb Code     0  libshutdown2.o(.ARM.Collect$$libshutdown$$00000011)
    __rt_lib_shutdown_return                 0x080001b7   Thumb Code     0  libshutdown2.o(.ARM.Collect$$libshutdown$$00000012)
    __rt_lib_shutdown_signal_1               0x080001b7   Thumb Code     0  libshutdown2.o(.ARM.Collect$$libshutdown$$0000000C)
    __rt_lib_shutdown_stdio_1                0x080001b7   Thumb Code     0  libshutdown2.o(.ARM.Collect$$libshutdown$$00000006)
    __rt_lib_shutdown_user_alloc_1           0x080001b7   Thumb Code     0  libshutdown2.o(.ARM.Collect$$libshutdown$$0000000E)
    __rt_entry                               0x080001b9   Thumb Code     0  __rtentry.o(.ARM.Collect$$rtentry$$00000000)
    __rt_entry_presh_1                       0x080001b9   Thumb Code     0  __rtentry2.o(.ARM.Collect$$rtentry$$00000002)
    __rt_entry_sh                            0x080001b9   Thumb Code     0  __rtentry4.o(.ARM.Collect$$rtentry$$00000004)
    __rt_entry_li                            0x080001bf   Thumb Code     0  __rtentry2.o(.ARM.Collect$$rtentry$$0000000A)
    __rt_entry_postsh_1                      0x080001bf   Thumb Code     0  __rtentry2.o(.ARM.Collect$$rtentry$$00000009)
    __rt_entry_main                          0x080001c3   Thumb Code     0  __rtentry2.o(.ARM.Collect$$rtentry$$0000000D)
    __rt_entry_postli_1                      0x080001c3   Thumb Code     0  __rtentry2.o(.ARM.Collect$$rtentry$$0000000C)
    __rt_exit                                0x080001cb   Thumb Code     0  rtexit.o(.ARM.Collect$$rtexit$$00000000)
    __rt_exit_ls                             0x080001cd   Thumb Code     0  rtexit2.o(.ARM.Collect$$rtexit$$00000003)
    __rt_exit_prels_1                        0x080001cd   Thumb Code     0  rtexit2.o(.ARM.Collect$$rtexit$$00000002)
    __rt_exit_exit                           0x080001d1   Thumb Code     0  rtexit2.o(.ARM.Collect$$rtexit$$00000004)
    Reset_Handler                            0x080001d9   Thumb Code     8  startup_stm32f10x_md.o(.text)
    ADC1_2_IRQHandler                        0x080001f3   Thumb Code     0  startup_stm32f10x_md.o(.text)
    CAN1_RX1_IRQHandler                      0x080001f3   Thumb Code     0  startup_stm32f10x_md.o(.text)
    CAN1_SCE_IRQHandler                      0x080001f3   Thumb Code     0  startup_stm32f10x_md.o(.text)
    DMA1_Channel1_IRQHandler                 0x080001f3   Thumb Code     0  startup_stm32f10x_md.o(.text)
    DMA1_Channel2_IRQHandler                 0x080001f3   Thumb Code     0  startup_stm32f10x_md.o(.text)
    DMA1_Channel3_IRQHandler                 0x080001f3   Thumb Code     0  startup_stm32f10x_md.o(.text)
    DMA1_Channel4_IRQHandler                 0x080001f3   Thumb Code     0  startup_stm32f10x_md.o(.text)
    DMA1_Channel5_IRQHandler                 0x080001f3   Thumb Code     0  startup_stm32f10x_md.o(.text)
    DMA1_Channel6_IRQHandler                 0x080001f3   Thumb Code     0  startup_stm32f10x_md.o(.text)
    DMA1_Channel7_IRQHandler                 0x080001f3   Thumb Code     0  startup_stm32f10x_md.o(.text)
    EXTI0_IRQHandler                         0x080001f3   Thumb Code     0  startup_stm32f10x_md.o(.text)
    EXTI15_10_IRQHandler                     0x080001f3   Thumb Code     0  startup_stm32f10x_md.o(.text)
    EXTI1_IRQHandler                         0x080001f3   Thumb Code     0  startup_stm32f10x_md.o(.text)
    EXTI2_IRQHandler                         0x080001f3   Thumb Code     0  startup_stm32f10x_md.o(.text)
    EXTI3_IRQHandler                         0x080001f3   Thumb Code     0  startup_stm32f10x_md.o(.text)
    EXTI4_IRQHandler                         0x080001f3   Thumb Code     0  startup_stm32f10x_md.o(.text)
    EXTI9_5_IRQHandler                       0x080001f3   Thumb Code     0  startup_stm32f10x_md.o(.text)
    FLASH_IRQHandler                         0x080001f3   Thumb Code     0  startup_stm32f10x_md.o(.text)
    I2C1_ER_IRQHandler                       0x080001f3   Thumb Code     0  startup_stm32f10x_md.o(.text)
    I2C1_EV_IRQHandler                       0x080001f3   Thumb Code     0  startup_stm32f10x_md.o(.text)
    I2C2_ER_IRQHandler                       0x080001f3   Thumb Code     0  startup_stm32f10x_md.o(.text)
    I2C2_EV_IRQHandler                       0x080001f3   Thumb Code     0  startup_stm32f10x_md.o(.text)
    PVD_IRQHandler                           0x080001f3   Thumb Code     0  startup_stm32f10x_md.o(.text)
    RCC_IRQHandler                           0x080001f3   Thumb Code     0  startup_stm32f10x_md.o(.text)
    RTCAlarm_IRQHandler                      0x080001f3   Thumb Code     0  startup_stm32f10x_md.o(.text)
    RTC_IRQHandler                           0x080001f3   Thumb Code     0  startup_stm32f10x_md.o(.text)
    SPI1_IRQHandler                          0x080001f3   Thumb Code     0  startup_stm32f10x_md.o(.text)
    SPI2_IRQHandler                          0x080001f3   Thumb Code     0  startup_stm32f10x_md.o(.text)
    TAMPER_IRQHandler                        0x080001f3   Thumb Code     0  startup_stm32f10x_md.o(.text)
    TIM1_BRK_IRQHandler                      0x080001f3   Thumb Code     0  startup_stm32f10x_md.o(.text)
    TIM1_CC_IRQHandler                       0x080001f3   Thumb Code     0  startup_stm32f10x_md.o(.text)
    TIM1_TRG_COM_IRQHandler                  0x080001f3   Thumb Code     0  startup_stm32f10x_md.o(.text)
    TIM1_UP_IRQHandler                       0x080001f3   Thumb Code     0  startup_stm32f10x_md.o(.text)
    TIM3_IRQHandler                          0x080001f3   Thumb Code     0  startup_stm32f10x_md.o(.text)
    TIM4_IRQHandler                          0x080001f3   Thumb Code     0  startup_stm32f10x_md.o(.text)
    USART2_IRQHandler                        0x080001f3   Thumb Code     0  startup_stm32f10x_md.o(.text)
    USART3_IRQHandler                        0x080001f3   Thumb Code     0  startup_stm32f10x_md.o(.text)
    USBWakeUp_IRQHandler                     0x080001f3   Thumb Code     0  startup_stm32f10x_md.o(.text)
    USB_HP_CAN1_TX_IRQHandler                0x080001f3   Thumb Code     0  startup_stm32f10x_md.o(.text)
    USB_LP_CAN1_RX0_IRQHandler               0x080001f3   Thumb Code     0  startup_stm32f10x_md.o(.text)
    WWDG_IRQHandler                          0x080001f3   Thumb Code     0  startup_stm32f10x_md.o(.text)
    __user_initial_stackheap                 0x080001f5   Thumb Code     0  startup_stm32f10x_md.o(.text)
    __use_no_semihosting                     0x08000219   Thumb Code     2  use_no_semi_2.o(.text)
    __2printf                                0x0800021d   Thumb Code    20  noretval__2printf.o(.text)
    __2sprintf                               0x08000235   Thumb Code    34  noretval__2sprintf.o(.text)
    _printf_pre_padding                      0x0800025d   Thumb Code    44  _printf_pad.o(.text)
    _printf_post_padding                     0x08000289   Thumb Code    34  _printf_pad.o(.text)
    _printf_int_dec                          0x080002ad   Thumb Code   104  _printf_dec.o(.text)
    _printf_int_hex                          0x08000325   Thumb Code    84  _printf_hex_int.o(.text)
    _printf_longlong_hex                     0x08000325   Thumb Code     0  _printf_hex_int.o(.text)
    __printf                                 0x0800037d   Thumb Code   270  __printf_wp.o(.text)
    __aeabi_memclr                           0x0800048b   Thumb Code     0  rt_memclr.o(.text)
    __rt_memclr                              0x0800048b   Thumb Code    68  rt_memclr.o(.text)
    _memset                                  0x0800048f   Thumb Code     0  rt_memclr.o(.text)
    __aeabi_memclr4                          0x080004cf   Thumb Code     0  rt_memclr_w.o(.text)
    __aeabi_memclr8                          0x080004cf   Thumb Code     0  rt_memclr_w.o(.text)
    __rt_memclr_w                            0x080004cf   Thumb Code    78  rt_memclr_w.o(.text)
    _memset_w                                0x080004d3   Thumb Code     0  rt_memclr_w.o(.text)
    __use_two_region_memory                  0x0800051d   Thumb Code     2  heapauxi.o(.text)
    __rt_heap_escrow$2region                 0x0800051f   Thumb Code     2  heapauxi.o(.text)
    __rt_heap_expand$2region                 0x08000521   Thumb Code     2  heapauxi.o(.text)
    __I$use$semihosting                      0x08000523   Thumb Code     0  use_no_semi.o(.text)
    __use_no_semihosting_swi                 0x08000523   Thumb Code     2  use_no_semi.o(.text)
    _printf_int_common                       0x08000525   Thumb Code   178  _printf_intcommon.o(.text)
    _printf_char_common                      0x080005e3   Thumb Code    32  _printf_char_common.o(.text)
    _sputc                                   0x08000609   Thumb Code    10  _sputc.o(.text)
    _printf_char_file                        0x08000615   Thumb Code    32  _printf_char_file.o(.text)
    ferror                                   0x08000639   Thumb Code     8  ferror.o(.text)
    __user_setup_stackheap                   0x08000641   Thumb Code    74  sys_stackheap_outer.o(.text)
    exit                                     0x0800068b   Thumb Code    18  exit.o(.text)
    __user_libspace                          0x0800069d   Thumb Code     8  libspace.o(.text)
    __user_perproc_libspace                  0x0800069d   Thumb Code     0  libspace.o(.text)
    __user_perthread_libspace                0x0800069d   Thumb Code     0  libspace.o(.text)
    ADC_Cmd                                  0x080006a5   Thumb Code    20  stm32f10x_adc.o(i.ADC_Cmd)
    ADC_GetCalibrationStatus                 0x080006b9   Thumb Code    14  stm32f10x_adc.o(i.ADC_GetCalibrationStatus)
    ADC_GetConversionValue                   0x080006c7   Thumb Code     6  stm32f10x_adc.o(i.ADC_GetConversionValue)
    ADC_GetFlagStatus                        0x080006cd   Thumb Code    14  stm32f10x_adc.o(i.ADC_GetFlagStatus)
    ADC_GetResetCalibrationStatus            0x080006db   Thumb Code    14  stm32f10x_adc.o(i.ADC_GetResetCalibrationStatus)
    ADC_Init                                 0x080006e9   Thumb Code    62  stm32f10x_adc.o(i.ADC_Init)
    ADC_RegularChannelConfig                 0x08000731   Thumb Code   116  stm32f10x_adc.o(i.ADC_RegularChannelConfig)
    ADC_ResetCalibration                     0x080007a5   Thumb Code    10  stm32f10x_adc.o(i.ADC_ResetCalibration)
    ADC_SoftwareStartConvCmd                 0x080007af   Thumb Code    20  stm32f10x_adc.o(i.ADC_SoftwareStartConvCmd)
    ADC_StartCalibration                     0x080007c3   Thumb Code    10  stm32f10x_adc.o(i.ADC_StartCalibration)
    AD_GetValue                              0x080007cd   Thumb Code    46  ad.o(i.AD_GetValue)
    AD_Init                                  0x08000801   Thumb Code   174  ad.o(i.AD_Init)
    BUZZER_SetState                          0x080008bd   Thumb Code    28  myled.o(i.BUZZER_SetState)
    BusFault_Handler                         0x080008dd   Thumb Code     2  stm32f10x_it.o(i.BusFault_Handler)
    DebugMon_Handler                         0x080008df   Thumb Code     2  stm32f10x_it.o(i.DebugMon_Handler)
    Delay_ms                                 0x080008e1   Thumb Code    22  delay.o(i.Delay_ms)
    Delay_us                                 0x080008f7   Thumb Code    32  delay.o(i.Delay_us)
    GPIO_Init                                0x08000919   Thumb Code   162  stm32f10x_gpio.o(i.GPIO_Init)
    GPIO_PinRemapConfig                      0x080009bd   Thumb Code    82  stm32f10x_gpio.o(i.GPIO_PinRemapConfig)
    GPIO_ReadInputDataBit                    0x08000a15   Thumb Code    14  stm32f10x_gpio.o(i.GPIO_ReadInputDataBit)
    GPIO_ResetBits                           0x08000a23   Thumb Code     4  stm32f10x_gpio.o(i.GPIO_ResetBits)
    GPIO_SetBits                             0x08000a27   Thumb Code     4  stm32f10x_gpio.o(i.GPIO_SetBits)
    HardFault_Handler                        0x08000a2b   Thumb Code     2  stm32f10x_it.o(i.HardFault_Handler)
    I2C_CheckEvent                           0x08000a2d   Thumb Code    24  stm32f10x_i2c.o(i.I2C_CheckEvent)
    I2C_Cmd                                  0x08000a45   Thumb Code    20  stm32f10x_i2c.o(i.I2C_Cmd)
    I2C_GenerateSTART                        0x08000a59   Thumb Code    20  stm32f10x_i2c.o(i.I2C_GenerateSTART)
    I2C_GenerateSTOP                         0x08000a6d   Thumb Code    20  stm32f10x_i2c.o(i.I2C_GenerateSTOP)
    I2C_Init                                 0x08000a81   Thumb Code   178  stm32f10x_i2c.o(i.I2C_Init)
    I2C_Send7bitAddress                      0x08000b3d   Thumb Code    16  stm32f10x_i2c.o(i.I2C_Send7bitAddress)
    I2C_SendData                             0x08000b4d   Thumb Code     4  stm32f10x_i2c.o(i.I2C_SendData)
    Key_GetNum                               0x08000b51   Thumb Code    14  mykey.o(i.Key_GetNum)
    Key_GetState                             0x08000b65   Thumb Code    68  mykey.o(i.Key_GetState)
    Key_Tick                                 0x08000bb5   Thumb Code   304  mykey.o(i.Key_Tick)
    LED_Tick                                 0x08000ce9   Thumb Code   926  myled.o(i.LED_Tick)
    LEDx_SetMode                             0x0800108d   Thumb Code   118  myled.o(i.LEDx_SetMode)
    LEDx_SetState                            0x08001109   Thumb Code   152  myled.o(i.LEDx_SetState)
    MemManage_Handler                        0x080011a9   Thumb Code     2  stm32f10x_it.o(i.MemManage_Handler)
    My_Key_Init                              0x080011ad   Thumb Code   106  mykey.o(i.My_Key_Init)
    My_LED_Init                              0x08001225   Thumb Code    98  myled.o(i.My_LED_Init)
    NMI_Handler                              0x08001295   Thumb Code     2  stm32f10x_it.o(i.NMI_Handler)
    NVIC_Init                                0x08001299   Thumb Code    94  misc.o(i.NVIC_Init)
    NVIC_PriorityGroupConfig                 0x080012fd   Thumb Code    10  misc.o(i.NVIC_PriorityGroupConfig)
    OLED_Init                                0x08001311   Thumb Code   114  iic_oled.o(i.OLED_Init)
    Oled_I2C_WaitEvent                       0x08001391   Thumb Code    30  iic_oled.o(i.Oled_I2C_WaitEvent)
    PendSV_Handler                           0x080013af   Thumb Code     2  stm32f10x_it.o(i.PendSV_Handler)
    PrintfVarFormat                          0x080013b1   Thumb Code    40  ui.o(i.PrintfVarFormat)
    RCC_ADCCLKConfig                         0x080013dd   Thumb Code    14  stm32f10x_rcc.o(i.RCC_ADCCLKConfig)
    RCC_APB1PeriphClockCmd                   0x080013f1   Thumb Code    18  stm32f10x_rcc.o(i.RCC_APB1PeriphClockCmd)
    RCC_APB2PeriphClockCmd                   0x08001409   Thumb Code    18  stm32f10x_rcc.o(i.RCC_APB2PeriphClockCmd)
    RCC_GetClocksFreq                        0x08001421   Thumb Code   128  stm32f10x_rcc.o(i.RCC_GetClocksFreq)
    SVC_Handler                              0x080014b1   Thumb Code     2  stm32f10x_it.o(i.SVC_Handler)
    SysTick_Handler                          0x0800155d   Thumb Code     2  stm32f10x_it.o(i.SysTick_Handler)
    SystemInit                               0x08001561   Thumb Code    64  system_stm32f10x.o(i.SystemInit)
    TIM2_IRQHandler                          0x080015b1   Thumb Code    38  main.o(i.TIM2_IRQHandler)
    TIM2_Int_Init                            0x080015d7   Thumb Code    98  timer2.o(i.TIM2_Int_Init)
    TIM_ClearFlag                            0x08001639   Thumb Code     6  stm32f10x_tim.o(i.TIM_ClearFlag)
    TIM_ClearITPendingBit                    0x0800163f   Thumb Code     6  stm32f10x_tim.o(i.TIM_ClearITPendingBit)
    TIM_Cmd                                  0x08001645   Thumb Code    20  stm32f10x_tim.o(i.TIM_Cmd)
    TIM_GetITStatus                          0x08001659   Thumb Code    24  stm32f10x_tim.o(i.TIM_GetITStatus)
    TIM_ITConfig                             0x08001671   Thumb Code    16  stm32f10x_tim.o(i.TIM_ITConfig)
    TIM_TimeBaseInit                         0x08001681   Thumb Code   114  stm32f10x_tim.o(i.TIM_TimeBaseInit)
    USART1_IRQHandler                        0x0800171d   Thumb Code    88  usart.o(i.USART1_IRQHandler)
    USART_Cmd                                0x08001781   Thumb Code    20  stm32f10x_usart.o(i.USART_Cmd)
    USART_GetITStatus                        0x08001795   Thumb Code    62  stm32f10x_usart.o(i.USART_GetITStatus)
    USART_ITConfig                           0x080017d3   Thumb Code    48  stm32f10x_usart.o(i.USART_ITConfig)
    USART_Init                               0x08001805   Thumb Code   166  stm32f10x_usart.o(i.USART_Init)
    USART_ReceiveData                        0x080018b1   Thumb Code     8  stm32f10x_usart.o(i.USART_ReceiveData)
    UsageFault_Handler                       0x080018b9   Thumb Code     2  stm32f10x_it.o(i.UsageFault_Handler)
    _is_digit                                0x080018bb   Thumb Code    14  __printf_wp.o(i._is_digit)
    _sys_exit                                0x080018c9   Thumb Code     2  usart.o(i._sys_exit)
    advalue_proc                             0x080018cd   Thumb Code   458  ui.o(i.advalue_proc)
    checkRock1AdX_add                        0x08001ad5   Thumb Code    74  ui.o(i.checkRock1AdX_add)
    checkRock1AdX_dec                        0x08001ba9   Thumb Code    68  ui.o(i.checkRock1AdX_dec)
    fputc                                    0x08001c75   Thumb Code    18  usart.o(i.fputc)
    led_proc                                 0x08001c8d   Thumb Code   460  ui.o(i.led_proc)
    led_ui_show                              0x08001e6d   Thumb Code   304  ui.o(i.led_ui_show)
    main                                     0x08001fa5   Thumb Code   132  main.o(i.main)
    menu_proc                                0x0800205d   Thumb Code   396  ui.o(i.menu_proc)
    menu_ui_show                             0x080021f9   Thumb Code    62  ui.o(i.menu_ui_show)
    pic_proc                                 0x08002249   Thumb Code   132  ui.o(i.pic_proc)
    pic_ui_show                              0x080022d5   Thumb Code    26  ui.o(i.pic_ui_show)
    setting_proc                             0x080022f9   Thumb Code   756  ui.o(i.setting_proc)
    setting_ui_show                          0x080025f5   Thumb Code   304  ui.o(i.setting_ui_show)
    u8g2_ClearBuffer                         0x0800272d   Thumb Code    18  u8g2_buffer.o(i.u8g2_ClearBuffer)
    u8g2_DrawBox                             0x0800273f   Thumb Code    68  u8g2_box.o(i.u8g2_DrawBox)
    u8g2_DrawDisc                            0x08002783   Thumb Code    64  u8g2_circle.o(i.u8g2_DrawDisc)
    u8g2_DrawGlyph                           0x080027c3   Thumb Code   110  u8g2_font.o(i.u8g2_DrawGlyph)
    u8g2_DrawHLine                           0x08002831   Thumb Code    12  u8g2_hvline.o(i.u8g2_DrawHLine)
    u8g2_DrawHVLine                          0x0800283d   Thumb Code   172  u8g2_hvline.o(i.u8g2_DrawHVLine)
    u8g2_DrawHXBMP                           0x080028e9   Thumb Code   148  u8g2_bitmap.o(i.u8g2_DrawHXBMP)
    u8g2_DrawRBox                            0x0800297d   Thumb Code   230  u8g2_box.o(i.u8g2_DrawRBox)
    u8g2_DrawStr                             0x08002a65   Thumb Code    12  u8g2_font.o(i.u8g2_DrawStr)
    u8g2_DrawVLine                           0x08002a75   Thumb Code    12  u8g2_hvline.o(i.u8g2_DrawVLine)
    u8g2_DrawXBMP                            0x08002a81   Thumb Code    76  u8g2_bitmap.o(i.u8g2_DrawXBMP)
    u8g2_IsIntersection                      0x08002acd   Thumb Code    48  u8g2_intersection.o(i.u8g2_IsIntersection)
    u8g2_SendBuffer                          0x08002afd   Thumb Code    18  u8g2_buffer.o(i.u8g2_SendBuffer)
    u8g2_SetDrawColor                        0x08002b0f   Thumb Code    16  u8g2_hvline.o(i.u8g2_SetDrawColor)
    u8g2_SetFont                             0x08002b1f   Thumb Code    32  u8g2_font.o(i.u8g2_SetFont)
    u8g2_SetFontPosBaseline                  0x08002b41   Thumb Code     6  u8g2_font.o(i.u8g2_SetFontPosBaseline)
    u8g2_SetMaxClipWindow                    0x08002b4d   Thumb Code    28  u8g2_setup.o(i.u8g2_SetMaxClipWindow)
    u8g2_SetupBuffer                         0x08002b69   Thumb Code    70  u8g2_setup.o(i.u8g2_SetupBuffer)
    u8g2_Setup_ssd1306_i2c_128x64_noname_f   0x08002bb1   Thumb Code    42  u8g2_d_setup.o(i.u8g2_Setup_ssd1306_i2c_128x64_noname_f)
    u8g2_UpdateRefHeight                     0x08002be9   Thumb Code    82  u8g2_font.o(i.u8g2_UpdateRefHeight)
    u8g2_add_vector_x                        0x08002c3b   Thumb Code    28  u8g2_font.o(i.u8g2_add_vector_x)
    u8g2_add_vector_y                        0x08002c57   Thumb Code    28  u8g2_font.o(i.u8g2_add_vector_y)
    u8g2_draw_hv_line_2dir                   0x08002e53   Thumb Code    18  u8g2_hvline.o(i.u8g2_draw_hv_line_2dir)
    u8g2_draw_l90_r0                         0x08002e65   Thumb Code    12  u8g2_setup.o(i.u8g2_draw_l90_r0)
    u8g2_font_calc_vref_font                 0x08002ee7   Thumb Code     4  u8g2_font.o(i.u8g2_font_calc_vref_font)
    u8g2_font_decode_get_signed_bits         0x08002eeb   Thumb Code    20  u8g2_font.o(i.u8g2_font_decode_get_signed_bits)
    u8g2_font_decode_get_unsigned_bits       0x08002eff   Thumb Code    52  u8g2_font.o(i.u8g2_font_decode_get_unsigned_bits)
    u8g2_font_decode_glyph                   0x08002f35   Thumb Code   276  u8g2_font.o(i.u8g2_font_decode_glyph)
    u8g2_font_decode_len                     0x08003049   Thumb Code   140  u8g2_font.o(i.u8g2_font_decode_len)
    u8g2_font_get_glyph_data                 0x080030d5   Thumb Code   114  u8g2_font.o(i.u8g2_font_get_glyph_data)
    u8g2_is_intersection_decision_tree       0x0800318f   Thumb Code    24  u8g2_intersection.o(i.u8g2_is_intersection_decision_tree)
    u8g2_ll_hvline_vertical_top_lsb          0x080031a9   Thumb Code   144  u8g2_ll_hvline.o(i.u8g2_ll_hvline_vertical_top_lsb)
    u8g2_m_16_8_f                            0x08003239   Thumb Code     8  u8g2_d_memory.o(i.u8g2_m_16_8_f)
    u8g2_read_font_info                      0x08003245   Thumb Code   106  u8g2_font.o(i.u8g2_read_font_info)
    u8g2_update_dimension_r0                 0x08003343   Thumb Code     4  u8g2_setup.o(i.u8g2_update_dimension_r0)
    u8g2_update_page_win_r0                  0x08003347   Thumb Code    34  u8g2_setup.o(i.u8g2_update_page_win_r0)
    u8x8_DrawTile                            0x08003369   Thumb Code    30  u8x8_display.o(i.u8x8_DrawTile)
    u8x8_InitDisplay                         0x08003387   Thumb Code    16  u8x8_display.o(i.u8x8_InitDisplay)
    u8x8_RefreshDisplay                      0x08003397   Thumb Code    16  u8x8_display.o(i.u8x8_RefreshDisplay)
    u8x8_SetPowerSave                        0x080033a7   Thumb Code    16  u8x8_display.o(i.u8x8_SetPowerSave)
    u8x8_Setup                               0x080033b7   Thumb Code    34  u8x8_setup.o(i.u8x8_Setup)
    u8x8_SetupDefaults                       0x080033d9   Thumb Code    32  u8x8_setup.o(i.u8x8_SetupDefaults)
    u8x8_SetupMemory                         0x080033fd   Thumb Code    16  u8x8_display.o(i.u8x8_SetupMemory)
    u8x8_ascii_next                          0x0800340d   Thumb Code    14  u8x8_8x8.o(i.u8x8_ascii_next)
    u8x8_byte_EndTransfer                    0x0800341b   Thumb Code    16  u8x8_byte.o(i.u8x8_byte_EndTransfer)
    u8x8_byte_SendByte                       0x0800342b   Thumb Code    14  u8x8_byte.o(i.u8x8_byte_SendByte)
    u8x8_byte_StartTransfer                  0x08003439   Thumb Code    16  u8x8_byte.o(i.u8x8_byte_StartTransfer)
    u8x8_byte_hw_i2c                         0x08003449   Thumb Code   162  ui.o(i.u8x8_byte_hw_i2c)
    u8x8_cad_EndTransfer                     0x08003501   Thumb Code    16  u8x8_cad.o(i.u8x8_cad_EndTransfer)
    u8x8_cad_SendArg                         0x08003511   Thumb Code    16  u8x8_cad.o(i.u8x8_cad_SendArg)
    u8x8_cad_SendCmd                         0x08003521   Thumb Code    16  u8x8_cad.o(i.u8x8_cad_SendCmd)
    u8x8_cad_SendData                        0x08003531   Thumb Code    16  u8x8_cad.o(i.u8x8_cad_SendData)
    u8x8_cad_SendSequence                    0x08003541   Thumb Code   104  u8x8_cad.o(i.u8x8_cad_SendSequence)
    u8x8_cad_StartTransfer                   0x080035a9   Thumb Code    16  u8x8_cad.o(i.u8x8_cad_StartTransfer)
    u8x8_cad_ssd13xx_fast_i2c                0x080035b9   Thumb Code   182  u8x8_cad.o(i.u8x8_cad_ssd13xx_fast_i2c)
    u8x8_d_helper_display_init               0x08003675   Thumb Code    96  u8x8_display.o(i.u8x8_d_helper_display_init)
    u8x8_d_helper_display_setup_memory       0x080036d5   Thumb Code    10  u8x8_display.o(i.u8x8_d_helper_display_setup_memory)
    u8x8_d_ssd1306_128x64_noname             0x080036e1   Thumb Code    52  u8x8_d_ssd1306_128x64_noname.o(i.u8x8_d_ssd1306_128x64_noname)
    u8x8_dummy_cb                            0x080037e5   Thumb Code     4  u8x8_setup.o(i.u8x8_dummy_cb)
    u8x8_gpio_and_delay                      0x080037e9   Thumb Code   142  ui.o(i.u8x8_gpio_and_delay)
    u8x8_gpio_call                           0x0800387d   Thumb Code    12  u8x8_gpio.o(i.u8x8_gpio_call)
    u8x8_utf8_init                           0x080038b5   Thumb Code     8  u8x8_8x8.o(i.u8x8_utf8_init)
    uart_init                                0x080038bd   Thumb Code   152  usart.o(i.uart_init)
    ui_proc                                  0x0800395d   Thumb Code    58  ui.o(i.ui_proc)
    ui_run                                   0x080039a1   Thumb Code    52  ui.o(i.ui_run)
    dianzan                                  0x080039d4   Data         175  ui_bmp_data.o(.constdata)
    shoucang                                 0x08003a83   Data         185  ui_bmp_data.o(.constdata)
    toubi                                    0x08003b3c   Data         180  ui_bmp_data.o(.constdata)
    u8g2_font_t0_11_mf                       0x08003bf0   Data        2301  u8g2_fonts.o(.constdata)
    u8g2_font_t0_18_mf                       0x080044ed   Data        3697  u8g2_fonts.o(.constdata)
    u8g2_cb_r0                               0x08005360   Data          12  u8g2_setup.o(.constdata)
    Region$$Table$$Base                      0x08005548   Number         0  anon$$obj.o(Region$$Table)
    Region$$Table$$Limit                     0x08005568   Number         0  anon$$obj.o(Region$$Table)
    USART_RX_STA                             0x20000014   Data           2  usart.o(.data)
    __stdout                                 0x20000018   Data           4  usart.o(.data)
    ui_select                                0x2000001c   Data           1  ui.o(.data)
    y_select                                 0x2000001d   Data           1  ui.o(.data)
    ui_index                                 0x2000001e   Data           1  ui.o(.data)
    ui_state                                 0x2000001f   Data           1  ui.o(.data)
    setting_x                                0x20000020   Data           1  ui.o(.data)
    setting_x_trg                            0x20000021   Data           1  ui.o(.data)
    setting_y                                0x20000022   Data           1  ui.o(.data)
    setting_y_trg                            0x20000023   Data           1  ui.o(.data)
    Indic_y                                  0x20000024   Data           1  ui.o(.data)
    Indic_y_trg                              0x20000025   Data           1  ui.o(.data)
    Indic_x                                  0x20000026   Data           1  ui.o(.data)
    Indic_x_trg                              0x20000027   Data           1  ui.o(.data)
    Indic_vertical_x                         0x20000028   Data           1  ui.o(.data)
    Indic_vertical_x_trg                     0x20000029   Data           1  ui.o(.data)
    Indic_vertical_y                         0x2000002a   Data           1  ui.o(.data)
    Indic_vertical_y_trg                     0x2000002b   Data           1  ui.o(.data)
    Indic_Horizental_x                       0x2000002c   Data           1  ui.o(.data)
    Indic_Horizental_x_trg                   0x2000002d   Data           1  ui.o(.data)
    Indic_Horizental_y                       0x2000002e   Data           1  ui.o(.data)
    Indic_Horizental_y_trg                   0x2000002f   Data           1  ui.o(.data)
    led_x                                    0x20000030   Data           1  ui.o(.data)
    led_y                                    0x20000031   Data           1  ui.o(.data)
    led_y_trg                                0x20000032   Data           1  ui.o(.data)
    led_Indic_y                              0x20000033   Data           1  ui.o(.data)
    led_Indic_y_trg                          0x20000034   Data           1  ui.o(.data)
    led_Indic_x                              0x20000035   Data           1  ui.o(.data)
    led_Indic_x_trg                          0x20000036   Data           1  ui.o(.data)
    led_Indic_vertical_x                     0x20000037   Data           1  ui.o(.data)
    led_Indic_vertical_y                     0x20000038   Data           1  ui.o(.data)
    led_Indic_vertical_y_trg                 0x20000039   Data           1  ui.o(.data)
    led_Indic_Horizental_x                   0x2000003a   Data           1  ui.o(.data)
    led_Indic_Horizental_y                   0x2000003b   Data           1  ui.o(.data)
    led_Indic_Horizental_y_trg               0x2000003c   Data           1  ui.o(.data)
    ROCK1_AD_X_HighByte                      0x20000046   Data           1  ui.o(.data)
    ROCK1_AD_X_LowByte                       0x20000047   Data           1  ui.o(.data)
    ROCK1_AD_Y_HighByte                      0x20000048   Data           1  ui.o(.data)
    ROCK1_AD_Y_LowByte                       0x20000049   Data           1  ui.o(.data)
    ROCK2_AD_X_HighByte                      0x2000004a   Data           1  ui.o(.data)
    ROCK2_AD_X_LowByte                       0x2000004b   Data           1  ui.o(.data)
    ROCK2_AD_Y_HighByte                      0x2000004c   Data           1  ui.o(.data)
    ROCK2_AD_Y_LowByte                       0x2000004d   Data           1  ui.o(.data)
    menu_x                                   0x2000004e   Data           1  ui.o(.data)
    menu_x_trg                               0x2000004f   Data           1  ui.o(.data)
    menu_y                                   0x20000050   Data           1  ui.o(.data)
    menu_y_trg                               0x20000051   Data           1  ui.o(.data)
    pic_y                                    0x20000052   Data           1  ui.o(.data)
    pic_y_trg                                0x20000053   Data           1  ui.o(.data)
    frame_len                                0x20000054   Data           1  ui.o(.data)
    frame_len_trg                            0x20000055   Data           1  ui.o(.data)
    frame_y                                  0x20000056   Data           1  ui.o(.data)
    frame_y_trg                              0x20000057   Data           1  ui.o(.data)
    led_frame_len                            0x20000058   Data           1  ui.o(.data)
    led_frame_len_trg                        0x20000059   Data           1  ui.o(.data)
    led_frame_y                              0x2000005a   Data           1  ui.o(.data)
    led_frame_y_trg                          0x2000005b   Data           1  ui.o(.data)
    backtoseeting                            0x2000005c   Data           1  ui.o(.data)
    ROCK1_AD_X                               0x2000005e   Data           2  ui.o(.data)
    ROCK1_AD_Y                               0x20000060   Data           2  ui.o(.data)
    ROCK2_AD_X                               0x20000062   Data           2  ui.o(.data)
    ROCK2_AD_Y                               0x20000064   Data           2  ui.o(.data)
    flag                                     0x20000068   Data           4  ui.o(.data)
    list                                     0x20000074   Data          48  ui.o(.data)
    list_led                                 0x200000a4   Data          48  ui.o(.data)
    ui_list                                  0x200000d4   Data          40  ui.o(.data)
    Key_Num                                  0x20000104   Data           1  mykey.o(.data)
    LED0_Mode                                0x2000010c   Data           1  myled.o(.data)
    LED1_Mode                                0x2000010d   Data           1  myled.o(.data)
    LED2_Mode                                0x2000010e   Data           1  myled.o(.data)
    LED3_Mode                                0x2000010f   Data           1  myled.o(.data)
    LED4_Mode                                0x20000110   Data           1  myled.o(.data)
    LED5_Mode                                0x20000111   Data           1  myled.o(.data)
    LED6_Mode                                0x20000112   Data           1  myled.o(.data)
    LED7_Mode                                0x20000113   Data           1  myled.o(.data)
    BUZZER_Mode                              0x20000114   Data           1  myled.o(.data)
    LED0_Count                               0x20000116   Data           2  myled.o(.data)
    LED1_Count                               0x20000118   Data           2  myled.o(.data)
    LED2_Count                               0x2000011a   Data           2  myled.o(.data)
    LED3_Count                               0x2000011c   Data           2  myled.o(.data)
    LED4_Count                               0x2000011e   Data           2  myled.o(.data)
    LED5_Count                               0x20000120   Data           2  myled.o(.data)
    LED6_Count                               0x20000122   Data           2  myled.o(.data)
    LED7_Count                               0x20000124   Data           2  myled.o(.data)
    BUZZER_Count                             0x20000126   Data           2  myled.o(.data)
    keynum                                   0x2000012e   Data           1  main.o(.data)
    USART_RX_BUF                             0x20000130   Data         200  usart.o(.bss)
    u8g2                                     0x20000618   Data         148  main.o(.bss)
    __libspace_start                         0x200006ac   Data          96  libspace.o(.bss)
    __temporary_stack_top$libspace           0x2000070c   Data           0  libspace.o(.bss)



==============================================================================

Memory Map of the image

  Image Entry point : 0x080000ed

  Load Region LR_IROM1 (Base: 0x08000000, Size: 0x00005698, Max: 0x00010000, ABSOLUTE, COMPRESSED[0x000055dc])

    Execution Region ER_IROM1 (Exec base: 0x08000000, Load base: 0x08000000, Size: 0x00005568, Max: 0x00010000, ABSOLUTE)

    Exec Addr    Load Addr    Size         Type   Attr      Idx    E Section Name        Object

    0x08000000   0x08000000   0x000000ec   Data   RO            3    RESET               startup_stm32f10x_md.o
    0x080000ec   0x080000ec   0x00000008   Code   RO         8830  * !!!main             c_w.l(__main.o)
    0x080000f4   0x080000f4   0x00000034   Code   RO         9025    !!!scatter          c_w.l(__scatter.o)
    0x08000128   0x08000128   0x0000005a   Code   RO         9023    !!dczerorl2         c_w.l(__dczerorl2.o)
    0x08000182   0x08000182   0x00000002   PAD
    0x08000184   0x08000184   0x0000001c   Code   RO         9027    !!handler_zi        c_w.l(__scatter_zi.o)
    0x080001a0   0x080001a0   0x00000000   Code   RO         8823    .ARM.Collect$$_printf_percent$$00000000  c_w.l(_printf_percent.o)
    0x080001a0   0x080001a0   0x00000006   Code   RO         8822    .ARM.Collect$$_printf_percent$$00000009  c_w.l(_printf_d.o)
    0x080001a6   0x080001a6   0x00000006   Code   RO         8821    .ARM.Collect$$_printf_percent$$0000000C  c_w.l(_printf_x.o)
    0x080001ac   0x080001ac   0x00000004   Code   RO         8859    .ARM.Collect$$_printf_percent$$00000017  c_w.l(_printf_percent_end.o)
    0x080001b0   0x080001b0   0x00000002   Code   RO         8895    .ARM.Collect$$libinit$$00000000  c_w.l(libinit.o)
    0x080001b2   0x080001b2   0x00000000   Code   RO         8902    .ARM.Collect$$libinit$$00000002  c_w.l(libinit2.o)
    0x080001b2   0x080001b2   0x00000000   Code   RO         8904    .ARM.Collect$$libinit$$00000004  c_w.l(libinit2.o)
    0x080001b2   0x080001b2   0x00000000   Code   RO         8907    .ARM.Collect$$libinit$$0000000A  c_w.l(libinit2.o)
    0x080001b2   0x080001b2   0x00000000   Code   RO         8909    .ARM.Collect$$libinit$$0000000C  c_w.l(libinit2.o)
    0x080001b2   0x080001b2   0x00000000   Code   RO         8911    .ARM.Collect$$libinit$$0000000E  c_w.l(libinit2.o)
    0x080001b2   0x080001b2   0x00000000   Code   RO         8914    .ARM.Collect$$libinit$$00000011  c_w.l(libinit2.o)
    0x080001b2   0x080001b2   0x00000000   Code   RO         8916    .ARM.Collect$$libinit$$00000013  c_w.l(libinit2.o)
    0x080001b2   0x080001b2   0x00000000   Code   RO         8918    .ARM.Collect$$libinit$$00000015  c_w.l(libinit2.o)
    0x080001b2   0x080001b2   0x00000000   Code   RO         8920    .ARM.Collect$$libinit$$00000017  c_w.l(libinit2.o)
    0x080001b2   0x080001b2   0x00000000   Code   RO         8922    .ARM.Collect$$libinit$$00000019  c_w.l(libinit2.o)
    0x080001b2   0x080001b2   0x00000000   Code   RO         8924    .ARM.Collect$$libinit$$0000001B  c_w.l(libinit2.o)
    0x080001b2   0x080001b2   0x00000000   Code   RO         8926    .ARM.Collect$$libinit$$0000001D  c_w.l(libinit2.o)
    0x080001b2   0x080001b2   0x00000000   Code   RO         8928    .ARM.Collect$$libinit$$0000001F  c_w.l(libinit2.o)
    0x080001b2   0x080001b2   0x00000000   Code   RO         8930    .ARM.Collect$$libinit$$00000021  c_w.l(libinit2.o)
    0x080001b2   0x080001b2   0x00000000   Code   RO         8932    .ARM.Collect$$libinit$$00000023  c_w.l(libinit2.o)
    0x080001b2   0x080001b2   0x00000000   Code   RO         8934    .ARM.Collect$$libinit$$00000025  c_w.l(libinit2.o)
    0x080001b2   0x080001b2   0x00000000   Code   RO         8938    .ARM.Collect$$libinit$$0000002C  c_w.l(libinit2.o)
    0x080001b2   0x080001b2   0x00000000   Code   RO         8940    .ARM.Collect$$libinit$$0000002E  c_w.l(libinit2.o)
    0x080001b2   0x080001b2   0x00000000   Code   RO         8942    .ARM.Collect$$libinit$$00000030  c_w.l(libinit2.o)
    0x080001b2   0x080001b2   0x00000000   Code   RO         8944    .ARM.Collect$$libinit$$00000032  c_w.l(libinit2.o)
    0x080001b2   0x080001b2   0x00000002   Code   RO         8945    .ARM.Collect$$libinit$$00000033  c_w.l(libinit2.o)
    0x080001b4   0x080001b4   0x00000002   Code   RO         8963    .ARM.Collect$$libshutdown$$00000000  c_w.l(libshutdown.o)
    0x080001b6   0x080001b6   0x00000000   Code   RO         8973    .ARM.Collect$$libshutdown$$00000002  c_w.l(libshutdown2.o)
    0x080001b6   0x080001b6   0x00000000   Code   RO         8975    .ARM.Collect$$libshutdown$$00000004  c_w.l(libshutdown2.o)
    0x080001b6   0x080001b6   0x00000000   Code   RO         8977    .ARM.Collect$$libshutdown$$00000006  c_w.l(libshutdown2.o)
    0x080001b6   0x080001b6   0x00000000   Code   RO         8980    .ARM.Collect$$libshutdown$$00000009  c_w.l(libshutdown2.o)
    0x080001b6   0x080001b6   0x00000000   Code   RO         8983    .ARM.Collect$$libshutdown$$0000000C  c_w.l(libshutdown2.o)
    0x080001b6   0x080001b6   0x00000000   Code   RO         8985    .ARM.Collect$$libshutdown$$0000000E  c_w.l(libshutdown2.o)
    0x080001b6   0x080001b6   0x00000000   Code   RO         8988    .ARM.Collect$$libshutdown$$00000011  c_w.l(libshutdown2.o)
    0x080001b6   0x080001b6   0x00000002   Code   RO         8989    .ARM.Collect$$libshutdown$$00000012  c_w.l(libshutdown2.o)
    0x080001b8   0x080001b8   0x00000000   Code   RO         8850    .ARM.Collect$$rtentry$$00000000  c_w.l(__rtentry.o)
    0x080001b8   0x080001b8   0x00000000   Code   RO         8866    .ARM.Collect$$rtentry$$00000002  c_w.l(__rtentry2.o)
    0x080001b8   0x080001b8   0x00000006   Code   RO         8878    .ARM.Collect$$rtentry$$00000004  c_w.l(__rtentry4.o)
    0x080001be   0x080001be   0x00000000   Code   RO         8868    .ARM.Collect$$rtentry$$00000009  c_w.l(__rtentry2.o)
    0x080001be   0x080001be   0x00000004   Code   RO         8869    .ARM.Collect$$rtentry$$0000000A  c_w.l(__rtentry2.o)
    0x080001c2   0x080001c2   0x00000000   Code   RO         8871    .ARM.Collect$$rtentry$$0000000C  c_w.l(__rtentry2.o)
    0x080001c2   0x080001c2   0x00000008   Code   RO         8872    .ARM.Collect$$rtentry$$0000000D  c_w.l(__rtentry2.o)
    0x080001ca   0x080001ca   0x00000002   Code   RO         8899    .ARM.Collect$$rtexit$$00000000  c_w.l(rtexit.o)
    0x080001cc   0x080001cc   0x00000000   Code   RO         8947    .ARM.Collect$$rtexit$$00000002  c_w.l(rtexit2.o)
    0x080001cc   0x080001cc   0x00000004   Code   RO         8948    .ARM.Collect$$rtexit$$00000003  c_w.l(rtexit2.o)
    0x080001d0   0x080001d0   0x00000006   Code   RO         8949    .ARM.Collect$$rtexit$$00000004  c_w.l(rtexit2.o)
    0x080001d6   0x080001d6   0x00000002   PAD
    0x080001d8   0x080001d8   0x00000040   Code   RO            4    .text               startup_stm32f10x_md.o
    0x08000218   0x08000218   0x00000002   Code   RO         8764    .text               c_w.l(use_no_semi_2.o)
    0x0800021a   0x0800021a   0x00000002   PAD
    0x0800021c   0x0800021c   0x00000018   Code   RO         8770    .text               c_w.l(noretval__2printf.o)
    0x08000234   0x08000234   0x00000028   Code   RO         8772    .text               c_w.l(noretval__2sprintf.o)
    0x0800025c   0x0800025c   0x0000004e   Code   RO         8776    .text               c_w.l(_printf_pad.o)
    0x080002aa   0x080002aa   0x00000002   PAD
    0x080002ac   0x080002ac   0x00000078   Code   RO         8778    .text               c_w.l(_printf_dec.o)
    0x08000324   0x08000324   0x00000058   Code   RO         8783    .text               c_w.l(_printf_hex_int.o)
    0x0800037c   0x0800037c   0x0000010e   Code   RO         8809    .text               c_w.l(__printf_wp.o)
    0x0800048a   0x0800048a   0x00000044   Code   RO         8824    .text               c_w.l(rt_memclr.o)
    0x080004ce   0x080004ce   0x0000004e   Code   RO         8826    .text               c_w.l(rt_memclr_w.o)
    0x0800051c   0x0800051c   0x00000006   Code   RO         8828    .text               c_w.l(heapauxi.o)
    0x08000522   0x08000522   0x00000002   Code   RO         8848    .text               c_w.l(use_no_semi.o)
    0x08000524   0x08000524   0x000000b2   Code   RO         8851    .text               c_w.l(_printf_intcommon.o)
    0x080005d6   0x080005d6   0x00000002   PAD
    0x080005d8   0x080005d8   0x00000030   Code   RO         8853    .text               c_w.l(_printf_char_common.o)
    0x08000608   0x08000608   0x0000000a   Code   RO         8855    .text               c_w.l(_sputc.o)
    0x08000612   0x08000612   0x00000002   PAD
    0x08000614   0x08000614   0x00000024   Code   RO         8857    .text               c_w.l(_printf_char_file.o)
    0x08000638   0x08000638   0x00000008   Code   RO         8882    .text               c_w.l(ferror.o)
    0x08000640   0x08000640   0x0000004a   Code   RO         8886    .text               c_w.l(sys_stackheap_outer.o)
    0x0800068a   0x0800068a   0x00000012   Code   RO         8888    .text               c_w.l(exit.o)
    0x0800069c   0x0800069c   0x00000008   Code   RO         8896    .text               c_w.l(libspace.o)
    0x080006a4   0x080006a4   0x00000014   Code   RO          197    i.ADC_Cmd           stm32f10x_adc.o
    0x080006b8   0x080006b8   0x0000000e   Code   RO          205    i.ADC_GetCalibrationStatus  stm32f10x_adc.o
    0x080006c6   0x080006c6   0x00000006   Code   RO          206    i.ADC_GetConversionValue  stm32f10x_adc.o
    0x080006cc   0x080006cc   0x0000000e   Code   RO          208    i.ADC_GetFlagStatus  stm32f10x_adc.o
    0x080006da   0x080006da   0x0000000e   Code   RO          211    i.ADC_GetResetCalibrationStatus  stm32f10x_adc.o
    0x080006e8   0x080006e8   0x00000048   Code   RO          215    i.ADC_Init          stm32f10x_adc.o
    0x08000730   0x08000730   0x00000074   Code   RO          219    i.ADC_RegularChannelConfig  stm32f10x_adc.o
    0x080007a4   0x080007a4   0x0000000a   Code   RO          220    i.ADC_ResetCalibration  stm32f10x_adc.o
    0x080007ae   0x080007ae   0x00000014   Code   RO          222    i.ADC_SoftwareStartConvCmd  stm32f10x_adc.o
    0x080007c2   0x080007c2   0x0000000a   Code   RO          224    i.ADC_StartCalibration  stm32f10x_adc.o
    0x080007cc   0x080007cc   0x00000034   Code   RO         3944    i.AD_GetValue       ad.o
    0x08000800   0x08000800   0x000000bc   Code   RO         3945    i.AD_Init           ad.o
    0x080008bc   0x080008bc   0x00000020   Code   RO         3891    i.BUZZER_SetState   myled.o
    0x080008dc   0x080008dc   0x00000002   Code   RO         8699    i.BusFault_Handler  stm32f10x_it.o
    0x080008de   0x080008de   0x00000002   Code   RO         8700    i.DebugMon_Handler  stm32f10x_it.o
    0x080008e0   0x080008e0   0x00000016   Code   RO         3173    i.Delay_ms          delay.o
    0x080008f6   0x080008f6   0x00000020   Code   RO         3175    i.Delay_us          delay.o
    0x08000916   0x08000916   0x00000002   PAD
    0x08000918   0x08000918   0x000000a2   Code   RO         1340    i.GPIO_Init         stm32f10x_gpio.o
    0x080009ba   0x080009ba   0x00000002   PAD
    0x080009bc   0x080009bc   0x00000058   Code   RO         1342    i.GPIO_PinRemapConfig  stm32f10x_gpio.o
    0x08000a14   0x08000a14   0x0000000e   Code   RO         1344    i.GPIO_ReadInputDataBit  stm32f10x_gpio.o
    0x08000a22   0x08000a22   0x00000004   Code   RO         1347    i.GPIO_ResetBits    stm32f10x_gpio.o
    0x08000a26   0x08000a26   0x00000004   Code   RO         1348    i.GPIO_SetBits      stm32f10x_gpio.o
    0x08000a2a   0x08000a2a   0x00000002   Code   RO         8701    i.HardFault_Handler  stm32f10x_it.o
    0x08000a2c   0x08000a2c   0x00000018   Code   RO         1454    i.I2C_CheckEvent    stm32f10x_i2c.o
    0x08000a44   0x08000a44   0x00000014   Code   RO         1457    i.I2C_Cmd           stm32f10x_i2c.o
    0x08000a58   0x08000a58   0x00000014   Code   RO         1464    i.I2C_GenerateSTART  stm32f10x_i2c.o
    0x08000a6c   0x08000a6c   0x00000014   Code   RO         1465    i.I2C_GenerateSTOP  stm32f10x_i2c.o
    0x08000a80   0x08000a80   0x000000bc   Code   RO         1471    i.I2C_Init          stm32f10x_i2c.o
    0x08000b3c   0x08000b3c   0x00000010   Code   RO         1478    i.I2C_Send7bitAddress  stm32f10x_i2c.o
    0x08000b4c   0x08000b4c   0x00000004   Code   RO         1479    i.I2C_SendData      stm32f10x_i2c.o
    0x08000b50   0x08000b50   0x00000014   Code   RO         3771    i.Key_GetNum        mykey.o
    0x08000b64   0x08000b64   0x00000050   Code   RO         3772    i.Key_GetState      mykey.o
    0x08000bb4   0x08000bb4   0x00000134   Code   RO         3773    i.Key_Tick          mykey.o
    0x08000ce8   0x08000ce8   0x000003a4   Code   RO         3892    i.LED_Tick          myled.o
    0x0800108c   0x0800108c   0x0000007c   Code   RO         3893    i.LEDx_SetMode      myled.o
    0x08001108   0x08001108   0x000000a0   Code   RO         3894    i.LEDx_SetState     myled.o
    0x080011a8   0x080011a8   0x00000002   Code   RO         8702    i.MemManage_Handler  stm32f10x_it.o
    0x080011aa   0x080011aa   0x00000002   PAD
    0x080011ac   0x080011ac   0x00000078   Code   RO         3774    i.My_Key_Init       mykey.o
    0x08001224   0x08001224   0x00000070   Code   RO         3896    i.My_LED_Init       myled.o
    0x08001294   0x08001294   0x00000002   Code   RO         8703    i.NMI_Handler       stm32f10x_it.o
    0x08001296   0x08001296   0x00000002   PAD
    0x08001298   0x08001298   0x00000064   Code   RO          132    i.NVIC_Init         misc.o
    0x080012fc   0x080012fc   0x00000014   Code   RO          133    i.NVIC_PriorityGroupConfig  misc.o
    0x08001310   0x08001310   0x00000080   Code   RO         3207    i.OLED_Init         iic_oled.o
    0x08001390   0x08001390   0x0000001e   Code   RO         3208    i.Oled_I2C_WaitEvent  iic_oled.o
    0x080013ae   0x080013ae   0x00000002   Code   RO         8704    i.PendSV_Handler    stm32f10x_it.o
    0x080013b0   0x080013b0   0x0000002c   Code   RO         3488    i.PrintfVarFormat   ui.o
    0x080013dc   0x080013dc   0x00000014   Code   RO         1766    i.RCC_ADCCLKConfig  stm32f10x_rcc.o
    0x080013f0   0x080013f0   0x00000018   Code   RO         1768    i.RCC_APB1PeriphClockCmd  stm32f10x_rcc.o
    0x08001408   0x08001408   0x00000018   Code   RO         1770    i.RCC_APB2PeriphClockCmd  stm32f10x_rcc.o
    0x08001420   0x08001420   0x00000090   Code   RO         1778    i.RCC_GetClocksFreq  stm32f10x_rcc.o
    0x080014b0   0x080014b0   0x00000002   Code   RO         8705    i.SVC_Handler       stm32f10x_it.o
    0x080014b2   0x080014b2   0x00000002   PAD
    0x080014b4   0x080014b4   0x000000a8   Code   RO           24    i.SetSysClockTo72   system_stm32f10x.o
    0x0800155c   0x0800155c   0x00000002   Code   RO         8706    i.SysTick_Handler   stm32f10x_it.o
    0x0800155e   0x0800155e   0x00000002   PAD
    0x08001560   0x08001560   0x00000050   Code   RO           26    i.SystemInit        system_stm32f10x.o
    0x080015b0   0x080015b0   0x00000026   Code   RO         8640    i.TIM2_IRQHandler   main.o
    0x080015d6   0x080015d6   0x00000062   Code   RO         3347    i.TIM2_Int_Init     timer2.o
    0x08001638   0x08001638   0x00000006   Code   RO         2405    i.TIM_ClearFlag     stm32f10x_tim.o
    0x0800163e   0x0800163e   0x00000006   Code   RO         2406    i.TIM_ClearITPendingBit  stm32f10x_tim.o
    0x08001644   0x08001644   0x00000014   Code   RO         2411    i.TIM_Cmd           stm32f10x_tim.o
    0x08001658   0x08001658   0x00000018   Code   RO         2432    i.TIM_GetITStatus   stm32f10x_tim.o
    0x08001670   0x08001670   0x00000010   Code   RO         2436    i.TIM_ITConfig      stm32f10x_tim.o
    0x08001680   0x08001680   0x0000009c   Code   RO         2482    i.TIM_TimeBaseInit  stm32f10x_tim.o
    0x0800171c   0x0800171c   0x00000064   Code   RO         3445    i.USART1_IRQHandler  usart.o
    0x08001780   0x08001780   0x00000014   Code   RO         2937    i.USART_Cmd         stm32f10x_usart.o
    0x08001794   0x08001794   0x0000003e   Code   RO         2941    i.USART_GetITStatus  stm32f10x_usart.o
    0x080017d2   0x080017d2   0x00000030   Code   RO         2943    i.USART_ITConfig    stm32f10x_usart.o
    0x08001802   0x08001802   0x00000002   PAD
    0x08001804   0x08001804   0x000000ac   Code   RO         2944    i.USART_Init        stm32f10x_usart.o
    0x080018b0   0x080018b0   0x00000008   Code   RO         2951    i.USART_ReceiveData  stm32f10x_usart.o
    0x080018b8   0x080018b8   0x00000002   Code   RO         8707    i.UsageFault_Handler  stm32f10x_it.o
    0x080018ba   0x080018ba   0x0000000e   Code   RO         8811    i._is_digit         c_w.l(__printf_wp.o)
    0x080018c8   0x080018c8   0x00000002   Code   RO         3446    i._sys_exit         usart.o
    0x080018ca   0x080018ca   0x00000002   PAD
    0x080018cc   0x080018cc   0x00000208   Code   RO         3489    i.advalue_proc      ui.o
    0x08001ad4   0x08001ad4   0x000000d4   Code   RO         3490    i.checkRock1AdX_add  ui.o
    0x08001ba8   0x08001ba8   0x000000cc   Code   RO         3491    i.checkRock1AdX_dec  ui.o
    0x08001c74   0x08001c74   0x00000018   Code   RO         3447    i.fputc             usart.o
    0x08001c8c   0x08001c8c   0x000001e0   Code   RO         3493    i.led_proc          ui.o
    0x08001e6c   0x08001e6c   0x00000138   Code   RO         3494    i.led_ui_show       ui.o
    0x08001fa4   0x08001fa4   0x000000b8   Code   RO         8641    i.main              main.o
    0x0800205c   0x0800205c   0x0000019c   Code   RO         3495    i.menu_proc         ui.o
    0x080021f8   0x080021f8   0x00000050   Code   RO         3496    i.menu_ui_show      ui.o
    0x08002248   0x08002248   0x0000008c   Code   RO         3497    i.pic_proc          ui.o
    0x080022d4   0x080022d4   0x00000024   Code   RO         3498    i.pic_ui_show       ui.o
    0x080022f8   0x080022f8   0x000002fc   Code   RO         3499    i.setting_proc      ui.o
    0x080025f4   0x080025f4   0x00000138   Code   RO         3500    i.setting_ui_show   ui.o
    0x0800272c   0x0800272c   0x00000012   Code   RO         4726    i.u8g2_ClearBuffer  u8g2_buffer.o
    0x0800273e   0x0800273e   0x00000044   Code   RO         4696    i.u8g2_DrawBox      u8g2_box.o
    0x08002782   0x08002782   0x00000040   Code   RO         4821    i.u8g2_DrawDisc     u8g2_circle.o
    0x080027c2   0x080027c2   0x0000006e   Code   RO         4929    i.u8g2_DrawGlyph    u8g2_font.o
    0x08002830   0x08002830   0x0000000c   Code   RO         7183    i.u8g2_DrawHLine    u8g2_hvline.o
    0x0800283c   0x0800283c   0x000000ac   Code   RO         7184    i.u8g2_DrawHVLine   u8g2_hvline.o
    0x080028e8   0x080028e8   0x00000094   Code   RO         4650    i.u8g2_DrawHXBMP    u8g2_bitmap.o
    0x0800297c   0x0800297c   0x000000e6   Code   RO         4698    i.u8g2_DrawRBox     u8g2_box.o
    0x08002a62   0x08002a62   0x00000002   PAD
    0x08002a64   0x08002a64   0x00000010   Code   RO         4931    i.u8g2_DrawStr      u8g2_font.o
    0x08002a74   0x08002a74   0x0000000c   Code   RO         7186    i.u8g2_DrawVLine    u8g2_hvline.o
    0x08002a80   0x08002a80   0x0000004c   Code   RO         4653    i.u8g2_DrawXBMP     u8g2_bitmap.o
    0x08002acc   0x08002acc   0x00000030   Code   RO         7245    i.u8g2_IsIntersection  u8g2_intersection.o
    0x08002afc   0x08002afc   0x00000012   Code   RO         4729    i.u8g2_SendBuffer   u8g2_buffer.o
    0x08002b0e   0x08002b0e   0x00000010   Code   RO         7187    i.u8g2_SetDrawColor  u8g2_hvline.o
    0x08002b1e   0x08002b1e   0x00000020   Code   RO         4947    i.u8g2_SetFont      u8g2_font.o
    0x08002b3e   0x08002b3e   0x00000002   PAD
    0x08002b40   0x08002b40   0x0000000c   Code   RO         4950    i.u8g2_SetFontPosBaseline  u8g2_font.o
    0x08002b4c   0x08002b4c   0x0000001c   Code   RO         7433    i.u8g2_SetMaxClipWindow  u8g2_setup.o
    0x08002b68   0x08002b68   0x00000046   Code   RO         7434    i.u8g2_SetupBuffer  u8g2_setup.o
    0x08002bae   0x08002bae   0x00000002   PAD
    0x08002bb0   0x08002bb0   0x00000038   Code   RO         4915    i.u8g2_Setup_ssd1306_i2c_128x64_noname_f  u8g2_d_setup.o
    0x08002be8   0x08002be8   0x00000052   Code   RO         4957    i.u8g2_UpdateRefHeight  u8g2_font.o
    0x08002c3a   0x08002c3a   0x0000001c   Code   RO         4958    i.u8g2_add_vector_x  u8g2_font.o
    0x08002c56   0x08002c56   0x0000001c   Code   RO         4959    i.u8g2_add_vector_y  u8g2_font.o
    0x08002c72   0x08002c72   0x0000006e   Code   RO         7436    i.u8g2_apply_clip_window  u8g2_setup.o
    0x08002ce0   0x08002ce0   0x0000003c   Code   RO         7188    i.u8g2_clip_intersection2  u8g2_hvline.o
    0x08002d1c   0x08002d1c   0x0000006a   Code   RO         4826    i.u8g2_draw_disc    u8g2_circle.o
    0x08002d86   0x08002d86   0x000000cc   Code   RO         4827    i.u8g2_draw_disc_section  u8g2_circle.o
    0x08002e52   0x08002e52   0x00000012   Code   RO         7189    i.u8g2_draw_hv_line_2dir  u8g2_hvline.o
    0x08002e64   0x08002e64   0x0000000c   Code   RO         7438    i.u8g2_draw_l90_r0  u8g2_setup.o
    0x08002e70   0x08002e70   0x00000076   Code   RO         4960    i.u8g2_draw_string  u8g2_font.o
    0x08002ee6   0x08002ee6   0x00000004   Code   RO         4966    i.u8g2_font_calc_vref_font  u8g2_font.o
    0x08002eea   0x08002eea   0x00000014   Code   RO         4968    i.u8g2_font_decode_get_signed_bits  u8g2_font.o
    0x08002efe   0x08002efe   0x00000034   Code   RO         4969    i.u8g2_font_decode_get_unsigned_bits  u8g2_font.o
    0x08002f32   0x08002f32   0x00000002   PAD
    0x08002f34   0x08002f34   0x00000114   Code   RO         4970    i.u8g2_font_decode_glyph  u8g2_font.o
    0x08003048   0x08003048   0x0000008c   Code   RO         4971    i.u8g2_font_decode_len  u8g2_font.o
    0x080030d4   0x080030d4   0x00000072   Code   RO         4972    i.u8g2_font_get_glyph_data  u8g2_font.o
    0x08003146   0x08003146   0x00000014   Code   RO         4973    i.u8g2_font_get_word  u8g2_font.o
    0x0800315a   0x0800315a   0x00000034   Code   RO         4974    i.u8g2_font_setup_decode  u8g2_font.o
    0x0800318e   0x0800318e   0x00000018   Code   RO         7246    i.u8g2_is_intersection_decision_tree  u8g2_intersection.o
    0x080031a6   0x080031a6   0x00000002   PAD
    0x080031a8   0x080031a8   0x00000090   Code   RO         7294    i.u8g2_ll_hvline_vertical_top_lsb  u8g2_ll_hvline.o
    0x08003238   0x08003238   0x0000000c   Code   RO         4902    i.u8g2_m_16_8_f     u8g2_d_memory.o
    0x08003244   0x08003244   0x0000006a   Code   RO         4975    i.u8g2_read_font_info  u8g2_font.o
    0x080032ae   0x080032ae   0x0000004e   Code   RO         4737    i.u8g2_send_buffer  u8g2_buffer.o
    0x080032fc   0x080032fc   0x00000046   Code   RO         7443    i.u8g2_update_dimension_common  u8g2_setup.o
    0x08003342   0x08003342   0x00000004   Code   RO         7444    i.u8g2_update_dimension_r0  u8g2_setup.o
    0x08003346   0x08003346   0x00000022   Code   RO         7448    i.u8g2_update_page_win_r0  u8g2_setup.o
    0x08003368   0x08003368   0x0000001e   Code   RO         8221    i.u8x8_DrawTile     u8x8_display.o
    0x08003386   0x08003386   0x00000010   Code   RO         8223    i.u8x8_InitDisplay  u8x8_display.o
    0x08003396   0x08003396   0x00000010   Code   RO         8225    i.u8x8_RefreshDisplay  u8x8_display.o
    0x080033a6   0x080033a6   0x00000010   Code   RO         8228    i.u8x8_SetPowerSave  u8x8_display.o
    0x080033b6   0x080033b6   0x00000022   Code   RO         8527    i.u8x8_Setup        u8x8_setup.o
    0x080033d8   0x080033d8   0x00000024   Code   RO         8528    i.u8x8_SetupDefaults  u8x8_setup.o
    0x080033fc   0x080033fc   0x00000010   Code   RO         8229    i.u8x8_SetupMemory  u8x8_display.o
    0x0800340c   0x0800340c   0x0000000e   Code   RO         7728    i.u8x8_ascii_next   u8x8_8x8.o
    0x0800341a   0x0800341a   0x00000010   Code   RO         7853    i.u8x8_byte_EndTransfer  u8x8_byte.o
    0x0800342a   0x0800342a   0x0000000e   Code   RO         7854    i.u8x8_byte_SendByte  u8x8_byte.o
    0x08003438   0x08003438   0x00000010   Code   RO         7857    i.u8x8_byte_StartTransfer  u8x8_byte.o
    0x08003448   0x08003448   0x000000b8   Code   RO         3501    i.u8x8_byte_hw_i2c  ui.o
    0x08003500   0x08003500   0x00000010   Code   RO         7973    i.u8x8_cad_EndTransfer  u8x8_cad.o
    0x08003510   0x08003510   0x00000010   Code   RO         7974    i.u8x8_cad_SendArg  u8x8_cad.o
    0x08003520   0x08003520   0x00000010   Code   RO         7975    i.u8x8_cad_SendCmd  u8x8_cad.o
    0x08003530   0x08003530   0x00000010   Code   RO         7976    i.u8x8_cad_SendData  u8x8_cad.o
    0x08003540   0x08003540   0x00000068   Code   RO         7978    i.u8x8_cad_SendSequence  u8x8_cad.o
    0x080035a8   0x080035a8   0x00000010   Code   RO         7979    i.u8x8_cad_StartTransfer  u8x8_cad.o
    0x080035b8   0x080035b8   0x000000bc   Code   RO         7982    i.u8x8_cad_ssd13xx_fast_i2c  u8x8_cad.o
    0x08003674   0x08003674   0x00000060   Code   RO         8230    i.u8x8_d_helper_display_init  u8x8_display.o
    0x080036d4   0x080036d4   0x0000000a   Code   RO         8231    i.u8x8_d_helper_display_setup_memory  u8x8_display.o
    0x080036de   0x080036de   0x00000002   PAD
    0x080036e0   0x080036e0   0x0000003c   Code   RO         8155    i.u8x8_d_ssd1306_128x64_noname  u8x8_d_ssd1306_128x64_noname.o
    0x0800371c   0x0800371c   0x000000c8   Code   RO         8157    i.u8x8_d_ssd1306_sh1106_generic  u8x8_d_ssd1306_128x64_noname.o
    0x080037e4   0x080037e4   0x00000004   Code   RO         8530    i.u8x8_dummy_cb     u8x8_setup.o
    0x080037e8   0x080037e8   0x00000094   Code   RO         3502    i.u8x8_gpio_and_delay  ui.o
    0x0800387c   0x0800387c   0x0000000c   Code   RO         8449    i.u8x8_gpio_call    u8x8_gpio.o
    0x08003888   0x08003888   0x0000002c   Code   RO         7990    i.u8x8_i2c_data_transfer  u8x8_cad.o
    0x080038b4   0x080038b4   0x00000008   Code   RO         7736    i.u8x8_utf8_init    u8x8_8x8.o
    0x080038bc   0x080038bc   0x000000a0   Code   RO         3448    i.uart_init         usart.o
    0x0800395c   0x0800395c   0x00000044   Code   RO         3503    i.ui_proc           ui.o
    0x080039a0   0x080039a0   0x00000034   Code   RO         3504    i.ui_run            ui.o
    0x080039d4   0x080039d4   0x000000af   Data   RO         3749    .constdata          ui_bmp_data.o
    0x08003a83   0x08003a83   0x000000b9   Data   RO         3750    .constdata          ui_bmp_data.o
    0x08003b3c   0x08003b3c   0x000000b4   Data   RO         3751    .constdata          ui_bmp_data.o
    0x08003bf0   0x08003bf0   0x000008fd   Data   RO         5449    .constdata          u8g2_fonts.o
    0x080044ed   0x080044ed   0x00000e71   Data   RO         5562    .constdata          u8g2_fonts.o
    0x0800535e   0x0800535e   0x00000002   PAD
    0x08005360   0x08005360   0x0000000c   Data   RO         7452    .constdata          u8g2_setup.o
    0x0800536c   0x0800536c   0x00000158   Data   RO         8159    .constdata          u8x8_d_ssd1306_128x64_noname.o
    0x080054c4   0x080054c4   0x00000028   Data   RO         8784    .constdata          c_w.l(_printf_hex_int.o)
    0x080054ec   0x080054ec   0x0000005a   Data   RO         3506    .conststring        ui.o
    0x08005546   0x08005546   0x00000002   PAD
    0x08005548   0x08005548   0x00000020   Data   RO         9021    Region$$Table       anon$$obj.o


    Execution Region RW_IRAM1 (Exec base: 0x20000000, Load base: 0x08005568, Size: 0x00000d10, Max: 0x00005000, ABSOLUTE, COMPRESSED[0x00000074])

    Exec Addr    Load Addr    Size         Type   Attr      Idx    E Section Name        Object

    0x20000000   COMPRESSED   0x00000014   Data   RW         1798    .data               stm32f10x_rcc.o
    0x20000014   COMPRESSED   0x00000002   Data   RW         3450    .data               usart.o
    0x20000016   COMPRESSED   0x00000002   PAD
    0x20000018   COMPRESSED   0x00000004   Data   RW         3451    .data               usart.o
    0x2000001c   COMPRESSED   0x000000e0   Data   RW         3507    .data               ui.o
    0x200000fc   COMPRESSED   0x00000010   Data   RW         3775    .data               mykey.o
    0x2000010c   COMPRESSED   0x0000001c   Data   RW         3897    .data               myled.o
    0x20000128   COMPRESSED   0x00000006   Data   RW         7992    .data               u8x8_cad.o
    0x2000012e   COMPRESSED   0x00000001   Data   RW         8643    .data               main.o
    0x2000012f   COMPRESSED   0x00000001   PAD
    0x20000130        -       0x000000c8   Zero   RW         3449    .bss                usart.o
    0x200001f8        -       0x00000020   Zero   RW         3505    .bss                ui.o
    0x20000218        -       0x00000400   Zero   RW         4903    .bss                u8g2_d_memory.o
    0x20000618        -       0x00000094   Zero   RW         8642    .bss                main.o
    0x200006ac        -       0x00000060   Zero   RW         8897    .bss                c_w.l(libspace.o)
    0x2000070c   COMPRESSED   0x00000004   PAD
    0x20000710        -       0x00000200   Zero   RW            2    HEAP                startup_stm32f10x_md.o
    0x20000910        -       0x00000400   Zero   RW            1    STACK               startup_stm32f10x_md.o


==============================================================================

Image component sizes


      Code (inc. data)   RO Data    RW Data    ZI Data      Debug   Object Name

       240         20          0          0          0     220788   ad.o
         0          0          0          0          0       4516   core_cm3.o
        54          0          0          0          0       1268   delay.o
       158         14          0          0          0     220014   iic_oled.o
       222         52          0          1        148       1567   main.o
       120         16          0          0          0     204855   misc.o
         0          0          0          0          0     159310   mui_u8g2.o
       528         36          0         16          0      11811   mykey.o
      1360         54          0         28          0       5749   myled.o
        64         26        236          0       1536        848   startup_stm32f10x_md.o
       296         10          0          0          0      18685   stm32f10x_adc.o
       272          6          0          0          0      12638   stm32f10x_gpio.o
       292         10          0          0          0      13866   stm32f10x_i2c.o
        18          0          0          0          0       3958   stm32f10x_it.o
       212         34          0         20          0      13693   stm32f10x_rcc.o
       228         42          0          0          0      25293   stm32f10x_tim.o
       310          6          0          0          0      11010   stm32f10x_usart.o
       248         24          0          0          0      24717   system_stm32f10x.o
        98          0          0          0          0     233176   timer2.o
       224          0          0          0          0       2121   u8g2_bitmap.o
       298          0          0          0          0       1615   u8g2_box.o
       114          0          0          0          0       2531   u8g2_buffer.o
       374          0          0          0          0       3580   u8g2_circle.o
        12          4          0          0       1024        872   u8g2_d_memory.o
        56         14          0          0          0       1077   u8g2_d_setup.o
      1210         10          0          0          0      13952   u8g2_font.o
         0          0       5998          0          0     145419   u8g2_fonts.o
       290          0          0          0          0       4309   u8g2_hvline.o
        72          0          0          0          0       1935   u8g2_intersection.o
       144          0          0          0          0       1414   u8g2_ll_hvline.o
       328          0         12          0          0     146919   u8g2_setup.o
        22          0          0          0          0       1865   u8x8_8x8.o
        46          0          0          0          0       1703   u8x8_byte.o
       416         12          0          6          0       8912   u8x8_cad.o
       260         12        344          0          0       3151   u8x8_d_ssd1306_128x64_noname.o
       200          0          0          0          0       4438   u8x8_display.o
        12          0          0          0          0        597   u8x8_gpio.o
        74          4          0          0          0       1782   u8x8_setup.o
      3968        474         90        224         32     179064   ui.o
         0          0        540          0          0        747   ui_bmp_data.o
       286         26          0          6        200       4148   usart.o

    ----------------------------------------------------------------------
     13154        906       7256        304       2940    1719913   Object Totals
         0          0         32          0          0          0   (incl. Generated)
        28          0          4          3          0          0   (incl. Padding)

    ----------------------------------------------------------------------

      Code (inc. data)   RO Data    RW Data    ZI Data      Debug   Library Member Name

        90          0          0          0          0          0   __dczerorl2.o
         8          0          0          0          0         68   __main.o
       284          0          0          0          0        156   __printf_wp.o
         0          0          0          0          0          0   __rtentry.o
        12          0          0          0          0          0   __rtentry2.o
         6          0          0          0          0          0   __rtentry4.o
        52          8          0          0          0          0   __scatter.o
        28          0          0          0          0          0   __scatter_zi.o
        48          6          0          0          0         96   _printf_char_common.o
        36          4          0          0          0         80   _printf_char_file.o
         6          0          0          0          0          0   _printf_d.o
       120         16          0          0          0         92   _printf_dec.o
        88          4         40          0          0         88   _printf_hex_int.o
       178          0          0          0          0         88   _printf_intcommon.o
        78          0          0          0          0        108   _printf_pad.o
         0          0          0          0          0          0   _printf_percent.o
         4          0          0          0          0          0   _printf_percent_end.o
         6          0          0          0          0          0   _printf_x.o
        10          0          0          0          0         68   _sputc.o
        18          0          0          0          0         80   exit.o
         8          0          0          0          0         68   ferror.o
         6          0          0          0          0        152   heapauxi.o
         2          0          0          0          0          0   libinit.o
         2          0          0          0          0          0   libinit2.o
         2          0          0          0          0          0   libshutdown.o
         2          0          0          0          0          0   libshutdown2.o
         8          4          0          0         96         68   libspace.o
        24          4          0          0          0         84   noretval__2printf.o
        40          6          0          0          0         84   noretval__2sprintf.o
        68          0          0          0          0         68   rt_memclr.o
        78          0          0          0          0         80   rt_memclr_w.o
         2          0          0          0          0          0   rtexit.o
        10          0          0          0          0          0   rtexit2.o
        74          0          0          0          0         80   sys_stackheap_outer.o
         2          0          0          0          0         68   use_no_semi.o
         2          0          0          0          0         68   use_no_semi_2.o

    ----------------------------------------------------------------------
      1414         52         40          0        100       1744   Library Totals
        12          0          0          0          4          0   (incl. Padding)

    ----------------------------------------------------------------------

      Code (inc. data)   RO Data    RW Data    ZI Data      Debug   Library Name

      1402         52         40          0         96       1744   c_w.l

    ----------------------------------------------------------------------
      1414         52         40          0        100       1744   Library Totals

    ----------------------------------------------------------------------

==============================================================================


      Code (inc. data)   RO Data    RW Data    ZI Data      Debug   

     14568        958       7296        304       3040    1712761   Grand Totals
     14568        958       7296        116       3040    1712761   ELF Image Totals (compressed)
     14568        958       7296        116          0          0   ROM Totals

==============================================================================

    Total RO  Size (Code + RO Data)                21864 (  21.35kB)
    Total RW  Size (RW Data + ZI Data)              3344 (   3.27kB)
    Total ROM Size (Code + RO Data + RW Data)      21980 (  21.46kB)

==============================================================================

